Microchip MPLAB XC8 Compiler V2.32

Linker command line:

-W-3 --edf=C:\Program Files\Microchip\xc8\v2.32\pic\dat\en_msgs.txt -cn \
  -h+dist/default/production\Ethernet.X.production.sym \
  --cmf=dist/default/production\Ethernet.X.production.cmf -z -Q18LF46K22 \
  -oC:\Users\kolel\AppData\Local\Temp\xcAsees.4 --defsym=__MPLAB_BUILD=1 \
  -Mdist/default/production/Ethernet.X.production.map -E1 -ver=XC8 Compiler \
  --acfsm=1493 -ASTACK=0E8Ah-0F37h -pstack=STACK -ACODE=00h-0FFFFh \
  -ACONST=00h-0FFFFh -ASMALLCONST=01000h-010FFhx240 \
  -AMEDIUMCONST=01000h-0FFFFh -ACOMRAM=01h-05Fh -AABS1=00h-0F37h \
  -ABIGRAM=01h-0F37h -ARAM=060h-0FFh,0100h-01FFhx14,0F00h-0F37h \
  -ABANK0=060h-0FFh -ABANK1=0100h-01FFh -ABANK2=0200h-02FFh \
  -ABANK3=0300h-03FFh -ABANK4=0400h-04FFh -ABANK5=0500h-05FFh \
  -ABANK6=0600h-06FFh -ABANK7=0700h-07FFh -ABANK8=0800h-08FFh \
  -ABANK9=0900h-09FFh -ABANK10=0A00h-0AFFh -ABANK11=0B00h-0BFFh \
  -ABANK12=0C00h-0CFFh -ABANK13=0D00h-0DFFh -ABANK14=0E00h-0EFFh \
  -ABANK15=0F00h-0F37h -ASFR=0F38h-0F5Fh,0F60h-0FFFh \
  -ACONFIG=0300000h-030000Dh -AIDLOC=0200000h-0200007h \
  -AEEDATA=0F00000h-0F003FFh -peeprom_data=EEDATA \
  -preset_vec=00h,intcode=08h,intcodelo,powerup,init -pramtop=01000h \
  -psmallconst=SMALLCONST -pmediumconst=MEDIUMCONST -pconst=CONST \
  -AFARRAM=00h-00h \
  -prdata=COMRAM,nvrram=COMRAM,nvbit=COMRAM,rbss=COMRAM,rbit=COMRAM \
  -pfarbss=FARRAM,fardata=FARRAM,nvFARRAM=FARRAM \
  -pintsave_regs=BIGRAM,bigbss=BIGRAM,bigdata=BIGRAM -pbss=RAM \
  -pidata=CODE,irdata=CODE,ibigdata=CODE,ifardata=CODE -prparam=COMRAM \
  C:\Users\kolel\AppData\Local\Temp\xcAsees.o \
  dist/default/production\Ethernet.X.production.o 

Object code version is 3.11

Machine type is 18LF46K22



                Name                               Link     Load   Length Selector   Space Scale
C:\Users\kolel\AppData\Local\Temp\xcAsees.o
                idloc                            200000   200000        8        0       5
                config                           300000   300000        E        0       4
                init                                 BE       BE        4        4       0
                reset_vec                             0        0        4        0       0
dist/default/production\Ethernet.X.production.o
                intcode                               8        8       B6        4       0
                idloc                            200000   200000        8        0       5
                config                           300000   300000        E        0       4
                temp                                 59       59        1        1       1
                mediumconst                        FC30     FC30      3D0     7E18       0
                text187                            DAA8     DAA8       2E     6B1F       0
                text186                            DF5E     DF5E        6     6F1D       0
                text185                            DF6E     DF6E        2     6F1D       0
                text184                            DF58     DF58        6     6F1D       0
                text183                            BFA8     BFA8       C2        4       0
                text182                            DF6C     DF6C        2     6F1D       0
                text181                            D582     D582       40        4       0
                text180                            DDE0     DDE0       18     6B1F       0
                text179                            DF6A     DF6A        2     6F1D       0
                text178                            DA7A     DA7A       2E     6B1F       0
                text177                            DBCE     DBCE       28     6B1F       0
                text176                            D72A     D72A       3A     6B1F       0
                text174                            DBA6     DBA6       28     6B1F       0
                text173                            DE0E     DE0E       16     6B1F       0
                text172                            D6F0     D6F0       3A     6B1F       0
                text171                            CDBE     CDBE       62        4       0
                text170                            BAEC     BAEC       DA        4       0
                text169                            DE62     DE62       14     6F1D       0
                text168                            D9BC     D9BC       32     6B1F       0
                text167                            DE4E     DE4E       14     6F1D       0
                text166                            DE3A     DE3A       14     6F1D       0
                text165                            DDC8     DDC8       18     6B1F       0
                text164                            C47A     C47A       A8        4       0
                text163                            AD72     AD72      10C        4       0
                text162                            CEE0     CEE0       60        4       0
                text161                            D8EA     D8EA       36     6B1F       0
                text160                            DD96     DD96       1A     6B1F       0
                text159                            D0B4     D0B4       5C        4       0
                text158                            DD26     DD26       1E     6B1F       0
                text157                            DD08     DD08       1E     6B1F       0
                text156                            D5C2     D5C2       3E        4       0
                text155                            DCCA     DCCA       20     6B1F       0
                text154                            DCEA     DCEA       1E     6B1F       0
                text153                            D432     D432       46        4       0
                text152                            DB54     DB54       2A     6B1F       0
                text151                            AC5E     AC5E      114        4       0
                text150                            D8B4     D8B4       36     6B1F       0
                text149                            C3D2     C3D2       A8        4       0
                text148                            DBF6     DBF6       26     6B1F       0
                text147                            87D6     87D6      220        4       0
                text146                            AF86     AF86      108        4       0
                text145                            CAB8     CAB8       7E        4       0
                text144                            B488     B488       F2        4       0
                text143                            D358     D358       4E        4       0
                text142                            9220     9220      1FA        4       0
                text141                            DEB8     DEB8       10     6F1D       0
                text140                            82C4     82C4      28E        4       0
                text139                            D308     D308       50        4       0
                text138                            4F2C     4F2C      74E        4       0
                text137                            D1BE     D1BE       56        4       0
                text136                            C6F4     C6F4       96        4       0
                text135                            DDF8     DDF8       16     6B1F       0
                text134                            A7CE     A7CE      136        4       0
                text133                            D058     D058       5C        4       0
                text132                            CBB0     CBB0       6E        4       0
                text131                            9F84     9F84      174        4       0
                text130                            DB2A     DB2A       2A     6B1F       0
                text129                            DEA8     DEA8       10     6F1D       0
                text128                            C9B8     C9B8       82        4       0
                text127                            95E0     95E0      1BE        4       0
                text126                            C5C2     C5C2       9A        4       0
                text125                            CC8A     CC8A       6C        4       0
                text124                            8004     8004      2C0        4       0
                text123                            DCA8     DCA8       22     6B1F       0
                text122                            DA4C     DA4C       2E     6B1F       0
                text121                            DD7C     DD7C       1A     6B1F       0
                text120                            8552     8552      284        4       0
                text119                            9E0E     9E0E      176        4       0
                text118                            AE7E     AE7E      108        4       0
                text117                            B66A     B66A       F0        4       0
                text116                            AB44     AB44      11A        4       0
                text115                            567A     567A      730        4       0
                text114                            A0F8     A0F8      170        4       0
                text113                            CC1E     CC1E       6C        4       0
                text112                            DC40     DC40       24     6B1F       0
                text111                            DEEE     DEEE        C     6F1D       0
                text110                              C2       C2     1ADA        4       0
                text109                            941A     941A      1C6        4       0
                text108                            642C     642C      4E4        4       0
                text107                            DE98     DE98       10     6F1D       0
                text106                            DF40     DF40        A     6F1D       0
                text105                            DE88     DE88       10     6F1D       0
                text104                            DEE2     DEE2        C     6F1D       0
                text103                            D67A     D67A       3C     6B1F       0
                text102                            BD60     BD60       C4        4       0
                text101                            C1D0     C1D0       B0        4       0
                text100                            76B4     76B4      39A        4       0
                text99                             C280     C280       AA        4       0
                text98                             B194     B194      104        4       0
                text97                             728A     728A      42A        4       0
                text96                             D87C     D87C       38     6B1F       0
                text95                             6910     6910      4C0        4       0
                text94                             D3EC     D3EC       46        4       0
                text93                             B08E     B08E      106        4       0
                text92                             B298     B298       FE        4       0
                text91                             89F6     89F6      212        4       0
                text90                             D63E     D63E       3C     6B1F       0
                text89                             D844     D844       38     6B1F       0
                text88                             DF68     DF68        2     6F1D       0
                text87                             BC96     BC96       CA        4       0
                text86                             D4BC     D4BC       44        4       0
                text85                             D2B8     D2B8       50        4       0
                text84                             BEE6     BEE6       C2        4       0
                text83                             CF9E     CF9E       5E        4       0
                text82                             D80C     D80C       38     6B1F       0
                text81                             CF40     CF40       5E        4       0
                text80                             3A76     3A76      B80        4       0
                text79                             D7D4     D7D4       38     6B1F       0
                text78                             D266     D266       52        4       0
                text77                             9AEC     9AEC      19A        4       0
                text76                             9C86     9C86      188        4       0
                text75                             A3CE     A3CE      164        4       0
                text74                             D542     D542       40        4       0
                text73                             7A4E     7A4E      2E0        4       0
                text72                             CE80     CE80       60        4       0
                text71                             2E14     2E14      C62        4       0
                text70                             9952     9952      19A        4       0
                text69                             A268     A268      166        4       0
                text68                             B57A     B57A       F0        4       0
                text67                             BBC6     BBC6       D0        4       0
                text66                             901E     901E      202        4       0
                text65                             7D2E     7D2E      2D6        4       0
                text64                             1B9C     1B9C     1278        4       0
                text63                             CD5A     CD5A       64        4       0
                text62                             D214     D214       52        4       0
                text61                             5DAA     5DAA      682        4       0
                text60                             DEC8     DEC8        E     6F1D       0
                text59                             A532     A532      15E        4       0
                text58                             8E16     8E16      208        4       0
                text57                             C81E     C81E       90        4       0
                text56                             A690     A690      13E        4       0
                text55                             DF36     DF36        A     6F1D       0
                text54                             DF2C     DF2C        A     6F1D       0
                text53                             DF22     DF22        A     6F1D       0
                text52                             DF18     DF18        A     6F1D       0
                text51                             CE20     CE20       60        4       0
                text50                             DF64     DF64        4     6F1D       0
                text49                             CB36     CB36       7A        4       0
                text48                             D988     D988       34     6B1F       0
                text47                             D6B6     D6B6       3A     6B1F       0
                text46                             C11E     C11E       B2        4       0
                text45                             DF4A     DF4A        8     6F1D       0
                text44                             D79C     D79C       38     6B1F       0
                text43                             DDB0     DDB0       18     6B1F       0
                text42                             D168     D168       56        4       0
                text41                             DED6     DED6        C     6F1D       0
                text40                             DF0E     DF0E        A     6F1D       0
                text39                             8C08     8C08      20E        4       0
                text38                             C78A     C78A       94        4       0
                text37                             DF52     DF52        6     6F1D       0
                text36                             DB7E     DB7E       28     6B1F       0
                text35                             BE24     BE24       C2        4       0
                text34                             DD60     DD60       1C     6B1F       0
                text33                             DB00     DB00       2A     6B1F       0
                text32                             DF04     DF04        A     6F1D       0
                text31                             D9EE     D9EE       30     6B1F       0
                text30                             DC1C     DC1C       24     6B1F       0
                text29                             DC86     DC86       22     6B1F       0
                text28                             DD44     DD44       1C     6B1F       0
                text27                             D500     D500       42        4       0
                text26                             DE76     DE76       12     6F1D       0
                text25                             DEFA     DEFA        A     6F1D       0
                text24                             D764     D764       38     6B1F       0
                text23                             DAD6     DAD6       2A     6B1F       0
                text22                             DC64     DC64       22     6B1F       0
                text21                             C522     C522       A0        4       0
                text20                             B396     B396       F2        4       0
                text19                             C934     C934       84        4       0
                text18                             D3A6     D3A6       46        4       0
                text17                             CCF6     CCF6       64        4       0
                text16                             DA1E     DA1E       2E     6B1F       0
                text15                             C06A     C06A       B4        4       0
                text14                             CA3A     CA3A       7E        4       0
                text13                             C32A     C32A       A8        4       0
                text12                             C65C     C65C       98        4       0
                text11                             D954     D954       34     6B1F       0
                text10                             AA26     AA26      11E        4       0
                text9                              D478     D478       44        4       0
                text8                              CFFC     CFFC       5C        4       0
                text7                              A904     A904      122        4       0
                text6                              B92C     B92C       E4        4       0
                text5                              D920     D920       34     6B1F       0
                text4                              979E     979E      1B4        4       0
                text3                              C8AE     C8AE       86        4       0
                text2                              BA10     BA10       DC        4       0
                text1                              45F6     45F6      936        4       0
                text0                              B844     B844       E8        4       0
                cstackCOMRAM                          1        1       52        1       1
                cstackBANK0                          60       60       A0       60       1
                cstackBANK1                         100      100       D7      100       1
                cstackBANK2                         2FB      2FB        1      200       1
                dataBIGRAM                          5E8      5E8      4BA      5E8       1
                bssBIGRAM                           AA2      AA2      3E8      5E8       1
                bssBANK5                            500      500       E8      500       1
                dataBANK4                           4B0      4B0       3D      400       1
                bssBANK4                            400      400       B0      400       1
                dataBANK3                           3A8      3A8       58      300       1
                bssBANK3                            300      300       A8      300       1
                dataBANK2                           2E6      2E6       15      200       1
                bssBANK2                            200      200       E6      200       1
                bssBANK1                            1D7      1D7       29      100       1
                bssCOMRAM                            53       53        6        1       1
                cinit                              B75A     B75A       EA        4       0
                idataBANK4                         D600     D600       3D        4       0
                idataBANK3                         D110     D110       58        4       0
                idataBANK2                         DE24     DE24       15     6B1F       0
                idataBIGRAM                        6DD0     6DD0      4BA        4       0

TOTAL           Name                               Link     Load   Length     Space
        CLASS   STACK          

        CLASS   CODE           
                intcode                               8        8       B6         0
                init                                 BE       BE        4         0
                reset_vec                             0        0        4         0
                text187                            DAA8     DAA8       2E         0
                text186                            DF5E     DF5E        6         0
                text185                            DF6E     DF6E        2         0
                text184                            DF58     DF58        6         0
                text183                            BFA8     BFA8       C2         0
                text182                            DF6C     DF6C        2         0
                text181                            D582     D582       40         0
                text180                            DDE0     DDE0       18         0
                text179                            DF6A     DF6A        2         0
                text178                            DA7A     DA7A       2E         0
                text177                            DBCE     DBCE       28         0
                text176                            D72A     D72A       3A         0
                text174                            DBA6     DBA6       28         0
                text173                            DE0E     DE0E       16         0
                text172                            D6F0     D6F0       3A         0
                text171                            CDBE     CDBE       62         0
                text170                            BAEC     BAEC       DA         0
                text169                            DE62     DE62       14         0
                text168                            D9BC     D9BC       32         0
                text167                            DE4E     DE4E       14         0
                text166                            DE3A     DE3A       14         0
                text165                            DDC8     DDC8       18         0
                text164                            C47A     C47A       A8         0
                text163                            AD72     AD72      10C         0
                text162                            CEE0     CEE0       60         0
                text161                            D8EA     D8EA       36         0
                text160                            DD96     DD96       1A         0
                text159                            D0B4     D0B4       5C         0
                text158                            DD26     DD26       1E         0
                text157                            DD08     DD08       1E         0
                text156                            D5C2     D5C2       3E         0
                text155                            DCCA     DCCA       20         0
                text154                            DCEA     DCEA       1E         0
                text153                            D432     D432       46         0
                text152                            DB54     DB54       2A         0
                text151                            AC5E     AC5E      114         0
                text150                            D8B4     D8B4       36         0
                text149                            C3D2     C3D2       A8         0
                text148                            DBF6     DBF6       26         0
                text147                            87D6     87D6      220         0
                text146                            AF86     AF86      108         0
                text145                            CAB8     CAB8       7E         0
                text144                            B488     B488       F2         0
                text143                            D358     D358       4E         0
                text142                            9220     9220      1FA         0
                text141                            DEB8     DEB8       10         0
                text140                            82C4     82C4      28E         0
                text139                            D308     D308       50         0
                text138                            4F2C     4F2C      74E         0
                text137                            D1BE     D1BE       56         0
                text136                            C6F4     C6F4       96         0
                text135                            DDF8     DDF8       16         0
                text134                            A7CE     A7CE      136         0
                text133                            D058     D058       5C         0
                text132                            CBB0     CBB0       6E         0
                text131                            9F84     9F84      174         0
                text130                            DB2A     DB2A       2A         0
                text129                            DEA8     DEA8       10         0
                text128                            C9B8     C9B8       82         0
                text127                            95E0     95E0      1BE         0
                text126                            C5C2     C5C2       9A         0
                text125                            CC8A     CC8A       6C         0
                text124                            8004     8004      2C0         0
                text123                            DCA8     DCA8       22         0
                text122                            DA4C     DA4C       2E         0
                text121                            DD7C     DD7C       1A         0
                text120                            8552     8552      284         0
                text119                            9E0E     9E0E      176         0
                text118                            AE7E     AE7E      108         0
                text117                            B66A     B66A       F0         0
                text116                            AB44     AB44      11A         0
                text115                            567A     567A      730         0
                text114                            A0F8     A0F8      170         0
                text113                            CC1E     CC1E       6C         0
                text112                            DC40     DC40       24         0
                text111                            DEEE     DEEE        C         0
                text110                              C2       C2     1ADA         0
                text109                            941A     941A      1C6         0
                text108                            642C     642C      4E4         0
                text107                            DE98     DE98       10         0
                text106                            DF40     DF40        A         0
                text105                            DE88     DE88       10         0
                text104                            DEE2     DEE2        C         0
                text103                            D67A     D67A       3C         0
                text102                            BD60     BD60       C4         0
                text101                            C1D0     C1D0       B0         0
                text100                            76B4     76B4      39A         0
                text99                             C280     C280       AA         0
                text98                             B194     B194      104         0
                text97                             728A     728A      42A         0
                text96                             D87C     D87C       38         0
                text95                             6910     6910      4C0         0
                text94                             D3EC     D3EC       46         0
                text93                             B08E     B08E      106         0
                text92                             B298     B298       FE         0
                text91                             89F6     89F6      212         0
                text90                             D63E     D63E       3C         0
                text89                             D844     D844       38         0
                text88                             DF68     DF68        2         0
                text87                             BC96     BC96       CA         0
                text86                             D4BC     D4BC       44         0
                text85                             D2B8     D2B8       50         0
                text84                             BEE6     BEE6       C2         0
                text83                             CF9E     CF9E       5E         0
                text82                             D80C     D80C       38         0
                text81                             CF40     CF40       5E         0
                text80                             3A76     3A76      B80         0
                text79                             D7D4     D7D4       38         0
                text78                             D266     D266       52         0
                text77                             9AEC     9AEC      19A         0
                text76                             9C86     9C86      188         0
                text75                             A3CE     A3CE      164         0
                text74                             D542     D542       40         0
                text73                             7A4E     7A4E      2E0         0
                text72                             CE80     CE80       60         0
                text71                             2E14     2E14      C62         0
                text70                             9952     9952      19A         0
                text69                             A268     A268      166         0
                text68                             B57A     B57A       F0         0
                text67                             BBC6     BBC6       D0         0
                text66                             901E     901E      202         0
                text65                             7D2E     7D2E      2D6         0
                text64                             1B9C     1B9C     1278         0
                text63                             CD5A     CD5A       64         0
                text62                             D214     D214       52         0
                text61                             5DAA     5DAA      682         0
                text60                             DEC8     DEC8        E         0
                text59                             A532     A532      15E         0
                text58                             8E16     8E16      208         0
                text57                             C81E     C81E       90         0
                text56                             A690     A690      13E         0
                text55                             DF36     DF36        A         0
                text54                             DF2C     DF2C        A         0
                text53                             DF22     DF22        A         0
                text52                             DF18     DF18        A         0
                text51                             CE20     CE20       60         0
                text50                             DF64     DF64        4         0
                text49                             CB36     CB36       7A         0
                text48                             D988     D988       34         0
                text47                             D6B6     D6B6       3A         0
                text46                             C11E     C11E       B2         0
                text45                             DF4A     DF4A        8         0
                text44                             D79C     D79C       38         0
                text43                             DDB0     DDB0       18         0
                text42                             D168     D168       56         0
                text41                             DED6     DED6        C         0
                text40                             DF0E     DF0E        A         0
                text39                             8C08     8C08      20E         0
                text38                             C78A     C78A       94         0
                text37                             DF52     DF52        6         0
                text36                             DB7E     DB7E       28         0
                text35                             BE24     BE24       C2         0
                text34                             DD60     DD60       1C         0
                text33                             DB00     DB00       2A         0
                text32                             DF04     DF04        A         0
                text31                             D9EE     D9EE       30         0
                text30                             DC1C     DC1C       24         0
                text29                             DC86     DC86       22         0
                text28                             DD44     DD44       1C         0
                text27                             D500     D500       42         0
                text26                             DE76     DE76       12         0
                text25                             DEFA     DEFA        A         0
                text24                             D764     D764       38         0
                text23                             DAD6     DAD6       2A         0
                text22                             DC64     DC64       22         0
                text21                             C522     C522       A0         0
                text20                             B396     B396       F2         0
                text19                             C934     C934       84         0
                text18                             D3A6     D3A6       46         0
                text17                             CCF6     CCF6       64         0
                text16                             DA1E     DA1E       2E         0
                text15                             C06A     C06A       B4         0
                text14                             CA3A     CA3A       7E         0
                text13                             C32A     C32A       A8         0
                text12                             C65C     C65C       98         0
                text11                             D954     D954       34         0
                text10                             AA26     AA26      11E         0
                text9                              D478     D478       44         0
                text8                              CFFC     CFFC       5C         0
                text7                              A904     A904      122         0
                text6                              B92C     B92C       E4         0
                text5                              D920     D920       34         0
                text4                              979E     979E      1B4         0
                text3                              C8AE     C8AE       86         0
                text2                              BA10     BA10       DC         0
                text1                              45F6     45F6      936         0
                text0                              B844     B844       E8         0
                cinit                              B75A     B75A       EA         0
                idataBANK4                         D600     D600       3D         0
                idataBANK3                         D110     D110       58         0
                idataBANK2                         DE24     DE24       15         0
                idataBIGRAM                        6DD0     6DD0      4BA         0

        CLASS   CONST          

        CLASS   SMALLCONST     

        CLASS   MEDIUMCONST    
                mediumconst                        FC30     FC30      3D0         0

        CLASS   COMRAM         
                temp                                 59       59        1         1
                cstackCOMRAM                          1        1       52         1
                bssCOMRAM                            53       53        6         1

        CLASS   ABS1           

        CLASS   BIGRAM         
                dataBIGRAM                          5E8      5E8      4BA         1
                bssBIGRAM                           AA2      AA2      3E8         1

        CLASS   RAM            

        CLASS   BANK0          
                cstackBANK0                          60       60       A0         1

        CLASS   BANK1          
                cstackBANK1                         100      100       D7         1
                bssBANK1                            1D7      1D7       29         1

        CLASS   BANK2          
                cstackBANK2                         2FB      2FB        1         1
                dataBANK2                           2E6      2E6       15         1
                bssBANK2                            200      200       E6         1

        CLASS   BANK3          
                dataBANK3                           3A8      3A8       58         1
                bssBANK3                            300      300       A8         1

        CLASS   BANK4          
                dataBANK4                           4B0      4B0       3D         1
                bssBANK4                            400      400       B0         1

        CLASS   BANK5          
                bssBANK5                            500      500       E8         1

        CLASS   BANK6          

        CLASS   BANK7          

        CLASS   BANK8          

        CLASS   BANK9          

        CLASS   BANK10         

        CLASS   BANK11         

        CLASS   BANK12         

        CLASS   BANK13         

        CLASS   BANK14         

        CLASS   BANK15         

        CLASS   SFR            

        CLASS   CONFIG         
                config                           300000   300000        E         4

        CLASS   IDLOC          
                idloc                            200000   200000        8         5

        CLASS   EEDATA         

        CLASS   FARRAM         



SEGMENTS        Name                           Load    Length   Top    Selector   Space  Class

                reset_vec                      000000  000004  000004         0       0  CODE    
                cstackCOMRAM                   000001  000059  00005A         1       1  COMRAM  
                intcode                        000008  00D635  00D63D         4       0  CODE    
                cstackBANK0                    000060  0000A0  000100        60       1  BANK0   
                cstackBANK1                    000100  000100  000200       100       1  BANK1   
                bssBANK2                       000200  0000FC  0002FC       200       1  BANK2   
                bssBANK3                       000300  000100  000400       300       1  BANK3   
                bssBANK4                       000400  0000ED  0004ED       400       1  BANK4   
                bssBANK5                       000500  0000E8  0005E8       500       1  BANK5   
                dataBIGRAM                     0005E8  0008A2  000E8A       5E8       1  BIGRAM  
                text90                         00D63E  0007FB  00DE39      6B1F       0  CODE    
                text166                        00DE3A  000136  00DF70      6F1D       0  CODE    
                mediumconst                    00FC30  0003D0  010000      7E18       0  MEDIUMCO


UNUSED ADDRESS RANGES

        Name                Unused          Largest block    Delta
        BANK14           000E8A-000EFF               76
        BANK15           000F00-000F37               38
        BANK2            0002FC-0002FF                4
        BANK4            0004ED-0004FF               13
        BIGRAM           00005A-00005F                6
                         0002FC-0002FF                4
                         0004ED-0004FF               13
                         000E8A-000F37               AE
        CODE             000004-000007                4
                         00D63D-00D63D                1
                         00DE39-00DE39                1
                         00DF70-00FC2F             1CC0
        COMRAM           00005A-00005F                6
        CONST            000004-000007                4
                         00D63D-00D63D                1
                         00DE39-00DE39                1
                         00DF70-00FC2F             1CC0
        EEDATA           F00000-F003FF              400
        MEDIUMCONST      00D63D-00D63D                1
                         00DE39-00DE39                1
                         00DF70-00FC2F             1CC0
        RAM              0002FC-0002FF                4
                         0004ED-0004FF               13
                         000E8A-000F37               76
        SFR              000F38-000FFF               28
        SMALLCONST       00D63D-00D63D                1
                         00DE39-00DE39                1
                         00DF70-00FC2F              100
        STACK            000E8A-000F37               AE

                                  Symbol Table

?_ARPV4_Lookup                                  cstackCOMRAM 000007
?_DS3231_GetTemperature                         cstackCOMRAM 000008
?_ENC28_PhyRead                                 cstackCOMRAM 00000F
?_ENC28_Rcr16                                   cstackCOMRAM 00000A
?_ETH_ComputeChecksum                           cstackCOMRAM 000009
?_ETH_GetReadPtr                                cstackCOMRAM 00000F
?_ETH_GetRxByteCount                            cstackCOMRAM 000007
?_ETH_NewPacket                                 cstackCOMRAM 000007
?_ETH_Read16                                    cstackCOMRAM 000008
?_ETH_ReadBlock                                 cstackCOMRAM 000008
?_ETH_RxComputeChecksum                         cstackCOMRAM 00001B
?_ETH_TxComputeChecksum                         cstackCOMRAM 00000F
?_IPV4_PseudoHeaderChecksum                     cstackCOMRAM 000007
?_MAC_getAddress                                cstackCOMRAM 000007
?_TCP_GetReceivedData                           cstackCOMRAM 00000E
?_TCP_GetRxLength                               cstackCOMRAM 00000E
?___aldiv                                       cstackCOMRAM 000007
?___aodiv                                       cstackCOMRAM 000007
?___aomod                                       cstackCOMRAM 000007
?___awdiv                                       cstackCOMRAM 000007
?___awmod                                       cstackCOMRAM 000007
?___fladd                                       cstackCOMRAM 000015
?___fldiv                                       cstackCOMRAM 000007
?___flmul                                       cstackCOMRAM 000015
?___flneg                                       cstackCOMRAM 000007
?___flsub                                       cstackCOMRAM 00002E
?___fltol                                       cstackCOMRAM 000007
?___fpclassifyf                                 cstackCOMRAM 000007
?___lodiv                                       cstackCOMRAM 000007
?___lomod                                       cstackCOMRAM 000007
?___wmul                                        cstackCOMRAM 000007
?___xxtofl                                      cstackCOMRAM 000007
?_abs                                           cstackCOMRAM 000019
?_atoa                                          cstackCOMRAM 00003A
?_atoi                                          cstackCOMRAM 00000E
?_dtoa                                          cstackCOMRAM 000022
?_efgtoa                                        cstackCOMRAM 00003A
?_floorf                                        cstackCOMRAM 000020
?_isalpha                                       cstackCOMRAM 000007
?_isdigit                                       cstackCOMRAM 000007
?_islower                                       cstackCOMRAM 000007
?_isspace                                       cstackCOMRAM 000007
?_isupper                                       cstackCOMRAM 000007
?_pad                                           cstackCOMRAM 000017
?_printf                                        cstackBANK0  0000DC
?_sprintf                                       cstackBANK0  0000DC
?_stoa                                          cstackCOMRAM 000010
?_strchr                                        cstackCOMRAM 000007
?_strlen                                        cstackCOMRAM 000007
?_strncmp                                       cstackCOMRAM 000007
?_strstr                                        cstackCOMRAM 000013
?_time                                          cstackCOMRAM 000007
?_tolower                                       cstackCOMRAM 00000D
?_toupper                                       cstackCOMRAM 00000D
?_utoa                                          cstackCOMRAM 000022
?_vfpfcnvrt                                     cstackCOMRAM 000049
?_vfprintf                                      cstackBANK0  0000D6
?_xtoa                                          cstackCOMRAM 000022
ARPV4_Init@x                                    cstackCOMRAM 00000E
ARPV4_Lookup@entry_pointer                      cstackCOMRAM 00000F
ARPV4_Lookup@ip_address                         cstackCOMRAM 000007
ARPV4_Lookup@x                                  cstackCOMRAM 000011
ARPV4_Packet@arpPtr                             cstackBANK0  000064
ARPV4_Packet@entryPointer                       cstackBANK0  000068
ARPV4_Packet@header                             cstackBANK0  00006A
ARPV4_Packet@length                             cstackBANK0  000060
ARPV4_Packet@mergeFlag                          cstackBANK0  000062
ARPV4_Packet@ret                                cstackBANK0  000063
ARPV4_Packet@x                                  cstackBANK0  000066
ARPV4_Packet@x_1631                             cstackBANK0  000067
ARPV4_Request@destAddress                       cstackCOMRAM 000022
ARPV4_Request@header                            cstackBANK0  000061
ARPV4_Request@ret                               cstackBANK0  000060
ARPV4_Update@entryPointer                       cstackCOMRAM 000007
ARPV4_Update@x                                  cstackCOMRAM 000009
BCD_to_ASCII@ptr                                cstackCOMRAM 000007
BCD_to_ASCII@valueInBCD                         cstackCOMRAM 000009
DS3231_Display_UART@F6088                       dataBANK3    0003B6
DS3231_Display_UART@F6090                       dataBANK4    0004D0
DS3231_Display_UART@dateStr                     cstackCOMRAM 000013
DS3231_Display_UART@myTime                      cstackCOMRAM 00000A
DS3231_Display_UART@timeStr                     cstackCOMRAM 000020
DS3231_GetDate@buf                              cstackCOMRAM 000011
DS3231_GetDate@myTime                           cstackCOMRAM 00000A
DS3231_GetTemperature@highByte                  cstackCOMRAM 00000C
DS3231_GetTemperature@lowByte                   cstackCOMRAM 00000D
DS3231_GetTime@buf                              cstackCOMRAM 000011
DS3231_GetTime@myTime                           cstackCOMRAM 00000A
DS3231_read@myTime                              cstackCOMRAM 000008
ENC28_BankSel@a                                 cstackCOMRAM 000009
ENC28_BankSel@r                                 cstackCOMRAM 000008
ENC28_Bfc@a                                     cstackCOMRAM 00000B
ENC28_Bfc@bits                                  cstackCOMRAM 00000A
ENC28_Bfs@a                                     cstackCOMRAM 00000B
ENC28_Bfs@bits                                  cstackCOMRAM 00000A
ENC28_PhyRead@a                                 cstackCOMRAM 000012
ENC28_PhyWrite@a                                cstackCOMRAM 00000F
ENC28_PhyWrite@d                                cstackCOMRAM 00000D
ENC28_PhyWrite@v                                cstackCOMRAM 000010
ENC28_Rcr16@a                                   cstackCOMRAM 00000E
ENC28_Rcr16@v                                   cstackCOMRAM 00000C
ENC28_Rcr8@a                                    cstackCOMRAM 00000B
ENC28_Rcr8@v                                    cstackCOMRAM 00000A
ENC28_Wcr16@a                                   cstackCOMRAM 00000C
ENC28_Wcr16@v                                   cstackCOMRAM 00000A
ENC28_Wcr8@a                                    cstackCOMRAM 00000B
ENC28_Wcr8@v                                    cstackCOMRAM 00000A
ETH_CheckLinkUp@phstat2                         cstackCOMRAM 000013
ETH_ComputeChecksum@cksm                        cstackCOMRAM 000015
ETH_ComputeChecksum@len                         cstackCOMRAM 000009
ETH_ComputeChecksum@seed                        cstackCOMRAM 00000B
ETH_ComputeChecksum@v                           cstackCOMRAM 000019
ETH_Copy@len                                    cstackCOMRAM 00000F
ETH_Copy@temp_len                               cstackCOMRAM 000016
ETH_Copy@timer                                  cstackCOMRAM 000014
ETH_Copy@tx_buffer_address                      cstackCOMRAM 000012
ETH_Dump@length                                 cstackCOMRAM 00000F
ETH_Dump@newRXTail                              cstackCOMRAM 000011
ETH_EventHandler@eir_val                        cstackCOMRAM 00001D
ETH_EventHandler@phstat2_val                    cstackCOMRAM 00001A
ETH_GetMAC@macAddr                              cstackCOMRAM 00000C
ETH_Insert@current_tx_pointer                   cstackCOMRAM 000017
ETH_Insert@data                                 cstackCOMRAM 00000F
ETH_Insert@len                                  cstackCOMRAM 000011
ETH_Insert@offset                               cstackCOMRAM 000013
ETH_NewPacket@index                             cstackCOMRAM 00000B
ETH_PacketListReset@index                       cstackCOMRAM 000009
ETH_PacketListReset@ptr                         cstackCOMRAM 000007
ETH_Read16@b                                    cstackCOMRAM 00000B
ETH_Read8@b                                     cstackCOMRAM 000008
ETH_ReadBlock@buffer                            cstackCOMRAM 000008
ETH_ReadBlock@length                            cstackCOMRAM 00000A
ETH_ReadBlock@p                                 cstackCOMRAM 00000C
ETH_ReadBlock@readCount                         cstackCOMRAM 00000E
ETH_RemovePacket@pPacket                        cstackCOMRAM 000007
ETH_RxComputeChecksum@cksm                      cstackCOMRAM 000025
ETH_RxComputeChecksum@len                       cstackCOMRAM 00001B
ETH_RxComputeChecksum@rxptr                     cstackCOMRAM 000023
ETH_RxComputeChecksum@seed                      cstackCOMRAM 00001D
ETH_Send@packetEnd                              cstackCOMRAM 000016
ETH_SendQueued@econ1                            cstackCOMRAM 000011
ETH_SetReadPtr@rdptr                            cstackCOMRAM 00000D
ETH_SetRxByteCount@count                        cstackCOMRAM 000009
ETH_Shift_Tx_Packets@econ1                      cstackCOMRAM 000015
ETH_Shift_Tx_Packets@len                        cstackCOMRAM 000016
ETH_Shift_Tx_Packets@pElem                      cstackCOMRAM 000018
ETH_Shift_Tx_Packets@shiftOffset                cstackCOMRAM 000011
ETH_Shift_Tx_Packets@timer                      cstackCOMRAM 000013
ETH_TxComputeChecksum@cksm                      cstackCOMRAM 00001D
ETH_TxComputeChecksum@length                    cstackCOMRAM 000011
ETH_TxComputeChecksum@position                  cstackCOMRAM 00000F
ETH_TxComputeChecksum@seed                      cstackCOMRAM 000013
ETH_Write16@data                                cstackCOMRAM 000008
ETH_Write32@data                                cstackCOMRAM 000008
ETH_Write8@data                                 cstackCOMRAM 000008
ETH_WriteBlock@data                             cstackCOMRAM 000008
ETH_WriteBlock@length                           cstackCOMRAM 00000A
ETH_WriteBlock@p                                cstackCOMRAM 00000C
ETH_WriteStart@dest_mac                         cstackCOMRAM 00001A
ETH_WriteStart@ethPacket                        cstackCOMRAM 000020
ETH_WriteStart@type                             cstackCOMRAM 00001C
EUSART2_SetErrorHandler@interruptHandler        cstackCOMRAM 000007
EUSART2_SetFramingErrorHandler@interruptHandler cstackCOMRAM 000007
EUSART2_SetOverrunErrorHandler@interruptHandler cstackCOMRAM 000007
EUSART2_SetRxInterruptHandler@interruptHandler  cstackCOMRAM 000007
EUSART2_Write@txData                            cstackCOMRAM 000007
EUSART2_putrs@ptr                               cstackCOMRAM 000008
EUSART2_puts@ptr                                cstackCOMRAM 000008
I2C_INTIALIZE@clock                             cstackCOMRAM 000015
ICMP_EchoReply@cksm                             cstackBANK0  000090
ICMP_EchoReply@icmp_cksm_start                  cstackBANK0  00008E
ICMP_EchoReply@identifier                       cstackBANK0  00008A
ICMP_EchoReply@ipv4Hdr                          cstackBANK0  000084
ICMP_EchoReply@ipv4PayloadLength                cstackBANK0  000092
ICMP_EchoReply@ret                              cstackBANK0  000094
ICMP_EchoReply@sequence                         cstackBANK0  00008C
ICMP_Receive@icmpHdr                            cstackBANK0  00009B
ICMP_Receive@ipv4Hdr                            cstackBANK0  000095
IPV4_Packet@cksm                                cstackBANK1  00016B
IPV4_Packet@hdrLen                              cstackBANK1  000168
IPV4_Packet@length                              cstackBANK1  000169
IPV4_Packet@msg                                 cstackBANK1  000140
IPV4_PseudoHeaderChecksum@cksm                  cstackCOMRAM 000014
IPV4_PseudoHeaderChecksum@len                   cstackCOMRAM 000013
IPV4_PseudoHeaderChecksum@payloadLen            cstackCOMRAM 000007
IPV4_PseudoHeaderChecksum@tmp                   cstackCOMRAM 000018
IPV4_PseudoHeaderChecksum@v                     cstackCOMRAM 000011
IPV4_Send@cksm                                  cstackCOMRAM 000028
IPV4_Send@payloadLength                         cstackCOMRAM 000021
IPV4_Send@ret                                   cstackCOMRAM 000027
IPV4_Send@totalLength                           cstackCOMRAM 00002A
IPv4_Start@destAddress                          cstackCOMRAM 000046
IPv4_Start@destMacAddress                       cstackBANK0  000081
IPv4_Start@protocol                             cstackCOMRAM 00004A
IPv4_Start@ret                                  cstackBANK0  000083
IPv4_Start@targetAddress                        cstackBANK0  00007D
LOG_Init@t                                      cstackBANK1  000108
LOG_Init@x                                      cstackBANK1  00010C
Network_Manage@now                              cstackBANK1  0001CF
Network_Manage@nowPv                            bssBANK2     00023C
Network_Read@debug_str                          cstackBANK1  00016D
Network_Read@header                             cstackBANK1  0001C1
Network_Read@t                                  cstackBANK1  0001BD
SPI2_ExchangeByte@data                          cstackCOMRAM 000007
SPI2_Open@spi2UniqueConfiguration               cstackCOMRAM 000008
TCB_Check@count                                 cstackCOMRAM 00000B
TCB_Check@ptr                                   cstackCOMRAM 000007
TCB_Check@ret                                   cstackCOMRAM 00000A
TCB_Check@tcbPtr                                cstackCOMRAM 00000C
TCB_Insert@ptr                                  cstackCOMRAM 000007
TCB_Remove@ptr                                  cstackCOMRAM 000007
TCB_Reset@tcbPtr                                cstackCOMRAM 000007
TCP_Bind@port                                   cstackCOMRAM 000010
TCP_Bind@tcbPtr                                 cstackCOMRAM 00000E
TCP_Close@ret                                   cstackBANK0  0000ED
TCP_Close@tcbPtr                                cstackBANK0  0000EB
TCP_FiniteStateMachine@event                    cstackBANK0  0000E9
TCP_FiniteStateMachine@nextState                cstackBANK0  0000EA
TCP_FiniteStateMachine@notAckBytes              cstackBANK0  0000E7
TCP_FiniteStateMachine@ret                      cstackBANK0  0000E6
TCP_GetReceivedData@ret                         cstackCOMRAM 000014
TCP_GetReceivedData@tcbPtr                      cstackCOMRAM 00000E
TCP_GetRxLength@ret                             cstackCOMRAM 000014
TCP_GetRxLength@tcbPtr                          cstackCOMRAM 00000E
TCP_Handle@buf                                  cstackBANK1  00010C
TCP_Handle@dateBuf                              cstackBANK1  000100
TCP_Handle@i                                    cstackBANK1  000145
TCP_Handle@i_5249                               cstackBANK1  000149
TCP_Handle@ptr                                  cstackBANK1  000137
TCP_Handle@ptrDate                              cstackBANK1  000139
TCP_Handle@ptrLED1                              cstackBANK1  00013D
TCP_Handle@ptrLED2                              cstackBANK1  00013F
TCP_Handle@ptrLED3                              cstackBANK1  000141
TCP_Handle@ptrTemp                              cstackBANK1  00013B
TCP_Handle@rxLen                                cstackBANK1  000143
TCP_Handle@rxdataPort7                          bssBIGRAM    000C96
TCP_Handle@socket_state                         cstackBANK1  00012A
TCP_Handle@tempBuf                              cstackBANK1  000120
TCP_Handle@tempInFloat                          cstackBANK1  000133
TCP_Handle@temperature                          cstackBANK1  000147
TCP_Handle@txdataPort7                          bssBIGRAM    000AA2
TCP_InsertRxBuffer@data                         cstackCOMRAM 000010
TCP_InsertRxBuffer@data_len                     cstackCOMRAM 000012
TCP_InsertRxBuffer@tcbPtr                       cstackCOMRAM 00000E
TCP_Listen@tcbPtr                               cstackBANK0  0000EB
TCP_ParseTCPOptions@opt                         cstackCOMRAM 000016
TCP_ParseTCPOptions@ret                         cstackCOMRAM 000015
TCP_ParseTCPOptions@tcpOptionsSize              cstackCOMRAM 000017
TCP_PayloadSave@buffer_size                     cstackBANK0  0000CF
TCP_PayloadSave@len                             cstackBANK0  0000C5
TCP_Recv@count                                  cstackBANK0  0000F1
TCP_Recv@length                                 cstackBANK0  0000EF
TCP_Recv@remoteAddress                          cstackBANK0  0000EB
TCP_Recv@tcbPtr                                 cstackBANK0  0000F2
TCP_Send@data                                   cstackBANK0  0000C7
TCP_Send@dataLen                                cstackBANK0  0000C9
TCP_Send@ret                                    cstackBANK0  0000CB
TCP_Send@tcbPtr                                 cstackBANK0  0000C5
TCP_SendDone@ret                                cstackCOMRAM 000010
TCP_SendDone@tcbPtr                             cstackCOMRAM 00000E
TCP_Snd@cksm                                    cstackBANK0  0000AC
TCP_Snd@data                                    cstackBANK0  0000AA
TCP_Snd@payloadLength                           cstackBANK0  0000AE
TCP_Snd@ret                                     cstackBANK0  0000B0
TCP_Snd@tcbPtr                                  cstackBANK0  000084
TCP_Snd@txHeader                                cstackBANK0  0000B1
TCP_SocketInit@tcbPtr                           cstackCOMRAM 00000E
TCP_SocketPoll@socket_ptr                       cstackCOMRAM 00000E
TCP_SocketPoll@tmpSocketState                   cstackCOMRAM 000010
TCP_SocketRemove@ret                            cstackCOMRAM 000013
TCP_SocketRemove@tcbPtr                         cstackCOMRAM 000011
TCP_Update@count                                cstackBANK0  0000EF
TCP_Update@retries                              cstackBANK0  0000F1
TCP_Update@tcbPtr                               cstackBANK0  0000F3
TMR0_SetInterruptHandler@InterruptHandler       cstackCOMRAM 000007
TMR1_ISR@CountCallBack                          bssBANK2     00029E
TMR1_SetInterruptHandler@InterruptHandler       cstackCOMRAM 000007
TMR1_WriteTimer@timerVal                        cstackCOMRAM 000001
_ANSELA                                         (abs)        000F38
_ANSELB                                         (abs)        000F39
_ANSELC                                         (abs)        000F3A
_ANSELCbits                                     (abs)        000F3A
_ANSELD                                         (abs)        000F3B
_ANSELE                                         (abs)        000F3C
_ARPV4_Init                                     text48       00D988
_ARPV4_Lookup                                   text125      00CC8A
_ARPV4_Packet                                   text138      004F2C
_ARPV4_Request                                  text124      008004
_ARPV4_Update                                   text161      00D8EA
_BAUDCON2                                       (abs)        000F70
_BCD_to_ASCII                                   text174      00DBA6
_Control_Byte                                   bssBANK2     0002BC
_DS3231_Display_UART                            text170      00BAEC
_DS3231_GetDate                                 text19       00C934
_DS3231_GetTemperature                          text18       00D3A6
_DS3231_GetTime                                 text17       00CCF6
_DS3231_read                                    text164      00C47A
_ENC28_BankSel                                  text159      00D0B4
_ENC28_Bfc                                      text158      00DD26
_ENC28_Bfs                                      text157      00DD08
_ENC28_PhyRead                                  text153      00D432
_ENC28_PhyWrite                                 text47       00D6B6
_ENC28_Rcr16                                    text156      00D5C2
_ENC28_Rcr8                                     text155      00DCCA
_ENC28_Wcr16                                    text150      00D8B4
_ENC28_Wcr8                                     text154      00DCEA
_ETH_CheckLinkUp                                text152      00DB54
_ETH_ComputeChecksum                            text134      00A7CE
_ETH_Copy                                       text131      009F84
_ETH_Dump                                       text132      00CBB0
_ETH_EventHandler                               text146      00AF86
_ETH_Flush                                      text137      00D1BE
_ETH_GetMAC                                     text49       00CB36
_ETH_GetReadPtr                                 text107      00DE98
_ETH_GetRxByteCount                             text106      00DF40
_ETH_Init                                       text39       008C08
_ETH_Insert                                     text128      00C9B8
_ETH_NewPacket                                  text142      009220
_ETH_NextPacketUpdate                           text136      00C6F4
_ETH_OpenSPI                                    text43       00DDB0
_ETH_PacketListReset                            text42       00D168
_ETH_Read16                                     text130      00DB2A
_ETH_Read8                                      text135      00DDF8
_ETH_ReadBlock                                  text145      00CAB8
_ETH_RemovePacket                               text151      00AC5E
_ETH_ResetByteCount                             text141      00DEB8
_ETH_RxComputeChecksum                          text133      00D058
_ETH_SaveRDPT                                   text129      00DEA8
_ETH_Send                                       text144      00B488
_ETH_SendQueued                                 text149      00C3D2
_ETH_SendSystemReset                            text41       00DED6
_ETH_SetReadPtr                                 text105      00DE88
_ETH_SetRxByteCount                             text104      00DEE2
_ETH_Shift_Tx_Packets                           text147      0087D6
_ETH_TxComputeChecksum                          text127      0095E0
_ETH_Write16                                    text123      00DCA8
_ETH_Write32                                    text122      00DA4C
_ETH_Write8                                     text121      00DD7C
_ETH_WriteBlock                                 text143      00D358
_ETH_WriteStart                                 text140      0082C4
_EUSART2_DefaultErrorHandler                    text186      00DF5E
_EUSART2_DefaultFramingErrorHandler             text185      00DF6E
_EUSART2_DefaultOverrunErrorHandler             text184      00DF58
_EUSART2_ErrorHandler                           bssBANK2     000296
_EUSART2_FramingErrorHandler                    bssBANK2     00029A
_EUSART2_Initialize                             text51       00CE20
_EUSART2_OverrunErrorHandler                    bssBANK2     000298
_EUSART2_Receive_ISR                            text183      00BFA8
_EUSART2_RxDataHandler                          text187      00DAA8
_EUSART2_RxDefaultInterruptHandler              bssBANK2     0002A4
_EUSART2_SetErrorHandler                        text55       00DF36
_EUSART2_SetFramingErrorHandler                 text54       00DF2C
_EUSART2_SetOverrunErrorHandler                 text53       00DF22
_EUSART2_SetRxInterruptHandler                  text52       00DF18
_EUSART2_Write                                  text173      00DE0E
_EUSART2_putrs                                  text172      00D6F0
_EUSART2_puts                                   text171      00CDBE
_GIE                                            (abs)        007F97
_I2C_INTIALIZE                                  text162      00CEE0
_ICMP_EchoReply                                 text119      009E0E
_ICMP_Receive                                   text118      00AE7E
_INTCON2bits                                    (abs)        000FF1
_INTCONbits                                     (abs)        000FF2
_INTERRUPT_Initialize                           text50       00DF64
_INTERRUPT_InterruptManager                     intcode      000008
_IPV4_Init                                      text37       00DF52
_IPV4_Packet                                    text61       005DAA
_IPV4_PseudoHeaderChecksum                      text117      00B66A
_IPV4_Send                                      text126      00C5C2
_IPv4_Start                                     text120      008552
_KOLELA                                         dataBIGRAM   0005E8
_LATA                                           (abs)        000F89
_LATB                                           (abs)        000F8A
_LATBbits                                       (abs)        000F8A
_LATC                                           (abs)        000F8B
_LATD                                           (abs)        000F8C
_LATD3                                          (abs)        007C63
_LATE                                           (abs)        000F8D
_LOG_Init                                       text35       00BE24
_MAC_getAddress                                 text40       00DF0E
_MAC_open                                       text45       00DF4A
_Network_Init                                   text29       00DC86
_Network_Manage                                 text56       00A690
_Network_Read                                   text59       00A532
_Network_SaveStartPosition                      text60       00DEC8
_Network_WaitForLink                            text34       00DD60
_OSCCON                                         (abs)        000FD3
_OSCCON2                                        (abs)        000FD2
_OSCILLATOR_Initialize                          text28       00DD44
_OSCTUNE                                        (abs)        000F9B
_PIE1bits                                       (abs)        000F9D
_PIE3bits                                       (abs)        000FA3
_PIN_MANAGER_Initialize                         text27       00D500
_PIR1bits                                       (abs)        000F9E
_PIR3bits                                       (abs)        000FA4
_PLLRDY                                         (abs)        007E97
_PORTBbits                                      (abs)        000F81
_PORTDbits                                      (abs)        000F83
_PORTEbits                                      (abs)        000F84
_RCONbits                                       (abs)        000FD0
_RCREG2                                         (abs)        000F74
_RCSTA2                                         (abs)        000F71
_RCSTA2bits                                     (abs)        000F71
_SPBRG2                                         (abs)        000F75
_SPBRGH2                                        (abs)        000F76
_SPI2_Close                                     (abs)        000000
_SPI2_ExchangeBlock                             (abs)        000000
_SPI2_ExchangeByte                              text160      00DD96
_SPI2_Initialize                                text26       00DE76
_SPI2_Open                                      text46       00C11E
_SPI2_ReadBlock                                 (abs)        000000
_SPI2_ReadByte                                  (abs)        000000
_SPI2_WriteBlock                                (abs)        000000
_SPI2_WriteByte                                 (abs)        000000
_SSP1ADD                                        (abs)        000FC8
_SSP1BUF                                        (abs)        000FC9
_SSP1CON1                                       (abs)        000FC6
_SSP1CON2                                       (abs)        000FC5
_SSP1CON2bits                                   (abs)        000FC5
_SSP1STATbits                                   (abs)        000FC7
_SSP2ADD                                        (abs)        000F6E
_SSP2BUF                                        (abs)        000F6F
_SSP2CON1                                       (abs)        000F6C
_SSP2CON1bits                                   (abs)        000F6C
_SSP2CON2                                       (abs)        000F6B
_SSP2STAT                                       (abs)        000F6D
_SSPCON2bits                                    (abs)        000FC5
_SYSTEM_Initialize                              text22       00DC64
_T0CON                                          (abs)        000FD5
_T0CONbits                                      (abs)        000FD5
_T1CON                                          (abs)        000FCD
_T1CONbits                                      (abs)        000FCD
_T1GCON                                         (abs)        000FCC
_T1GCONbits                                     (abs)        000FCC
_TCB_Check                                      text21       00C522
_TCB_Insert                                     text8        00CFFC
_TCB_Remove                                     text6        00B92C
_TCB_Reset                                      text116      00AB44
_TCP_Bind                                       text16       00DA1E
_TCP_Close                                      text20       00B396
_TCP_FiniteStateMachine                         text110      0000C2
_TCP_FiniteStateMachine$2621                    cstackBANK0  0000D9
_TCP_FiniteStateMachine$2622                    cstackBANK0  0000DA
_TCP_FiniteStateMachine$2623                    cstackBANK0  0000DB
_TCP_FiniteStateMachine$2624                    cstackBANK0  0000DC
_TCP_FiniteStateMachine$2625                    cstackBANK0  0000DD
_TCP_FiniteStateMachine$2626                    cstackBANK0  0000DE
_TCP_FiniteStateMachine$2628                    cstackBANK0  0000DF
_TCP_FiniteStateMachine$2629                    cstackBANK0  0000E0
_TCP_FiniteStateMachine$2630                    cstackBANK0  0000E1
_TCP_FiniteStateMachine$2631                    cstackBANK0  0000E2
_TCP_FiniteStateMachine$2632                    cstackBANK0  0000E3
_TCP_FiniteStateMachine$2633                    cstackBANK0  0000E4
_TCP_FiniteStateMachine$2634                    cstackBANK0  0000E5
_TCP_GetReceivedData                            text15       00C06A
_TCP_GetRxLength                                text14       00CA3A
_TCP_Handle                                     text1        0045F6
_TCP_Handle$5248                                cstackBANK1  00012B
_TCP_Handle$5261                                cstackBANK1  00012D
_TCP_Handle$5273                                cstackBANK1  00012F
_TCP_Handle$5281                                cstackBANK1  000131
_TCP_Init                                       text33       00DB00
_TCP_InsertRxBuffer                             text13       00C32A
_TCP_Listen                                     text12       00C65C
_TCP_ParseTCPOptions                            text109      00941A
_TCP_PayloadSave                                text114      00A0F8
_TCP_Recv                                       text108      00642C
_TCP_Send                                       text10       00AA26
_TCP_SendDone                                   text9        00D478
_TCP_Snd                                        text115      00567A
_TCP_SocketInit                                 text7        00A904
_TCP_SocketPoll                                 text11       00D954
_TCP_SocketRemove                               text5        00D920
_TCP_TimoutRetransmit                           text113      00CC1E
_TCP_Update                                     text58       008E16
_TMR0H                                          (abs)        000FD7
_TMR0L                                          (abs)        000FD6
_TMR0_DefaultInterruptHandler                   text182      00DF6C
_TMR0_ISR                                       text181      00D582
_TMR0_Initialize                                text24       00D764
_TMR0_InterruptHandler                          bssBANK2     00029C
_TMR0_SetInterruptHandler                       text25       00DEFA
_TMR1                                           (abs)        000FCE
_TMR1H                                          (abs)        000FCF
_TMR1L                                          (abs)        000FCE
_TMR1_CallBack                                  text178      00DA7A
_TMR1_DefaultInterruptHandler                   text179      00DF6A
_TMR1_ISR                                       text176      00D72A
_TMR1_Initialize                                text23       00DAD6
_TMR1_InterruptHandler                          bssBANK2     0002A0
_TMR1_SetInterruptHandler                       text32       00DF04
_TMR1_WriteTimer                                text177      00DBCE
_TRISA                                          (abs)        000F92
_TRISB                                          (abs)        000F93
_TRISC                                          (abs)        000F94
_TRISCbits                                      (abs)        000F94
_TRISD                                          (abs)        000F95
_TRISDbits                                      (abs)        000F95
_TRISE                                          (abs)        000F96
_TXPacketSize                                   bssBANK2     0002B0
_TXREG2                                         (abs)        000F73
_TXSTA2                                         (abs)        000F72
_TXSTA2bits                                     (abs)        000F72
_WPUB                                           (abs)        000F61
__HRAM                                          (abs)        000000
__Habs1                                         abs1         000000
__Hbank0                                        bank0        000000
__Hbank1                                        bank1        000000
__Hbank10                                       bank10       000000
__Hbank11                                       bank11       000000
__Hbank12                                       bank12       000000
__Hbank13                                       bank13       000000
__Hbank14                                       bank14       000000
__Hbank15                                       bank15       000000
__Hbank2                                        bank2        000000
__Hbank3                                        bank3        000000
__Hbank4                                        bank4        000000
__Hbank5                                        bank5        000000
__Hbank6                                        bank6        000000
__Hbank7                                        bank7        000000
__Hbank8                                        bank8        000000
__Hbank9                                        bank9        000000
__Hbigbss                                       bigbss       000000
__Hbigdata                                      bigdata      000000
__Hbigram                                       bigram       000000
__Hbss                                          bss          000000
__HbssBANK1                                     bssBANK1     000000
__HbssBANK2                                     bssBANK2     000000
__HbssBANK3                                     bssBANK3     000000
__HbssBANK4                                     bssBANK4     000000
__HbssBANK5                                     bssBANK5     000000
__HbssBIGRAM                                    bssBIGRAM    000000
[...]
utoa@n                                          cstackCOMRAM 000038
utoa@p                                          cstackCOMRAM 000034
utoa@w                                          cstackCOMRAM 000036
vfpfcnvrt@ap                                    cstackCOMRAM 00004D
vfpfcnvrt@c                                     cstackBANK0  0000D5
vfpfcnvrt@cp                                    cstackBANK0  0000AC
vfpfcnvrt@ct                                    cstackBANK0  0000C6
vfpfcnvrt@done                                  cstackBANK0  0000AE
vfpfcnvrt@f                                     cstackBANK0  0000D1
vfpfcnvrt@fmt                                   cstackCOMRAM 00004B
vfpfcnvrt@fp                                    cstackCOMRAM 000049
vfpfcnvrt@ll                                    cstackBANK0  0000BC
vfpfcnvrt@llu                                   cstackBANK0  0000C9
vfpfcnvrt@vp                                    cstackBANK0  0000C4
vfprintf@ap                                     cstackBANK0  0000DA
vfprintf@cfmt                                   cstackCOMRAM 00004F
vfprintf@fmt                                    cstackBANK0  0000D8
vfprintf@fp                                     cstackBANK0  0000D6
wtemp8                                          temp         00005A
xtoa@c                                          cstackCOMRAM 000047
xtoa@d                                          cstackCOMRAM 000024
xtoa@fp                                         cstackCOMRAM 000022
xtoa@i                                          cstackCOMRAM 000045
xtoa@n                                          cstackCOMRAM 00003D
xtoa@p                                          cstackCOMRAM 000039
xtoa@w                                          cstackCOMRAM 00003B
xtoa@x                                          cstackCOMRAM 00002C


MODULE INFORMATION

Module		Function		Class		Link	Load	Size
C:\Program Files\Microchip\xc8\v2.32\pic\sources\c99\common\nf_sprintf.c
		_sprintf       		CODE           	D214	0000	82

C:\Program Files\Microchip\xc8\v2.32\pic\sources\c99\common\nf_sprintf.c estimated size: 82

C:\Program Files\Microchip\xc8\v2.32\pic\sources\c99\common\awdiv.c
		___awdiv       		CODE           	BD60	0000	196

C:\Program Files\Microchip\xc8\v2.32\pic\sources\c99\common\awdiv.c estimated size: 196

C:\Program Files\Microchip\xc8\v2.32\pic\sources\c99\common\isdigit.c
		_isdigit       		CODE           	D7D4	0000	56

C:\Program Files\Microchip\xc8\v2.32\pic\sources\c99\common\isdigit.c estimated size: 56

C:\Program Files\Microchip\xc8\v2.32\pic\sources\c99\common\sprcadd.c
		___flsub       		CODE           	D3EC	0000	70
		___fladd       		CODE           	6910	0000	1216

C:\Program Files\Microchip\xc8\v2.32\pic\sources\c99\common\sprcadd.c estimated size: 1286

C:\Program Files\Microchip\xc8\v2.32\pic\sources\c99\common\aldiv.c
		___aldiv       		CODE           	AD72	0000	268

C:\Program Files\Microchip\xc8\v2.32\pic\sources\c99\common\aldiv.c estimated size: 268

mcc_generated_files/eusart2.c
		_EUSART2_puts  		CODE           	CDBE	0000	98
		_EUSART2_SetOverrunErrorHandler		CODE           	DF22	0000	10
		_EUSART2_SetErrorHandler		CODE           	DF36	0000	10
		_EUSART2_Write 		CODE           	DE0E	0000	22
		_EUSART2_putrs 		CODE           	D6F0	0000	58
		_EUSART2_Receive_ISR		CODE           	BFA8	0000	194
		_EUSART2_RxDataHandler		CODE           	DAA8	0000	46
		_EUSART2_DefaultOverrunErrorHandler		CODE           	DF58	0000	6
		_EUSART2_DefaultFramingErrorHandler		CODE           	DF6E	0000	2
		_EUSART2_SetRxInterruptHandler		CODE           	DF18	0000	10
		_EUSART2_Initialize		CODE           	CE20	0000	96
		_EUSART2_DefaultErrorHandler		CODE           	DF5E	0000	6
		_EUSART2_SetFramingErrorHandler		CODE           	DF2C	0000	10

mcc_generated_files/eusart2.c estimated size: 568

mcc_generated_files/TCPIPLibrary/tcpv4.c
		_TCP_Close     		CODE           	B396	0000	242
		_TCP_InsertRxBuffer		CODE           	C32A	0000	168
		_TCP_FiniteStateMachine		CODE           	00C2	0000	6874
		_TCP_Bind      		CODE           	DA1E	0000	46
		_TCB_Check     		CODE           	C522	0000	160
		_TCP_ParseTCPOptions		CODE           	941A	0000	454
		_TCB_Remove    		CODE           	B92C	0000	228
		_TCP_Listen    		CODE           	C65C	0000	152
		_TCP_GetRxLength		CODE           	CA3A	0000	126
		_TCB_Reset     		CODE           	AB44	0000	282
		_TCP_GetReceivedData		CODE           	C06A	0000	180
		_TCP_Init      		CODE           	DB00	0000	42
		_TCP_Send      		CODE           	AA26	0000	286
		_TCP_SocketRemove		CODE           	D920	0000	52
		_TCP_SendDone  		CODE           	D478	0000	68
		_TCP_TimoutRetransmit		CODE           	CC1E	0000	108
		_TCP_SocketPoll		CODE           	D954	0000	52
		_TCP_SocketInit		CODE           	A904	0000	290
		_TCP_Snd       		CODE           	567A	0000	1840
		_TCB_Insert    		CODE           	CFFC	0000	92
		_TCP_PayloadSave		CODE           	A0F8	0000	368
		_TCP_Recv      		CODE           	642C	0000	1252
		_TCP_Update    		CODE           	8E16	0000	520

mcc_generated_files/TCPIPLibrary/tcpv4.c estimated size: 13882

C:\Program Files\Microchip\xc8\v2.32\pic\sources\c99\common\doprnt.c
		_vfpfcnvrt     		CODE           	1B9C	0000	4728
		_efgtoa        		CODE           	2E14	0000	3170
		_pad           		CODE           	BEE6	0000	194
		_atoa          		CODE           	3A76	0000	2944
		_dtoa          		CODE           	7A4E	0000	736
		_vfprintf      		CODE           	CD5A	0000	100
		_stoa          		CODE           	9952	0000	410
		_utoa          		CODE           	901E	0000	514
		_xtoa          		CODE           	7D2E	0000	726

C:\Program Files\Microchip\xc8\v2.32\pic\sources\c99\common\doprnt.c estimated size: 13522

C:\Program Files\Microchip\xc8\v2.32\pic\sources\c99\common\flneg.c
		___flneg       		CODE           	D87C	0000	56

C:\Program Files\Microchip\xc8\v2.32\pic\sources\c99\common\flneg.c estimated size: 56

mcc_generated_files/interrupt_manager.c
		_INTERRUPT_Initialize		CODE           	DF64	0000	4
		_INTERRUPT_InterruptManager		CODE           	0008	0000	182

mcc_generated_files/interrupt_manager.c estimated size: 186

mcc_generated_files/TCPIPLibrary/ENC28J60.c
		_ETH_SendSystemReset		CODE           	DED6	0000	12
		_ETH_NewPacket 		CODE           	9220	0000	506
		_ETH_ComputeChecksum		CODE           	A7CE	0000	310
		_ENC28_PhyRead 		CODE           	D432	0000	70
		_ETH_CheckLinkUp		CODE           	DB54	0000	42
		_ENC28_PhyWrite		CODE           	D6B6	0000	58
		_ETH_Write8    		CODE           	DD7C	0000	26
		_ETH_Write32   		CODE           	DA4C	0000	46
		_ETH_Write16   		CODE           	DCA8	0000	34
		_ENC28_Bfc     		CODE           	DD26	0000	30
		_ENC28_Bfs     		CODE           	DD08	0000	30
		_ETH_Shift_Tx_Packets		CODE           	87D6	0000	544
		_ENC28_Rcr8    		CODE           	DCCA	0000	32
		_ETH_Insert    		CODE           	C9B8	0000	130
		_ENC28_Rcr16   		CODE           	D5C2	0000	62
		_ETH_Read8     		CODE           	DDF8	0000	22
		_ETH_Read16    		CODE           	DB2A	0000	42
		_ETH_GetRxByteCount		CODE           	DF40	0000	10
		_ETH_OpenSPI   		CODE           	DDB0	0000	24
		_ETH_Init      		CODE           	8C08	0000	526
		_ENC28_BankSel 		CODE           	D0B4	0000	92
		_ETH_RxComputeChecksum		CODE           	D058	0000	92
		_ETH_SetRxByteCount		CODE           	DEE2	0000	12
		_ETH_NextPacketUpdate		CODE           	C6F4	0000	150
		_ETH_Flush     		CODE           	D1BE	0000	86
		_ETH_PacketListReset		CODE           	D168	0000	86
		_ETH_WriteBlock		CODE           	D358	0000	78
		_ETH_Send      		CODE           	B488	0000	242
		_ETH_WriteStart		CODE           	82C4	0000	654
		_ETH_ReadBlock 		CODE           	CAB8	0000	126
		_ETH_Copy      		CODE           	9F84	0000	372
		_ETH_GetMAC    		CODE           	CB36	0000	122
		_ETH_ResetByteCount		CODE           	DEB8	0000	16
		_ETH_SaveRDPT  		CODE           	DEA8	0000	16
		_ETH_Dump      		CODE           	CBB0	0000	110
		_ENC28_Wcr8    		CODE           	DCEA	0000	30
		_ETH_SendQueued		CODE           	C3D2	0000	168
		_ENC28_Wcr16   		CODE           	D8B4	0000	54
		_ETH_TxComputeChecksum		CODE           	95E0	0000	446
		_ETH_RemovePacket		CODE           	AC5E	0000	276
		_ETH_GetReadPtr		CODE           	DE98	0000	16
		_ETH_EventHandler		CODE           	AF86	0000	264
		_ETH_SetReadPtr		CODE           	DE88	0000	16

mcc_generated_files/TCPIPLibrary/ENC28J60.c estimated size: 6080

mcc_generated_files/tmr0.c
		_TMR0_SetInterruptHandler		CODE           	DEFA	0000	10
		_TMR0_DefaultInterruptHandler		CODE           	DF6C	0000	2
		_TMR0_ISR      		CODE           	D582	0000	64
		_TMR0_Initialize		CODE           	D764	0000	56

mcc_generated_files/tmr0.c estimated size: 132

C:\Program Files\Microchip\xc8\v2.32\pic\sources\c99\common\lomod.c
		___lomod       		CODE           	BBC6	0000	208

C:\Program Files\Microchip\xc8\v2.32\pic\sources\c99\common\lomod.c estimated size: 208

I2C.c
		_i2c_start     		CODE           	DE4E	0000	20
		_I2C_INTIALIZE 		CODE           	CEE0	0000	96
		_i2c_RS        		CODE           	DE62	0000	20
		_i2c_write     		CODE           	DDC8	0000	24
		_i2c_stop      		CODE           	DE3A	0000	20
		_i2c_read      		CODE           	D9BC	0000	50

I2C.c estimated size: 230

mcc_generated_files/pin_manager.c
		_PIN_MANAGER_Initialize		CODE           	D500	0000	66

mcc_generated_files/pin_manager.c estimated size: 66

mcc_generated_files/TCPIPLibrary/ip_database.c
		_ipdb_init     		CODE           	C78A	0000	148

mcc_generated_files/TCPIPLibrary/ip_database.c estimated size: 148

mcc_generated_files/TCPIPLibrary/icmp.c
		_resetPortUnreachable		CODE           	DEEE	0000	12
		_ICMP_Receive  		CODE           	AE7E	0000	264
		_isPortUnreachable		CODE           	DC40	0000	36
		_ICMP_EchoReply		CODE           	9E0E	0000	374

mcc_generated_files/TCPIPLibrary/icmp.c estimated size: 686

mcc_generated_files/TCPIPLibrary/log.c
		_LOG_Init      		CODE           	BE24	0000	194

mcc_generated_files/TCPIPLibrary/log.c estimated size: 194

C:\Program Files\Microchip\xc8\v2.32\pic\sources\c99\common\memcpy.c
		_memcpy        		CODE           	D308	0000	80

C:\Program Files\Microchip\xc8\v2.32\pic\sources\c99\common\memcpy.c estimated size: 80

C:\Program Files\Microchip\xc8\v2.32\pic\sources\c99\common\atoi.c
		_atoi          		CODE           	9AEC	0000	410

C:\Program Files\Microchip\xc8\v2.32\pic\sources\c99\common\atoi.c estimated size: 410

mcc_generated_files/TCPIPLibrary/network.c
		_Network_SaveStartPosition		CODE           	DEC8	0000	14
		_Network_Read  		CODE           	A532	0000	350
		_Network_Init  		CODE           	DC86	0000	34
		_Network_WaitForLink		CODE           	DD60	0000	28
		_timersInit    		CODE           	DC1C	0000	36
		_Network_Manage		CODE           	A690	0000	318

mcc_generated_files/TCPIPLibrary/network.c estimated size: 780

C:\Program Files\Microchip\xc8\v2.32\pic\sources\c99\common\nf_fputs.c
		_fputs         		CODE           	D4BC	0000	68

C:\Program Files\Microchip\xc8\v2.32\pic\sources\c99\common\nf_fputs.c estimated size: 68

C:\Program Files\Microchip\xc8\v2.32\pic\sources\c99\common\fleq.c
		___fleq        		CODE           	C280	0000	170

C:\Program Files\Microchip\xc8\v2.32\pic\sources\c99\common\fleq.c estimated size: 170

C:\Program Files\Microchip\xc8\v2.32\pic\sources\c99\common\putch.c
		_putch         		CODE           	DF68	0000	2

C:\Program Files\Microchip\xc8\v2.32\pic\sources\c99\common\putch.c estimated size: 2

C:\Program Files\Microchip\xc8\v2.32\pic\sources\c99\common\strstr.c
		_strstr        		CODE           	BA10	0000	220

C:\Program Files\Microchip\xc8\v2.32\pic\sources\c99\common\strstr.c estimated size: 220

C:\Program Files\Microchip\xc8\v2.32\pic\sources\c99\common\__fpclassifyf.c
		___fpclassifyf 		CODE           	B298	0000	254

C:\Program Files\Microchip\xc8\v2.32\pic\sources\c99\common\__fpclassifyf.c estimated size: 254

C:\Program Files\Microchip\xc8\v2.32\pic\sources\c99\common\isupper.c
		_isupper       		CODE           	D844	0000	56

C:\Program Files\Microchip\xc8\v2.32\pic\sources\c99\common\isupper.c estimated size: 56

C:\Program Files\Microchip\xc8\v2.32\pic\sources\c99\common\Umul16.c
		___wmul        		CODE           	DBF6	0000	38

C:\Program Files\Microchip\xc8\v2.32\pic\sources\c99\common\Umul16.c estimated size: 38

C:\Program Files\Microchip\xc8\v2.32\pic\sources\c99\common\abs.c
		_abs           		CODE           	D542	0000	64

C:\Program Files\Microchip\xc8\v2.32\pic\sources\c99\common\abs.c estimated size: 64

mcc_generated_files/TCPIPLibrary/arpv4.c
		_ARPV4_Packet  		CODE           	4F2C	0000	1870
		_ARPV4_Init    		CODE           	D988	0000	52
		_ARPV4_Lookup  		CODE           	CC8A	0000	108
		_ARPV4_Update  		CODE           	D8EA	0000	54
		_ARPV4_Request 		CODE           	8004	0000	704

mcc_generated_files/TCPIPLibrary/arpv4.c estimated size: 2788

C:\Program Files\Microchip\xc8\v2.32\pic\sources\c99\common\aomod.c
		___aomod       		CODE           	A3CE	0000	356

C:\Program Files\Microchip\xc8\v2.32\pic\sources\c99\common\aomod.c estimated size: 356

mcc_generated_files/TCPIPLibrary/mac_address.c
		_MAC_getAddress		CODE           	DF0E	0000	10

mcc_generated_files/TCPIPLibrary/mac_address.c estimated size: 10

mcc_generated_files/TCPIPLibrary/ipv4.c
		_IPV4_Send     		CODE           	C5C2	0000	154
		_getHeaderLen  		CODE           	D67A	0000	60
		_IPV4_Packet   		CODE           	5DAA	0000	1666
		_IPV4_PseudoHeaderChecksum		CODE           	B66A	0000	240
		_IPv4_Start    		CODE           	8552	0000	644
		_IPV4_Init     		CODE           	DF52	0000	6

mcc_generated_files/TCPIPLibrary/ipv4.c estimated size: 2770

C:\Program Files\Microchip\xc8\v2.32\pic\sources\c99\common\isspace.c
		_isspace       		CODE           	D266	0000	82

C:\Program Files\Microchip\xc8\v2.32\pic\sources\c99\common\isspace.c estimated size: 82

mcc_generated_files/TCPIPLibrary/rtcc.c
		_rtcc_handler  		CODE           	DDE0	0000	24
		_rtcc_init     		CODE           	D9EE	0000	48
		_time          		CODE           	C81E	0000	144

mcc_generated_files/TCPIPLibrary/rtcc.c estimated size: 216

C:\Program Files\Microchip\xc8\v2.32\pic\sources\c99\common\islower.c
		_islower       		CODE           	D80C	0000	56

C:\Program Files\Microchip\xc8\v2.32\pic\sources\c99\common\islower.c estimated size: 56

C:\Program Files\Microchip\xc8\v2.32\pic\sources\c99\common\lodiv.c
		___lodiv       		CODE           	B57A	0000	240

C:\Program Files\Microchip\xc8\v2.32\pic\sources\c99\common\lodiv.c estimated size: 240

C:\Program Files\Microchip\xc8\v2.32\pic\sources\c99\common\strncmp.c
		_strncmp       		CODE           	A268	0000	358

C:\Program Files\Microchip\xc8\v2.32\pic\sources\c99\common\strncmp.c estimated size: 358

C:\Program Files\Microchip\xc8\v2.32\pic\sources\c99\common\tolower.c
		_tolower       		CODE           	CE80	0000	96

C:\Program Files\Microchip\xc8\v2.32\pic\sources\c99\common\tolower.c estimated size: 96

mcc_generated_files/drivers/spi_master.c
		_spi_master_open		CODE           	D79C	0000	56
		_MAC_open      		CODE           	DF4A	0000	8

mcc_generated_files/drivers/spi_master.c estimated size: 64

shared
		___secs_to_tm@days_in_month		MEDIUMCONST    	FCB7	0000	12
		__initialization		CODE           	B75A	0000	224
		_xorSequences  		MEDIUMCONST    	FCA5	0000	18
		___month_to_secs@secs_through_month		MEDIUMCONST    	0000	0000	0
		_broadcastMAC  		MEDIUMCONST    	FCCB	0000	6
		_severityThresholdTable		MEDIUMCONST    	FC61	0000	48
		___gmt         		MEDIUMCONST    	FCD1	0000	4
		_spiMaster     		MEDIUMCONST    	FC91	0000	20
		_spi2_configuration		MEDIUMCONST    	FCC3	0000	8

shared estimated size: 340

C:\Program Files\Microchip\xc8\v2.32\pic\sources\c99\common\sprcmul.c
		___flmul       		CODE           	728A	0000	1066

C:\Program Files\Microchip\xc8\v2.32\pic\sources\c99\common\sprcmul.c estimated size: 1066

C:\Program Files\Microchip\xc8\v2.32\pic\sources\c99\common\awmod.c
		___awmod       		CODE           	C1D0	0000	176

C:\Program Files\Microchip\xc8\v2.32\pic\sources\c99\common\awmod.c estimated size: 176

mcc_generated_files/mcc.c
		_OSCILLATOR_Initialize		CODE           	DD44	0000	28
		_SYSTEM_Initialize		CODE           	DC64	0000	34

mcc_generated_files/mcc.c estimated size: 62

C:\Program Files\Microchip\xc8\v2.32\pic\sources\c99\common\sprcdiv.c
		___fldiv       		CODE           	76B4	0000	922

C:\Program Files\Microchip\xc8\v2.32\pic\sources\c99\common\sprcdiv.c estimated size: 922

DS3231.c
		_DS3231_read   		CODE           	C47A	0000	168
		_DS3231_Display_UART		CODE           	BAEC	0000	218
		_DS3231_GetDate		CODE           	C934	0000	132
		_DS3231_GetTime		CODE           	CCF6	0000	100
		_BCD_to_ASCII  		CODE           	DBA6	0000	40
		_DS3231_GetTemperature		CODE           	D3A6	0000	70

DS3231.c estimated size: 728

C:\Program Files\Microchip\xc8\v2.32\pic\sources\c99\common\toupper.c
		_toupper       		CODE           	CF40	0000	94

C:\Program Files\Microchip\xc8\v2.32\pic\sources\c99\common\toupper.c estimated size: 94

mcc_generated_files/tmr1.c
		_TMR1_Initialize		CODE           	DAD6	0000	42
		_TMR1_SetInterruptHandler		CODE           	DF04	0000	10
		_TMR1_DefaultInterruptHandler		CODE           	DF6A	0000	2
		_TMR1_CallBack 		CODE           	DA7A	0000	46
		_TMR1_WriteTimer		CODE           	DBCE	0000	40
		_TMR1_ISR      		CODE           	D72A	0000	58

mcc_generated_files/tmr1.c estimated size: 198

C:\Program Files\Microchip\xc8\v2.32\pic\sources\c99\common\isalpha.c
		_isalpha       		CODE           	D63E	0000	60

C:\Program Files\Microchip\xc8\v2.32\pic\sources\c99\common\isalpha.c estimated size: 60

C:\Program Files\Microchip\xc8\v2.32\pic\sources\c99\common\fltol.c
		___fltol       		CODE           	B08E	0000	262

C:\Program Files\Microchip\xc8\v2.32\pic\sources\c99\common\fltol.c estimated size: 262

C:\Program Files\Microchip\xc8\v2.32\pic\sources\c99\common\xxtofl.c
		___xxtofl      		CODE           	979E	0000	436

C:\Program Files\Microchip\xc8\v2.32\pic\sources\c99\common\xxtofl.c estimated size: 436

mcc_generated_files/spi2.c
		_SPI2_ExchangeByte		CODE           	DD96	0000	26
		_SPI2_Open     		CODE           	C11E	0000	178
		_SPI2_Initialize		CODE           	DE76	0000	18

mcc_generated_files/spi2.c estimated size: 222

C:\Program Files\Microchip\xc8\v2.32\pic\sources\c99\common\printf.c
		_printf        		CODE           	DB7E	0000	40

C:\Program Files\Microchip\xc8\v2.32\pic\sources\c99\common\printf.c estimated size: 40

C:\Program Files\Microchip\xc8\v2.32\pic\sources\c99\common\nf_fputc.c
		_fputc         		CODE           	BC96	0000	202

C:\Program Files\Microchip\xc8\v2.32\pic\sources\c99\common\nf_fputc.c estimated size: 202

C:\Program Files\Microchip\xc8\v2.32\pic\sources\c99\common\aodiv.c
		___aodiv       		CODE           	9C86	0000	392

C:\Program Files\Microchip\xc8\v2.32\pic\sources\c99\common\aodiv.c estimated size: 392

main.c
		_main          		CODE           	B844	0000	232
		_TCP_Handle    		CODE           	45F6	0000	2358

main.c estimated size: 2590

C:\Program Files\Microchip\xc8\v2.32\pic\sources\c99\common\strlen.c
		_strlen        		CODE           	D2B8	0000	80

C:\Program Files\Microchip\xc8\v2.32\pic\sources\c99\common\strlen.c estimated size: 80

C:\Program Files\Microchip\xc8\v2.32\pic\sources\c99\common\flge.c
		___flge        		CODE           	B194	0000	260

C:\Program Files\Microchip\xc8\v2.32\pic\sources\c99\common\flge.c estimated size: 260

C:\Program Files\Microchip\xc8\v2.32\pic\sources\c99\common\floorf.c
		_floorf        		CODE           	89F6	0000	530

C:\Program Files\Microchip\xc8\v2.32\pic\sources\c99\common\floorf.c estimated size: 530

C:\Program Files\Microchip\xc8\v2.32\pic\sources\c99\common\strchr.c
		_strchr        		CODE           	C8AE	0000	134

C:\Program Files\Microchip\xc8\v2.32\pic\sources\c99\common\strchr.c estimated size: 134

C:\Program Files\Microchip\xc8\v2.32\pic\sources\c99\common\strcpy.c
		_strcpy        		CODE           	CF9E	0000	94

C:\Program Files\Microchip\xc8\v2.32\pic\sources\c99\common\strcpy.c estimated size: 94

