Microchip MPLAB XC8 Compiler V2.32

Linker command line:

-W-3 --edf=C:\Program Files\Microchip\xc8\v2.32\pic\dat\en_msgs.txt -cn \
  -h+dist/default/production\Ethernet.X.production.sym \
  --cmf=dist/default/production\Ethernet.X.production.cmf -z -Q18LF46K22 \
  -oC:\Users\kolel\AppData\Local\Temp\xcAs8fs.4 --defsym=__MPLAB_BUILD=1 \
  -Mdist/default/production/Ethernet.X.production.map -E1 -ver=XC8 Compiler \
  --acfsm=1493 -ASTACK=0988h-0F37h -pstack=STACK -ACODE=00h-0FFFFh \
  -ACONST=00h-0FFFFh -ASMALLCONST=01000h-010FFhx240 \
  -AMEDIUMCONST=01000h-0FFFFh -ACOMRAM=01h-05Fh -AABS1=00h-0F37h \
  -ABIGRAM=01h-0F37h -ARAM=060h-0FFh,0100h-01FFhx14,0F00h-0F37h \
  -ABANK0=060h-0FFh -ABANK1=0100h-01FFh -ABANK2=0200h-02FFh \
  -ABANK3=0300h-03FFh -ABANK4=0400h-04FFh -ABANK5=0500h-05FFh \
  -ABANK6=0600h-06FFh -ABANK7=0700h-07FFh -ABANK8=0800h-08FFh \
  -ABANK9=0900h-09FFh -ABANK10=0A00h-0AFFh -ABANK11=0B00h-0BFFh \
  -ABANK12=0C00h-0CFFh -ABANK13=0D00h-0DFFh -ABANK14=0E00h-0EFFh \
  -ABANK15=0F00h-0F37h -ASFR=0F38h-0F5Fh,0F60h-0FFFh \
  -ACONFIG=0300000h-030000Dh -AIDLOC=0200000h-0200007h \
  -AEEDATA=0F00000h-0F003FFh -peeprom_data=EEDATA \
  -preset_vec=00h,intcode=08h,intcodelo,powerup,init -pramtop=01000h \
  -psmallconst=SMALLCONST -pmediumconst=MEDIUMCONST -pconst=CONST \
  -AFARRAM=00h-00h \
  -prdata=COMRAM,nvrram=COMRAM,nvbit=COMRAM,rbss=COMRAM,rbit=COMRAM \
  -pfarbss=FARRAM,fardata=FARRAM,nvFARRAM=FARRAM \
  -pintsave_regs=BIGRAM,bigbss=BIGRAM,bigdata=BIGRAM -pbss=RAM \
  -pidata=CODE,irdata=CODE,ibigdata=CODE,ifardata=CODE -prparam=COMRAM \
  C:\Users\kolel\AppData\Local\Temp\xcAs8fs.o \
  dist/default/production\Ethernet.X.production.o 

Object code version is 3.11

Machine type is 18LF46K22



                Name                               Link     Load   Length Selector   Space Scale
C:\Users\kolel\AppData\Local\Temp\xcAs8fs.o
                idloc                            200000   200000        8        0       5
                config                           300000   300000        E        0       4
                init                                 BE       BE        4        4       0
                reset_vec                             0        0        4        0       0
dist/default/production\Ethernet.X.production.o
                intcode                               8        8       B6        4       0
                idloc                            200000   200000        8        0       5
                config                           300000   300000        E        0       4
                temp                                 59       59        1        1       1
                mediumconst                        F77E     F77E      882     7BBF       0
                text165                            94D2     94D2       2C        4       0
                text164                            99A4     99A4        6     4C5E       0
                text163                            99B8     99B8        2     4C5E       0
                text162                            999E     999E        6     4C5E       0
                text161                            7E6C     7E6C       BC        4       0
                text160                            99B6     99B6        2     4C5E       0
                text159                            8FEC     8FEC       40        4       0
                text158                            9828     9828       18        4       0
                text157                            99B4     99B4        2     4C5E       0
                text156                            94A4     94A4       2E        4       0
                text155                            95F6     95F6       28        4       0
                text154                            9156     9156       3A        4       0
                text152                            95CE     95CE       28        4       0
                text151                            9856     9856       16        4       0
                text150                            911C     911C       3A        4       0
                text149                            8A1A     8A1A       62        4       0
                text148                            7A70     7A70       DA        4       0
                text147                            9894     9894       14        4       0
                text146                            93E6     93E6       32        4       0
                text145                            9880     9880       14        4       0
                text144                            986C     986C       14        4       0
                text143                            9810     9810       18        4       0
                text142                            81DE     81DE       A8        4       0
                text141                            70DE     70DE      10C        4       0
                text140                            8A7C     8A7C       60        4       0
                text139                            9314     9314       36        4       0
                text138                            97DE     97DE       1A        4       0
                text137                            8C50     8C50       5C        4       0
                text136                            976E     976E       1E        4       0
                text135                            9750     9750       1E        4       0
                text134                            902C     902C       3E        4       0
                text133                            9712     9712       20        4       0
                text132                            9732     9732       1E        4       0
                text131                            8E9C     8E9C       46        4       0
                text130                            957C     957C       2A        4       0
                text129                            6FCA     6FCA      114        4       0
                text128                            92DE     92DE       36        4       0
                text127                            8136     8136       A8        4       0
                text126                            961E     961E       26        4       0
                text125                            4F40     4F40      220        4       0
                text124                            72F2     72F2      108        4       0
                text123                            8712     8712       7E        4       0
                text122                            74EC     74EC       F2        4       0
                text121                            8950     8950       66        4       0
                text120                            577C     577C      1FA        4       0
                text119                            98FE     98FE       10     4C5E       0
                text118                            4A2E     4A2E      28E        4       0
                text117                            8E4C     8E4C       50        4       0
                text116                            24CE     24CE      74E        4       0
                text115                            8D02     8D02       56        4       0
                text114                            8458     8458       96        4       0
                text113                            9840     9840       16        4       0
                text112                            6A14     6A14      136        4       0
                text111                            8BF4     8BF4       5C        4       0
                text110                            880A     880A       6E        4       0
                text109                            6330     6330      174        4       0
                text108                            9552     9552       2A        4       0
                text107                            98EE     98EE       10     4C5E       0
                text106                            8612     8612       82        4       0
                text105                            5B3C     5B3C      1BE        4       0
                text104                            8326     8326       9A        4       0
                text103                            88E4     88E4       6C        4       0
                text102                            44BA     44BA      2C0        4       0
                text101                            96D0     96D0       22        4       0
                text100                            9476     9476       2E        4       0
                text99                             97C4     97C4       1A        4       0
                text98                             4CBC     4CBC      284        4       0
                text97                             61BA     61BA      176        4       0
                text96                             71EA     71EA      108        4       0
                text95                             76CE     76CE       F0        4       0
                text94                             6EB0     6EB0      11A        4       0
                text93                             2C1C     2C1C      730        4       0
                text92                             64A4     64A4      170        4       0
                text91                             8878     8878       6C        4       0
                text90                             9668     9668       24        4       0
                text89                             9934     9934        C     4C5E       0
                text88                               C2       C2     1ACA        4       0
                text87                             5976     5976      1C6        4       0
                text86                             39CE     39CE      52E        4       0
                text85                             98DE     98DE       10     4C5E       0
                text84                             9986     9986        A     4C5E       0
                text83                             98CE     98CE       10     4C5E       0
                text82                             9928     9928        C     4C5E       0
                text81                             90A6     90A6       3C        4       0
                text80                             9270     9270       38        4       0
                text79                             8DAA     8DAA       52        4       0
                text78                             5E98     5E98      19A        4       0
                text77                             6032     6032      188        4       0
                text76                             6614     6614      164        4       0
                text75                             8FAC     8FAC       40        4       0
                text74                             99B2     99B2        2     4C5E       0
                text73                             7C1A     7C1A       CA        4       0
                text72                             8F26     8F26       44        4       0
                text71                             8DFC     8DFC       50        4       0
                text70                             7CE4     7CE4       C6        4       0
                text69                             3EFC     3EFC      2E4        4       0
                text68                             5CFA     5CFA      19E        4       0
                text67                             6B4A     6B4A      126        4       0
                text66                             75DE     75DE       F0        4       0
                text65                             7B4A     7B4A       D0        4       0
                text64                             5578     5578      204        4       0
                text63                             906A     906A       3C        4       0
                text62                             9238     9238       38        4       0
                text61                             9200     9200       38        4       0
                text60                             8B3A     8B3A       5E        4       0
                text59                             41E0     41E0      2DA        4       0
                text58                             1B8C     1B8C      942        4       0
                text57                             89B6     89B6       64        4       0
                text56                             8D58     8D58       52        4       0
                text55                             334C     334C      682        4       0
                text54                             990E     990E        E     4C5E       0
                text53                             6778     6778      15E        4       0
                text52                             5370     5370      208        4       0
                text51                             8582     8582       90        4       0
                text50                             68D6     68D6      13E        4       0
                text49                             997C     997C        A     4C5E       0
                text48                             9972     9972        A     4C5E       0
                text47                             9968     9968        A     4C5E       0
                text46                             995E     995E        A     4C5E       0
                text45                             8ADC     8ADC       5E        4       0
                text44                             99AE     99AE        4     4C5E       0
                text43                             8790     8790       7A        4       0
                text42                             93B2     93B2       34        4       0
                text41                             90E2     90E2       3A        4       0
                text40                             7FDC     7FDC       B2        4       0
                text39                             9990     9990        8     4C5E       0
                text38                             91C8     91C8       38        4       0
                text37                             97F8     97F8       18        4       0
                text36                             8CAC     8CAC       56        4       0
                text35                             991C     991C        C     4C5E       0
                text34                             9954     9954        A     4C5E       0
                text33                             5160     5160      210        4       0
                text32                             84EE     84EE       94        4       0
                text31                             9998     9998        6     4C5E       0
                text30                             95A6     95A6       28        4       0
                text29                             7DAA     7DAA       C2        4       0
                text28                             97A8     97A8       1C        4       0
                text27                             9528     9528       2A        4       0
                text26                             994A     994A        A     4C5E       0
                text25                             9418     9418       30        4       0
                text24                             9644     9644       24        4       0
                text23                             96AE     96AE       22        4       0
                text22                             978C     978C       1C        4       0
                text21                             8F6A     8F6A       42        4       0
                text20                             98BC     98BC       12     4C5E       0
                text19                             9940     9940        A     4C5E       0
                text18                             9190     9190       38        4       0
                text17                             94FE     94FE       2A        4       0
                text16                             968C     968C       22        4       0
                text15                             8286     8286       A0        4       0
                text14                             73FA     73FA       F2        4       0
                text13                             9448     9448       2E        4       0
                text12                             7F28     7F28       B4        4       0
                text11                             8694     8694       7E        4       0
                text10                             808E     808E       A8        4       0
                text9                              83C0     83C0       98        4       0
                text8                              937E     937E       34        4       0
                text7                              6D92     6D92      11E        4       0
                text6                              8EE2     8EE2       44        4       0
                text5                              8B98     8B98       5C        4       0
                text4                              6C70     6C70      122        4       0
                text3                              798C     798C       E4        4       0
                text2                              934A     934A       34        4       0
                text1                              477A     477A      2B4        4       0
                text0                              77BE     77BE       E8        4       0
                cstackCOMRAM                          1        1       52        1       1
                cstackBANK0                          60       60       9A       60       1
                cstackBANK1                         100      100       DE      100       1
                bssBIGRAM                           588      588      400      588       1
                bssBANK5                            500      500       88      500       1
                dataBANK4                           4C8      4C8       20      400       1
                bssBANK4                            400      400       C8      400       1
                dataBANK3                           3BA      3BA       36      300       1
                bssBANK3                            300      300       BA      300       1
                dataBANK2                           2E9      2E9       13      200       1
                bssBANK2                            200      200       E9      200       1
                dataBANK1                           1FB      1FB        4      100       1
                bssBANK1                            1DE      1DE       1D      100       1
                bssCOMRAM                            53       53        6        1       1
                cinit                              78A6     78A6       E6        4       0
                idataBANK4                         96F2     96F2       20        4       0
                idataBANK3                         92A8     92A8       36        4       0
                idataBANK2                         98A8     98A8       13        4       0
                idataBANK1                         99AA     99AA        4     4C5E       0

TOTAL           Name                               Link     Load   Length     Space
        CLASS   STACK          

        CLASS   CODE           
                intcode                               8        8       B6         0
                init                                 BE       BE        4         0
                reset_vec                             0        0        4         0
                text165                            94D2     94D2       2C         0
                text164                            99A4     99A4        6         0
                text163                            99B8     99B8        2         0
                text162                            999E     999E        6         0
                text161                            7E6C     7E6C       BC         0
                text160                            99B6     99B6        2         0
                text159                            8FEC     8FEC       40         0
                text158                            9828     9828       18         0
                text157                            99B4     99B4        2         0
                text156                            94A4     94A4       2E         0
                text155                            95F6     95F6       28         0
                text154                            9156     9156       3A         0
                text152                            95CE     95CE       28         0
                text151                            9856     9856       16         0
                text150                            911C     911C       3A         0
                text149                            8A1A     8A1A       62         0
                text148                            7A70     7A70       DA         0
                text147                            9894     9894       14         0
                text146                            93E6     93E6       32         0
                text145                            9880     9880       14         0
                text144                            986C     986C       14         0
                text143                            9810     9810       18         0
                text142                            81DE     81DE       A8         0
                text141                            70DE     70DE      10C         0
                text140                            8A7C     8A7C       60         0
                text139                            9314     9314       36         0
                text138                            97DE     97DE       1A         0
                text137                            8C50     8C50       5C         0
                text136                            976E     976E       1E         0
                text135                            9750     9750       1E         0
                text134                            902C     902C       3E         0
                text133                            9712     9712       20         0
                text132                            9732     9732       1E         0
                text131                            8E9C     8E9C       46         0
                text130                            957C     957C       2A         0
                text129                            6FCA     6FCA      114         0
                text128                            92DE     92DE       36         0
                text127                            8136     8136       A8         0
                text126                            961E     961E       26         0
                text125                            4F40     4F40      220         0
                text124                            72F2     72F2      108         0
                text123                            8712     8712       7E         0
                text122                            74EC     74EC       F2         0
                text121                            8950     8950       66         0
                text120                            577C     577C      1FA         0
                text119                            98FE     98FE       10         0
                text118                            4A2E     4A2E      28E         0
                text117                            8E4C     8E4C       50         0
                text116                            24CE     24CE      74E         0
                text115                            8D02     8D02       56         0
                text114                            8458     8458       96         0
                text113                            9840     9840       16         0
                text112                            6A14     6A14      136         0
                text111                            8BF4     8BF4       5C         0
                text110                            880A     880A       6E         0
                text109                            6330     6330      174         0
                text108                            9552     9552       2A         0
                text107                            98EE     98EE       10         0
                text106                            8612     8612       82         0
                text105                            5B3C     5B3C      1BE         0
                text104                            8326     8326       9A         0
                text103                            88E4     88E4       6C         0
                text102                            44BA     44BA      2C0         0
                text101                            96D0     96D0       22         0
                text100                            9476     9476       2E         0
                text99                             97C4     97C4       1A         0
                text98                             4CBC     4CBC      284         0
                text97                             61BA     61BA      176         0
                text96                             71EA     71EA      108         0
                text95                             76CE     76CE       F0         0
                text94                             6EB0     6EB0      11A         0
                text93                             2C1C     2C1C      730         0
                text92                             64A4     64A4      170         0
                text91                             8878     8878       6C         0
                text90                             9668     9668       24         0
                text89                             9934     9934        C         0
                text88                               C2       C2     1ACA         0
                text87                             5976     5976      1C6         0
                text86                             39CE     39CE      52E         0
                text85                             98DE     98DE       10         0
                text84                             9986     9986        A         0
                text83                             98CE     98CE       10         0
                text82                             9928     9928        C         0
                text81                             90A6     90A6       3C         0
                text80                             9270     9270       38         0
                text79                             8DAA     8DAA       52         0
                text78                             5E98     5E98      19A         0
                text77                             6032     6032      188         0
                text76                             6614     6614      164         0
                text75                             8FAC     8FAC       40         0
                text74                             99B2     99B2        2         0
                text73                             7C1A     7C1A       CA         0
                text72                             8F26     8F26       44         0
                text71                             8DFC     8DFC       50         0
                text70                             7CE4     7CE4       C6         0
                text69                             3EFC     3EFC      2E4         0
                text68                             5CFA     5CFA      19E         0
                text67                             6B4A     6B4A      126         0
                text66                             75DE     75DE       F0         0
                text65                             7B4A     7B4A       D0         0
                text64                             5578     5578      204         0
                text63                             906A     906A       3C         0
                text62                             9238     9238       38         0
                text61                             9200     9200       38         0
                text60                             8B3A     8B3A       5E         0
                text59                             41E0     41E0      2DA         0
                text58                             1B8C     1B8C      942         0
                text57                             89B6     89B6       64         0
                text56                             8D58     8D58       52         0
                text55                             334C     334C      682         0
                text54                             990E     990E        E         0
                text53                             6778     6778      15E         0
                text52                             5370     5370      208         0
                text51                             8582     8582       90         0
                text50                             68D6     68D6      13E         0
                text49                             997C     997C        A         0
                text48                             9972     9972        A         0
                text47                             9968     9968        A         0
                text46                             995E     995E        A         0
                text45                             8ADC     8ADC       5E         0
                text44                             99AE     99AE        4         0
                text43                             8790     8790       7A         0
                text42                             93B2     93B2       34         0
                text41                             90E2     90E2       3A         0
                text40                             7FDC     7FDC       B2         0
                text39                             9990     9990        8         0
                text38                             91C8     91C8       38         0
                text37                             97F8     97F8       18         0
                text36                             8CAC     8CAC       56         0
                text35                             991C     991C        C         0
                text34                             9954     9954        A         0
                text33                             5160     5160      210         0
                text32                             84EE     84EE       94         0
                text31                             9998     9998        6         0
                text30                             95A6     95A6       28         0
                text29                             7DAA     7DAA       C2         0
                text28                             97A8     97A8       1C         0
                text27                             9528     9528       2A         0
                text26                             994A     994A        A         0
                text25                             9418     9418       30         0
                text24                             9644     9644       24         0
                text23                             96AE     96AE       22         0
                text22                             978C     978C       1C         0
                text21                             8F6A     8F6A       42         0
                text20                             98BC     98BC       12         0
                text19                             9940     9940        A         0
                text18                             9190     9190       38         0
                text17                             94FE     94FE       2A         0
                text16                             968C     968C       22         0
                text15                             8286     8286       A0         0
                text14                             73FA     73FA       F2         0
                text13                             9448     9448       2E         0
                text12                             7F28     7F28       B4         0
                text11                             8694     8694       7E         0
                text10                             808E     808E       A8         0
                text9                              83C0     83C0       98         0
                text8                              937E     937E       34         0
                text7                              6D92     6D92      11E         0
                text6                              8EE2     8EE2       44         0
                text5                              8B98     8B98       5C         0
                text4                              6C70     6C70      122         0
                text3                              798C     798C       E4         0
                text2                              934A     934A       34         0
                text1                              477A     477A      2B4         0
                text0                              77BE     77BE       E8         0
                cinit                              78A6     78A6       E6         0
                idataBANK4                         96F2     96F2       20         0
                idataBANK3                         92A8     92A8       36         0
                idataBANK2                         98A8     98A8       13         0
                idataBANK1                         99AA     99AA        4         0

        CLASS   CONST          

        CLASS   SMALLCONST     

        CLASS   MEDIUMCONST    
                mediumconst                        F77E     F77E      882         0

        CLASS   COMRAM         
                temp                                 59       59        1         1
                cstackCOMRAM                          1        1       52         1
                bssCOMRAM                            53       53        6         1

        CLASS   ABS1           

        CLASS   BIGRAM         
                bssBIGRAM                           588      588      400         1

        CLASS   RAM            

        CLASS   BANK0          
                cstackBANK0                          60       60       9A         1

        CLASS   BANK1          
                cstackBANK1                         100      100       DE         1
                dataBANK1                           1FB      1FB        4         1
                bssBANK1                            1DE      1DE       1D         1

        CLASS   BANK2          
                dataBANK2                           2E9      2E9       13         1
                bssBANK2                            200      200       E9         1

        CLASS   BANK3          
                dataBANK3                           3BA      3BA       36         1
                bssBANK3                            300      300       BA         1

        CLASS   BANK4          
                dataBANK4                           4C8      4C8       20         1
                bssBANK4                            400      400       C8         1

        CLASS   BANK5          
                bssBANK5                            500      500       88         1

        CLASS   BANK6          

        CLASS   BANK7          

        CLASS   BANK8          

        CLASS   BANK9          

        CLASS   BANK10         

        CLASS   BANK11         

        CLASS   BANK12         

        CLASS   BANK13         

        CLASS   BANK14         

        CLASS   BANK15         

        CLASS   SFR            

        CLASS   CONFIG         
                config                           300000   300000        E         4

        CLASS   IDLOC          
                idloc                            200000   200000        8         5

        CLASS   EEDATA         

        CLASS   FARRAM         



SEGMENTS        Name                           Load    Length   Top    Selector   Space  Class

                reset_vec                      000000  000004  000004         0       0  CODE    
                cstackCOMRAM                   000001  000059  00005A         1       1  COMRAM  
                intcode                        000008  0098B3  0098BB         4       0  CODE    
                cstackBANK0                    000060  00009A  0000FA        60       1  BANK0   
                cstackBANK1                    000100  0000FF  0001FF       100       1  BANK1   
                bssBANK2                       000200  0000FC  0002FC       200       1  BANK2   
                bssBANK3                       000300  0000F0  0003F0       300       1  BANK3   
                bssBANK4                       000400  0000E8  0004E8       400       1  BANK4   
                bssBANK5                       000500  000088  000588       500       1  BANK5   
                bssBIGRAM                      000588  000400  000988       588       1  BIGRAM  
                text20                         0098BC  0000FE  0099BA      4C5E       0  CODE    
                mediumconst                    00F77E  000882  010000      7BBF       0  MEDIUMCO


UNUSED ADDRESS RANGES

        Name                Unused          Largest block    Delta
        BANK0            0000FA-0000FF                6
        BANK1            0001FF-0001FF                1
        BANK10           000A00-000AFF              100
        BANK11           000B00-000BFF              100
        BANK12           000C00-000CFF              100
        BANK13           000D00-000DFF              100
        BANK14           000E00-000EFF              100
        BANK15           000F00-000F37               38
        BANK2            0002FC-0002FF                4
        BANK3            0003F0-0003FF               10
        BANK4            0004E8-0004FF               18
        BANK9            000988-0009FF               78
        BIGRAM           00005A-00005F                6
                         0000FA-0000FF                6
                         0001FF-0001FF                1
                         0002FC-0002FF                4
                         0003F0-0003FF               10
                         0004E8-0004FF               18
                         000988-000F37              5B0
        CODE             000004-000007                4
                         0098BB-0098BB                1
                         0099BA-00F77D             5DC4
        COMRAM           00005A-00005F                6
        CONST            000004-000007                4
                         0098BB-0098BB                1
                         0099BA-00F77D             5DC4
        EEDATA           F00000-F003FF              400
        MEDIUMCONST      0098BB-0098BB                1
                         0099BA-00F77D             5DC4
        RAM              0000FA-0000FF                6
                         0001FF-0001FF                1
                         0002FC-0002FF                4
                         0003F0-0003FF               10
                         0004E8-0004FF               18
                         000988-000F37              100
        SFR              000F38-000FFF               28
        SMALLCONST       0098BB-0098BB                1
                         0099BA-00F77D              100
        STACK            000988-000F37              5B0

                                  Symbol Table

?_ARPV4_Lookup                                  cstackCOMRAM 000007
?_ENC28_PhyRead                                 cstackCOMRAM 00000F
?_ENC28_Rcr16                                   cstackCOMRAM 00000A
?_ETH_ComputeChecksum                           cstackCOMRAM 000009
?_ETH_GetReadPtr                                cstackCOMRAM 00000F
?_ETH_GetRxByteCount                            cstackCOMRAM 000007
?_ETH_NewPacket                                 cstackCOMRAM 000007
?_ETH_Read16                                    cstackCOMRAM 000008
?_ETH_ReadBlock                                 cstackCOMRAM 000008
?_ETH_RxComputeChecksum                         cstackCOMRAM 00001B
?_ETH_TxComputeChecksum                         cstackCOMRAM 00000F
?_IPV4_PseudoHeaderChecksum                     cstackCOMRAM 000007
?_MAC_getAddress                                cstackCOMRAM 000007
?_TCP_GetReceivedData                           cstackCOMRAM 00000E
?_TCP_GetRxLength                               cstackCOMRAM 00000E
?___aldiv                                       cstackCOMRAM 000007
?___aodiv                                       cstackCOMRAM 000007
?___aomod                                       cstackCOMRAM 000007
?___lodiv                                       cstackCOMRAM 000007
?___lomod                                       cstackCOMRAM 000007
?___wmul                                        cstackCOMRAM 000007
?_abs                                           cstackCOMRAM 000019
?_atoi                                          cstackCOMRAM 00000E
?_dtoa                                          cstackCOMRAM 000022
?_isalpha                                       cstackCOMRAM 000007
?_isdigit                                       cstackCOMRAM 000007
?_islower                                       cstackCOMRAM 000007
?_isspace                                       cstackCOMRAM 000007
?_isupper                                       cstackCOMRAM 000007
?_pad                                           cstackCOMRAM 000017
?_printf                                        cstackBANK0  00008D
?_sprintf                                       cstackBANK0  00008D
?_stoa                                          cstackCOMRAM 000010
?_strlen                                        cstackCOMRAM 000007
?_strncmp                                       cstackCOMRAM 000007
?_time                                          cstackCOMRAM 000007
?_toupper                                       cstackCOMRAM 00000D
?_utoa                                          cstackCOMRAM 000022
?_vfpfcnvrt                                     cstackCOMRAM 000049
?_vfprintf                                      cstackBANK0  000087
?_xtoa                                          cstackCOMRAM 000022
ARPV4_Init@x                                    cstackCOMRAM 00000E
ARPV4_Lookup@entry_pointer                      cstackCOMRAM 00000F
ARPV4_Lookup@ip_address                         cstackCOMRAM 000007
ARPV4_Lookup@x                                  cstackCOMRAM 000011
ARPV4_Packet@arpPtr                             cstackBANK0  000064
ARPV4_Packet@entryPointer                       cstackBANK0  000068
ARPV4_Packet@header                             cstackBANK0  00006A
ARPV4_Packet@length                             cstackBANK0  000060
ARPV4_Packet@mergeFlag                          cstackBANK0  000062
ARPV4_Packet@ret                                cstackBANK0  000063
ARPV4_Packet@x                                  cstackBANK0  000066
ARPV4_Packet@x_1631                             cstackBANK0  000067
ARPV4_Request@destAddress                       cstackCOMRAM 000022
ARPV4_Request@header                            cstackBANK0  000061
ARPV4_Request@ret                               cstackBANK0  000060
ARPV4_Update@entryPointer                       cstackCOMRAM 000007
ARPV4_Update@x                                  cstackCOMRAM 000009
BCD_to_ASCII@ptr                                cstackCOMRAM 000007
BCD_to_ASCII@valueInBCD                         cstackCOMRAM 000009
DS3231_Display_UART@F6075                       dataBANK3    0003D5
DS3231_Display_UART@F6077                       dataBANK3    0003C8
DS3231_Display_UART@dateStr                     cstackCOMRAM 000013
DS3231_Display_UART@myTime                      cstackCOMRAM 00000A
DS3231_Display_UART@timeStr                     cstackCOMRAM 000020
DS3231_read@myTime                              cstackCOMRAM 000008
ENC28_BankSel@a                                 cstackCOMRAM 000009
ENC28_BankSel@r                                 cstackCOMRAM 000008
ENC28_Bfc@a                                     cstackCOMRAM 00000B
ENC28_Bfc@bits                                  cstackCOMRAM 00000A
ENC28_Bfs@a                                     cstackCOMRAM 00000B
ENC28_Bfs@bits                                  cstackCOMRAM 00000A
ENC28_PhyRead@a                                 cstackCOMRAM 000012
ENC28_PhyWrite@a                                cstackCOMRAM 00000F
ENC28_PhyWrite@d                                cstackCOMRAM 00000D
ENC28_PhyWrite@v                                cstackCOMRAM 000010
ENC28_Rcr16@a                                   cstackCOMRAM 00000E
ENC28_Rcr16@v                                   cstackCOMRAM 00000C
ENC28_Rcr8@a                                    cstackCOMRAM 00000B
ENC28_Rcr8@v                                    cstackCOMRAM 00000A
ENC28_Wcr16@a                                   cstackCOMRAM 00000C
ENC28_Wcr16@v                                   cstackCOMRAM 00000A
ENC28_Wcr8@a                                    cstackCOMRAM 00000B
ENC28_Wcr8@v                                    cstackCOMRAM 00000A
ETH_CheckLinkUp@phstat2                         cstackCOMRAM 000013
ETH_ComputeChecksum@cksm                        cstackCOMRAM 000015
ETH_ComputeChecksum@len                         cstackCOMRAM 000009
ETH_ComputeChecksum@seed                        cstackCOMRAM 00000B
ETH_ComputeChecksum@v                           cstackCOMRAM 000019
ETH_Copy@len                                    cstackCOMRAM 00000F
ETH_Copy@temp_len                               cstackCOMRAM 000016
ETH_Copy@timer                                  cstackCOMRAM 000014
ETH_Copy@tx_buffer_address                      cstackCOMRAM 000012
ETH_Dump@length                                 cstackCOMRAM 00000F
ETH_Dump@newRXTail                              cstackCOMRAM 000011
ETH_EventHandler@eir_val                        cstackCOMRAM 00001D
ETH_EventHandler@phstat2_val                    cstackCOMRAM 00001A
ETH_GetMAC@macAddr                              cstackCOMRAM 00000C
ETH_Insert@current_tx_pointer                   cstackCOMRAM 000017
ETH_Insert@data                                 cstackCOMRAM 00000F
ETH_Insert@len                                  cstackCOMRAM 000011
ETH_Insert@offset                               cstackCOMRAM 000013
ETH_NewPacket@index                             cstackCOMRAM 00000B
ETH_PacketListReset@index                       cstackCOMRAM 000009
ETH_PacketListReset@ptr                         cstackCOMRAM 000007
ETH_Read16@b                                    cstackCOMRAM 00000B
ETH_Read8@b                                     cstackCOMRAM 000008
ETH_ReadBlock@buffer                            cstackCOMRAM 000008
ETH_ReadBlock@length                            cstackCOMRAM 00000A
ETH_ReadBlock@p                                 cstackCOMRAM 00000C
ETH_ReadBlock@readCount                         cstackCOMRAM 00000E
ETH_RemovePacket@pPacket                        cstackCOMRAM 000007
ETH_RxComputeChecksum@cksm                      cstackCOMRAM 000025
ETH_RxComputeChecksum@len                       cstackCOMRAM 00001B
ETH_RxComputeChecksum@rxptr                     cstackCOMRAM 000023
ETH_RxComputeChecksum@seed                      cstackCOMRAM 00001D
ETH_Send@packetEnd                              cstackCOMRAM 000016
ETH_SendQueued@econ1                            cstackCOMRAM 000011
ETH_SetReadPtr@rdptr                            cstackCOMRAM 00000D
ETH_SetRxByteCount@count                        cstackCOMRAM 000009
ETH_Shift_Tx_Packets@econ1                      cstackCOMRAM 000015
ETH_Shift_Tx_Packets@len                        cstackCOMRAM 000016
ETH_Shift_Tx_Packets@pElem                      cstackCOMRAM 000018
ETH_Shift_Tx_Packets@shiftOffset                cstackCOMRAM 000011
ETH_Shift_Tx_Packets@timer                      cstackCOMRAM 000013
ETH_TxComputeChecksum@cksm                      cstackCOMRAM 00001D
ETH_TxComputeChecksum@length                    cstackCOMRAM 000011
ETH_TxComputeChecksum@position                  cstackCOMRAM 00000F
ETH_TxComputeChecksum@seed                      cstackCOMRAM 000013
ETH_Write16@data                                cstackCOMRAM 000008
ETH_Write32@data                                cstackCOMRAM 000008
ETH_Write8@data                                 cstackCOMRAM 000008
ETH_WriteBlock@data                             cstackCOMRAM 000008
ETH_WriteBlock@length                           cstackCOMRAM 00000A
ETH_WriteBlock@p                                cstackCOMRAM 00000C
ETH_WriteStart@dest_mac                         cstackCOMRAM 00001A
ETH_WriteStart@ethPacket                        cstackCOMRAM 000020
ETH_WriteStart@type                             cstackCOMRAM 00001C
EUSART2_SetErrorHandler@interruptHandler        cstackCOMRAM 000007
EUSART2_SetFramingErrorHandler@interruptHandler cstackCOMRAM 000007
EUSART2_SetOverrunErrorHandler@interruptHandler cstackCOMRAM 000007
EUSART2_SetRxInterruptHandler@interruptHandler  cstackCOMRAM 000007
EUSART2_Write@txData                            cstackCOMRAM 000007
EUSART2_putrs@ptr                               cstackCOMRAM 000008
EUSART2_puts@ptr                                cstackCOMRAM 000008
I2C_INTIALIZE@clock                             cstackCOMRAM 000015
ICMP_EchoReply@cksm                             cstackBANK0  000090
ICMP_EchoReply@icmp_cksm_start                  cstackBANK0  00008E
ICMP_EchoReply@identifier                       cstackBANK0  00008A
ICMP_EchoReply@ipv4Hdr                          cstackBANK0  000084
ICMP_EchoReply@ipv4PayloadLength                cstackBANK0  000092
ICMP_EchoReply@ret                              cstackBANK0  000094
ICMP_EchoReply@sequence                         cstackBANK0  00008C
ICMP_Receive@icmpHdr                            cstackBANK0  00009B
ICMP_Receive@ipv4Hdr                            cstackBANK0  000095
IPV4_Packet@cksm                                cstackBANK1  00016B
IPV4_Packet@hdrLen                              cstackBANK1  000168
IPV4_Packet@length                              cstackBANK1  000169
IPV4_Packet@msg                                 cstackBANK1  000140
IPV4_PseudoHeaderChecksum@cksm                  cstackCOMRAM 000014
IPV4_PseudoHeaderChecksum@len                   cstackCOMRAM 000013
IPV4_PseudoHeaderChecksum@payloadLen            cstackCOMRAM 000007
IPV4_PseudoHeaderChecksum@tmp                   cstackCOMRAM 000018
IPV4_PseudoHeaderChecksum@v                     cstackCOMRAM 000011
IPV4_Send@cksm                                  cstackCOMRAM 000028
IPV4_Send@payloadLength                         cstackCOMRAM 000021
IPV4_Send@ret                                   cstackCOMRAM 000027
IPV4_Send@totalLength                           cstackCOMRAM 00002A
IPv4_Start@destAddress                          cstackCOMRAM 000046
IPv4_Start@destMacAddress                       cstackBANK0  000081
IPv4_Start@protocol                             cstackCOMRAM 00004A
IPv4_Start@ret                                  cstackBANK0  000083
IPv4_Start@targetAddress                        cstackBANK0  00007D
LOG_Init@t                                      cstackBANK0  0000B9
LOG_Init@x                                      cstackBANK0  0000BD
Network_Manage@now                              cstackBANK1  0001CF
Network_Manage@nowPv                            bssBANK2     00023C
Network_Read@debug_str                          cstackBANK1  00016D
Network_Read@header                             cstackBANK1  0001C1
Network_Read@t                                  cstackBANK1  0001BD
SPI2_ExchangeByte@data                          cstackCOMRAM 000007
SPI2_Open@spi2UniqueConfiguration               cstackCOMRAM 000008
TCB_Check@count                                 cstackCOMRAM 00000B
TCB_Check@ptr                                   cstackCOMRAM 000007
TCB_Check@ret                                   cstackCOMRAM 00000A
TCB_Check@tcbPtr                                cstackCOMRAM 00000C
TCB_Insert@ptr                                  cstackCOMRAM 000007
TCB_Remove@ptr                                  cstackCOMRAM 000007
TCB_Reset@tcbPtr                                cstackCOMRAM 000007
TCP_Bind@port                                   cstackCOMRAM 000010
TCP_Bind@tcbPtr                                 cstackCOMRAM 00000E
TCP_Close@ret                                   cstackBANK0  0000ED
TCP_Close@tcbPtr                                cstackBANK0  0000EB
TCP_FiniteStateMachine@event                    cstackBANK0  0000E9
TCP_FiniteStateMachine@nextState                cstackBANK0  0000EA
TCP_FiniteStateMachine@notAckBytes              cstackBANK0  0000E7
TCP_FiniteStateMachine@ret                      cstackBANK0  0000E6
TCP_GetReceivedData@ret                         cstackCOMRAM 000014
TCP_GetReceivedData@tcbPtr                      cstackCOMRAM 00000E
TCP_GetRxLength@ret                             cstackCOMRAM 000014
TCP_GetRxLength@tcbPtr                          cstackCOMRAM 00000E
TCP_Handle@i                                    cstackBANK1  000133
TCP_Handle@rxLen                                cstackBANK1  000135
TCP_Handle@rxdataPort7                          bssBIGRAM    000788
TCP_Handle@socket_state                         cstackBANK1  000132
TCP_Handle@tempBuf                              cstackBANK1  000100
TCP_Handle@txdataPort7                          bssBIGRAM    000588
TCP_InsertRxBuffer@data                         cstackCOMRAM 000010
TCP_InsertRxBuffer@data_len                     cstackCOMRAM 000012
TCP_InsertRxBuffer@tcbPtr                       cstackCOMRAM 00000E
TCP_Listen@tcbPtr                               cstackBANK0  0000EB
TCP_ParseTCPOptions@opt                         cstackCOMRAM 000016
TCP_ParseTCPOptions@ret                         cstackCOMRAM 000015
TCP_ParseTCPOptions@tcpOptionsSize              cstackCOMRAM 000017
TCP_PayloadSave@buffer_size                     cstackBANK0  0000CF
TCP_PayloadSave@len                             cstackBANK0  0000C5
TCP_Recv@count                                  cstackBANK0  0000F1
TCP_Recv@length                                 cstackBANK0  0000EF
TCP_Recv@remoteAddress                          cstackBANK0  0000EB
TCP_Recv@tcbPtr                                 cstackBANK0  0000F2
TCP_Send@data                                   cstackBANK0  0000C7
TCP_Send@dataLen                                cstackBANK0  0000C9
TCP_Send@ret                                    cstackBANK0  0000CB
TCP_Send@tcbPtr                                 cstackBANK0  0000C5
TCP_SendDone@ret                                cstackCOMRAM 000010
TCP_SendDone@tcbPtr                             cstackCOMRAM 00000E
TCP_Snd@cksm                                    cstackBANK0  0000AC
TCP_Snd@data                                    cstackBANK0  0000AA
TCP_Snd@payloadLength                           cstackBANK0  0000AE
TCP_Snd@ret                                     cstackBANK0  0000B0
TCP_Snd@tcbPtr                                  cstackBANK0  000084
TCP_Snd@txHeader                                cstackBANK0  0000B1
TCP_SocketInit@tcbPtr                           cstackCOMRAM 00000E
TCP_SocketPoll@socket_ptr                       cstackCOMRAM 00000E
TCP_SocketPoll@tmpSocketState                   cstackCOMRAM 000010
TCP_SocketRemove@ret                            cstackCOMRAM 000013
TCP_SocketRemove@tcbPtr                         cstackCOMRAM 000011
TCP_Update@count                                cstackBANK0  0000EF
TCP_Update@retries                              cstackBANK0  0000F1
TCP_Update@tcbPtr                               cstackBANK0  0000F3
TMR0_SetInterruptHandler@InterruptHandler       cstackCOMRAM 000007
TMR1_ISR@CountCallBack                          bssBANK2     000298
TMR1_SetInterruptHandler@InterruptHandler       cstackCOMRAM 000007
TMR1_WriteTimer@timerVal                        cstackCOMRAM 000001
_ANSELA                                         (abs)        000F38
_ANSELB                                         (abs)        000F39
_ANSELC                                         (abs)        000F3A
_ANSELCbits                                     (abs)        000F3A
_ANSELD                                         (abs)        000F3B
_ANSELE                                         (abs)        000F3C
_ARPV4_Init                                     text42       0093B2
_ARPV4_Lookup                                   text103      0088E4
_ARPV4_Packet                                   text116      0024CE
_ARPV4_Request                                  text102      0044BA
_ARPV4_Update                                   text139      009314
_BAUDCON2                                       (abs)        000F70
_BCD_to_ASCII                                   text152      0095CE
_Control_Byte                                   bssBANK1     0001FA
_DS3231_Display_UART                            text148      007A70
_DS3231_read                                    text142      0081DE
_ENC28_BankSel                                  text137      008C50
_ENC28_Bfc                                      text136      00976E
_ENC28_Bfs                                      text135      009750
_ENC28_PhyRead                                  text131      008E9C
_ENC28_PhyWrite                                 text41       0090E2
_ENC28_Rcr16                                    text134      00902C
_ENC28_Rcr8                                     text133      009712
_ENC28_Wcr16                                    text128      0092DE
_ENC28_Wcr8                                     text132      009732
_ETH_CheckLinkUp                                text130      00957C
_ETH_ComputeChecksum                            text112      006A14
_ETH_Copy                                       text109      006330
_ETH_Dump                                       text110      00880A
_ETH_EventHandler                               text124      0072F2
_ETH_Flush                                      text115      008D02
_ETH_GetMAC                                     text43       008790
_ETH_GetReadPtr                                 text85       0098DE
_ETH_GetRxByteCount                             text84       009986
_ETH_Init                                       text33       005160
_ETH_Insert                                     text106      008612
_ETH_NewPacket                                  text120      00577C
_ETH_NextPacketUpdate                           text114      008458
_ETH_OpenSPI                                    text37       0097F8
_ETH_PacketListReset                            text36       008CAC
_ETH_Read16                                     text108      009552
_ETH_Read8                                      text113      009840
_ETH_ReadBlock                                  text123      008712
_ETH_RemovePacket                               text129      006FCA
_ETH_ResetByteCount                             text119      0098FE
_ETH_RxComputeChecksum                          text111      008BF4
_ETH_SaveRDPT                                   text107      0098EE
_ETH_Send                                       text122      0074EC
_ETH_SendQueued                                 text127      008136
_ETH_SendSystemReset                            text35       00991C
_ETH_SetReadPtr                                 text83       0098CE
_ETH_SetRxByteCount                             text82       009928
_ETH_Shift_Tx_Packets                           text125      004F40
_ETH_TxComputeChecksum                          text105      005B3C
_ETH_Write16                                    text101      0096D0
_ETH_Write32                                    text100      009476
_ETH_Write8                                     text99       0097C4
_ETH_WriteBlock                                 text121      008950
_ETH_WriteStart                                 text118      004A2E
_EUSART2_DefaultErrorHandler                    text164      0099A4
_EUSART2_DefaultFramingErrorHandler             text163      0099B8
_EUSART2_DefaultOverrunErrorHandler             text162      00999E
_EUSART2_ErrorHandler                           bssBANK2     000290
_EUSART2_FramingErrorHandler                    bssBANK2     000294
_EUSART2_Initialize                             text45       008ADC
_EUSART2_OverrunErrorHandler                    bssBANK2     000292
_EUSART2_Receive_ISR                            text161      007E6C
_EUSART2_RxDataHandler                          text165      0094D2
_EUSART2_RxDefaultInterruptHandler              bssBANK2     00029E
_EUSART2_SetErrorHandler                        text49       00997C
_EUSART2_SetFramingErrorHandler                 text48       009972
_EUSART2_SetOverrunErrorHandler                 text47       009968
_EUSART2_SetRxInterruptHandler                  text46       00995E
_EUSART2_Write                                  text151      009856
_EUSART2_putrs                                  text150      00911C
_EUSART2_puts                                   text149      008A1A
_GIE                                            (abs)        007F97
_I2C_INTIALIZE                                  text140      008A7C
_ICMP_EchoReply                                 text97       0061BA
_ICMP_Receive                                   text96       0071EA
_INTCON2bits                                    (abs)        000FF1
_INTCONbits                                     (abs)        000FF2
_INTERRUPT_Initialize                           text44       0099AE
_INTERRUPT_InterruptManager                     intcode      000008
_IPV4_Init                                      text31       009998
_IPV4_Packet                                    text55       00334C
_IPV4_PseudoHeaderChecksum                      text95       0076CE
_IPV4_Send                                      text104      008326
_IPv4_Start                                     text98       004CBC
_KOLELA                                         dataBANK2    0002F4
_LATA                                           (abs)        000F89
_LATB                                           (abs)        000F8A
_LATBbits                                       (abs)        000F8A
_LATC                                           (abs)        000F8B
_LATD                                           (abs)        000F8C
_LATD3                                          (abs)        007C63
_LATE                                           (abs)        000F8D
_LOG_Init                                       text29       007DAA
_MAC_getAddress                                 text34       009954
_MAC_open                                       text39       009990
_Network_Init                                   text23       0096AE
_Network_Manage                                 text50       0068D6
_Network_Read                                   text53       006778
_Network_SaveStartPosition                      text54       00990E
_Network_WaitForLink                            text28       0097A8
_OSCCON                                         (abs)        000FD3
_OSCCON2                                        (abs)        000FD2
_OSCILLATOR_Initialize                          text22       00978C
_OSCTUNE                                        (abs)        000F9B
_PIE1bits                                       (abs)        000F9D
_PIE3bits                                       (abs)        000FA3
_PIN_MANAGER_Initialize                         text21       008F6A
_PIR1bits                                       (abs)        000F9E
_PIR3bits                                       (abs)        000FA4
_PLLRDY                                         (abs)        007E97
_RCONbits                                       (abs)        000FD0
_RCREG2                                         (abs)        000F74
_RCSTA2                                         (abs)        000F71
_RCSTA2bits                                     (abs)        000F71
_SPBRG2                                         (abs)        000F75
_SPBRGH2                                        (abs)        000F76
_SPI2_Close                                     (abs)        000000
_SPI2_ExchangeBlock                             (abs)        000000
_SPI2_ExchangeByte                              text138      0097DE
_SPI2_Initialize                                text20       0098BC
_SPI2_Open                                      text40       007FDC
_SPI2_ReadBlock                                 (abs)        000000
_SPI2_ReadByte                                  (abs)        000000
_SPI2_WriteBlock                                (abs)        000000
_SPI2_WriteByte                                 (abs)        000000
_SSP1ADD                                        (abs)        000FC8
_SSP1BUF                                        (abs)        000FC9
_SSP1CON1                                       (abs)        000FC6
_SSP1CON2                                       (abs)        000FC5
_SSP1CON2bits                                   (abs)        000FC5
_SSP1STATbits                                   (abs)        000FC7
_SSP2ADD                                        (abs)        000F6E
_SSP2BUF                                        (abs)        000F6F
_SSP2CON1                                       (abs)        000F6C
_SSP2CON1bits                                   (abs)        000F6C
_SSP2CON2                                       (abs)        000F6B
_SSP2STAT                                       (abs)        000F6D
_SSPCON2bits                                    (abs)        000FC5
_SYSTEM_Initialize                              text16       00968C
_T0CON                                          (abs)        000FD5
_T0CONbits                                      (abs)        000FD5
_T1CON                                          (abs)        000FCD
_T1CONbits                                      (abs)        000FCD
_T1GCON                                         (abs)        000FCC
_T1GCONbits                                     (abs)        000FCC
_TCB_Check                                      text15       008286
_TCB_Insert                                     text5        008B98
_TCB_Remove                                     text3        00798C
_TCB_Reset                                      text94       006EB0
_TCP_Bind                                       text13       009448
_TCP_Close                                      text14       0073FA
_TCP_FiniteStateMachine                         text88       0000C2
_TCP_FiniteStateMachine$2621                    cstackBANK0  0000D9
_TCP_FiniteStateMachine$2622                    cstackBANK0  0000DA
_TCP_FiniteStateMachine$2623                    cstackBANK0  0000DB
_TCP_FiniteStateMachine$2624                    cstackBANK0  0000DC
_TCP_FiniteStateMachine$2625                    cstackBANK0  0000DD
_TCP_FiniteStateMachine$2626                    cstackBANK0  0000DE
_TCP_FiniteStateMachine$2628                    cstackBANK0  0000DF
_TCP_FiniteStateMachine$2629                    cstackBANK0  0000E0
_TCP_FiniteStateMachine$2630                    cstackBANK0  0000E1
_TCP_FiniteStateMachine$2631                    cstackBANK0  0000E2
_TCP_FiniteStateMachine$2632                    cstackBANK0  0000E3
_TCP_FiniteStateMachine$2633                    cstackBANK0  0000E4
_TCP_FiniteStateMachine$2634                    cstackBANK0  0000E5
_TCP_GetReceivedData                            text12       007F28
_TCP_GetRxLength                                text11       008694
_TCP_Handle                                     text1        00477A
_TCP_Init                                       text27       009528
_TCP_InsertRxBuffer                             text10       00808E
_TCP_Listen                                     text9        0083C0
_TCP_ParseTCPOptions                            text87       005976
_TCP_PayloadSave                                text92       0064A4
_TCP_Recv                                       text86       0039CE
_TCP_Send                                       text7        006D92
_TCP_SendDone                                   text6        008EE2
_TCP_Snd                                        text93       002C1C
_TCP_SocketInit                                 text4        006C70
_TCP_SocketPoll                                 text8        00937E
_TCP_SocketRemove                               text2        00934A
_TCP_TimoutRetransmit                           text91       008878
_TCP_Update                                     text52       005370
_TMR0H                                          (abs)        000FD7
_TMR0L                                          (abs)        000FD6
_TMR0_DefaultInterruptHandler                   text160      0099B6
_TMR0_ISR                                       text159      008FEC
_TMR0_Initialize                                text18       009190
_TMR0_InterruptHandler                          bssBANK2     000296
_TMR0_SetInterruptHandler                       text19       009940
_TMR1                                           (abs)        000FCE
_TMR1H                                          (abs)        000FCF
_TMR1L                                          (abs)        000FCE
_TMR1_CallBack                                  text156      0094A4
_TMR1_DefaultInterruptHandler                   text157      0099B4
_TMR1_ISR                                       text154      009156
_TMR1_Initialize                                text17       0094FE
_TMR1_InterruptHandler                          bssBANK2     00029A
_TMR1_SetInterruptHandler                       text26       00994A
_TMR1_WriteTimer                                text155      0095F6
_TRISA                                          (abs)        000F92
_TRISB                                          (abs)        000F93
_TRISC                                          (abs)        000F94
_TRISCbits                                      (abs)        000F94
_TRISD                                          (abs)        000F95
_TRISDbits                                      (abs)        000F95
_TRISE                                          (abs)        000F96
_TXPacketSize                                   bssBANK2     0002A8
_TXREG2                                         (abs)        000F73
_TXSTA2                                         (abs)        000F72
_TXSTA2bits                                     (abs)        000F72
_WPUB                                           (abs)        000F61
__HRAM                                          (abs)        000000
__Habs1                                         abs1         000000
__Hbank0                                        bank0        000000
__Hbank1                                        bank1        000000
__Hbank10                                       bank10       000000
__Hbank11                                       bank11       000000
__Hbank12                                       bank12       000000
__Hbank13                                       bank13       000000
__Hbank14                                       bank14       000000
__Hbank15                                       bank15       000000
__Hbank2                                        bank2        000000
__Hbank3                                        bank3        000000
__Hbank4                                        bank4        000000
__Hbank5                                        bank5        000000
__Hbank6                                        bank6        000000
__Hbank7                                        bank7        000000
__Hbank8                                        bank8        000000
__Hbank9                                        bank9        000000
__Hbigbss                                       bigbss       000000
__Hbigdata                                      bigdata      000000
__Hbigram                                       bigram       000000
__Hbss                                          bss          000000
__HbssBANK1                                     bssBANK1     000000
__HbssBANK2                                     bssBANK2     000000
__HbssBANK3                                     bssBANK3     000000
__HbssBANK4                                     bssBANK4     000000
__HbssBANK5                                     bssBANK5     000000
__HbssBIGRAM                                    bssBIGRAM    000000
__HbssCOMRAM                                    bssCOMRAM    000000
__Hcinit                                        cinit        000000
__Hclrtext                                      clrtext      000000
__Hcomram                                       comram       000000
__Hconfig                                       config       30000E
__Hconst                                        const        000000
__HcstackBANK0                                  cstackBANK0  000000
__HcstackBANK1                                  cstackBANK1  000000
__HcstackCOMRAM                                 cstackCOMRAM 000000
__Hdata                                         data         000000
__HdataBANK1                                    dataBANK1    000000
__HdataBANK2                                    dataBANK2    000000
__HdataBANK3                                    dataBANK3    000000
__HdataBANK4                                    dataBANK4    000000
__Heeprom_data                                  eeprom_data  000000
__Hfarbss                                       farbss       000000
__Hfardata                                      fardata      000000
__Hibigdata                                     ibigdata     000000
__Hidata                                        idata        000000
__HidataBANK1                                   idataBANK1   000000
__HidataBANK2                                   idataBANK2   000000
__HidataBANK3                                   idataBANK3   000000
__HidataBANK4                                   idataBANK4   000000
__Hidloc                                        idloc        200008
__Hifardata                                     ifardata     000000
__Hinit                                         init         0000C2
__Hintcode                                      intcode      0000BE
__Hintcode_body                                 intcode_body 000000
__Hintcodelo                                    intcodelo    0000BE
__Hintentry                                     intentry     000000
__Hintret                                       intret       000000
__Hintsave_regs                                 intsave_regs 000000
__Hirdata                                       irdata       000000
__Hmediumconst                                  mediumconst  010000
__HnvFARRAM                                     nvFARRAM     000000
__Hnvbit                                        nvbit        000000
__Hnvrram                                       nvrram       000000
__Hparam                                        rparam       000000
__Hpowerup                                      powerup      0000BE
__Hram                                          ram          000000
__Hramtop                                       ramtop       001000
__Hrbit                                         rbit         000000
__Hrbss                                         rbss         000000
__Hrdata                                        rdata        000000
__Hreset_vec                                    reset_vec    000004
__Hrparam                                       rparam       000000
__Hsfr                                          sfr          000000
__Hsmallconst                                   smallconst   000000
__Hspace_0                                      (abs)        010000
__Hspace_1                                      (abs)        000988
__Hspace_2                                      (abs)        000000
__Hspace_4                                      (abs)        60000E
__Hstack                                        stack        000000
__Hstruct                                       struct       000000
__Htemp                                         temp         00005A
__Htext                                         text         000000
__Htext0                                        text0        000000
__Htext1                                        text1        000000
__Htext10                                       text10       000000
__Htext100                                      text100      000000
__Htext101                                      text101      000000
__Htext102                                      text102      000000
__Htext103                                      text103      000000
__Htext104                                      text104      000000
__Htext105                                      text105      000000
__Htext106                                      text106      000000
__Htext107                                      text107      000000
__Htext108                                      text108      000000
__Htext109                                      text109      000000
__Htext11                                       text11       000000
__Htext110                                      text110      000000
__Htext111                                      text111      000000
__Htext112                                      text112      000000
__Htext113                                      text113      000000
__Htext114                                      text114      000000
__Htext115                                      text115      000000
__Htext116                                      text116      000000
__Htext117                                      text117      000000
__Htext118                                      text118      000000
__Htext119                                      text119      000000
__Htext12                                       text12       000000
__Htext120                                      text120      000000
__Htext121                                      text121      000000
__Htext122                                      text122      000000
__Htext123                                      text123      000000
__Htext124                                      text124      000000
__Htext125                                      text125      000000
__Htext126                                      text126      000000
__Htext127                                      text127      000000
__Htext128                                      text128      000000
__Htext129                                      text129      000000
__Htext13                                       text13       000000
__Htext130                                      text130      000000
__Htext131                                      text131      000000
__Htext132                                      text132      000000
__Htext133                                      text133      000000
__Htext134                                      text134      000000
[...]
isa$xinst                                       (abs)        000000
isalpha@c                                       cstackCOMRAM 000007
isdigit@c                                       cstackCOMRAM 000007
islower@c                                       cstackCOMRAM 000007
isspace@c                                       cstackCOMRAM 000007
isupper@c                                       cstackCOMRAM 000007
main@now                                        cstackBANK1  0001D7
makeIpv4AddresstoStr@ip_str                     bssBANK3     000389
memcpy@d                                        cstackCOMRAM 00000E
memcpy@d1                                       cstackCOMRAM 000007
memcpy@n                                        cstackCOMRAM 00000B
memcpy@s                                        cstackCOMRAM 000010
memcpy@s1                                       cstackCOMRAM 000009
memcpy@tmp                                      cstackCOMRAM 00000D
pad@buf                                         cstackCOMRAM 000019
pad@fp                                          cstackCOMRAM 000017
pad@i                                           cstackCOMRAM 00001E
pad@p                                           cstackCOMRAM 00001B
pad@w                                           cstackCOMRAM 000020
printf@ap                                       cstackCOMRAM 000051
printf@fmt                                      cstackBANK0  00008D
spi_master_open@config                          cstackCOMRAM 00000B
sprintf@ap                                      cstackBANK0  000099
sprintf@f                                       cstackBANK0  00009B
sprintf@fmt                                     cstackBANK0  00008F
sprintf@s                                       cstackBANK0  00008D
stackhi                                         (abs)        000F37
stacklo                                         (abs)        000988
start                                           init         0000BE
start_initialization                            cinit        0078A6
stoa@F1141                                      dataBANK2    0002E9
stoa@cp                                         cstackCOMRAM 000020
stoa@fp                                         cstackCOMRAM 000010
stoa@i                                          cstackCOMRAM 00001C
stoa@l                                          cstackCOMRAM 000024
stoa@nuls                                       cstackCOMRAM 000015
stoa@p                                          cstackCOMRAM 000022
stoa@s                                          cstackCOMRAM 000012
stoa@w                                          cstackCOMRAM 00001E
strlen@a                                        cstackCOMRAM 000009
strlen@s                                        cstackCOMRAM 000007
strncmp@_l                                      cstackCOMRAM 000007
strncmp@_r                                      cstackCOMRAM 000009
strncmp@l                                       cstackCOMRAM 00000E
strncmp@n                                       cstackCOMRAM 00000B
strncmp@r                                       cstackCOMRAM 000010
strtok@p                                        bssBANK2     000278
time@gie_val                                    cstackCOMRAM 00000F
time@t                                          cstackCOMRAM 000007
time@the_time                                   cstackCOMRAM 000010
toupper@c                                       cstackCOMRAM 00000D
ttemp5                                          temp         00005A
ttemp6                                          temp         00005D
ttemp7                                          temp         000061
utoa@d                                          cstackCOMRAM 000024
utoa@fp                                         cstackCOMRAM 000022
utoa@i                                          cstackCOMRAM 000040
utoa@n                                          cstackCOMRAM 000038
utoa@p                                          cstackCOMRAM 000034
utoa@w                                          cstackCOMRAM 000036
vfpfcnvrt@ap                                    cstackCOMRAM 00004D
vfpfcnvrt@c                                     cstackBANK0  00007E
vfpfcnvrt@cp                                    cstackBANK0  00006E
vfpfcnvrt@done                                  cstackBANK0  000070
vfpfcnvrt@fmt                                   cstackCOMRAM 00004B
vfpfcnvrt@fp                                    cstackCOMRAM 000049
vfpfcnvrt@ll                                    cstackBANK0  000076
vfpfcnvrt@llu                                   cstackBANK0  00007F
vfprintf@ap                                     cstackBANK0  00008B
vfprintf@cfmt                                   cstackCOMRAM 00004F
vfprintf@fmt                                    cstackBANK0  000089
vfprintf@fp                                     cstackBANK0  000087
wtemp8                                          temp         00005A
xtoa@c                                          cstackCOMRAM 000047
xtoa@d                                          cstackCOMRAM 000024
xtoa@fp                                         cstackCOMRAM 000022
xtoa@i                                          cstackCOMRAM 000045
xtoa@n                                          cstackCOMRAM 00003D
xtoa@p                                          cstackCOMRAM 000039
xtoa@w                                          cstackCOMRAM 00003B
xtoa@x                                          cstackCOMRAM 00002C


MODULE INFORMATION

Module		Function		Class		Link	Load	Size
C:\Program Files\Microchip\xc8\v2.32\pic\sources\c99\common\nf_sprintf.c
		_sprintf       		CODE           	8D58	0000	82

C:\Program Files\Microchip\xc8\v2.32\pic\sources\c99\common\nf_sprintf.c estimated size: 82

C:\Program Files\Microchip\xc8\v2.32\pic\sources\c99\common\isdigit.c
		_isdigit       		CODE           	9270	0000	56

C:\Program Files\Microchip\xc8\v2.32\pic\sources\c99\common\isdigit.c estimated size: 56

C:\Program Files\Microchip\xc8\v2.32\pic\sources\c99\common\aldiv.c
		___aldiv       		CODE           	70DE	0000	268

C:\Program Files\Microchip\xc8\v2.32\pic\sources\c99\common\aldiv.c estimated size: 268

mcc_generated_files/eusart2.c
		_EUSART2_puts  		CODE           	8A1A	0000	98
		_EUSART2_SetOverrunErrorHandler		CODE           	9968	0000	10
		_EUSART2_SetErrorHandler		CODE           	997C	0000	10
		_EUSART2_Write 		CODE           	9856	0000	22
		_EUSART2_putrs 		CODE           	911C	0000	58
		_EUSART2_Receive_ISR		CODE           	7E6C	0000	188
		_EUSART2_RxDataHandler		CODE           	94D2	0000	44
		_EUSART2_DefaultOverrunErrorHandler		CODE           	999E	0000	6
		_EUSART2_DefaultFramingErrorHandler		CODE           	99B8	0000	2
		_EUSART2_SetRxInterruptHandler		CODE           	995E	0000	10
		_EUSART2_Initialize		CODE           	8ADC	0000	94
		_EUSART2_DefaultErrorHandler		CODE           	99A4	0000	6
		_EUSART2_SetFramingErrorHandler		CODE           	9972	0000	10

mcc_generated_files/eusart2.c estimated size: 558

mcc_generated_files/TCPIPLibrary/tcpv4.c
		_TCP_Close     		CODE           	73FA	0000	242
		_TCP_InsertRxBuffer		CODE           	808E	0000	168
		_TCP_FiniteStateMachine		CODE           	00C2	0000	6858
		_TCP_Bind      		CODE           	9448	0000	46
		_TCB_Check     		CODE           	8286	0000	160
		_TCP_ParseTCPOptions		CODE           	5976	0000	454
		_TCB_Remove    		CODE           	798C	0000	228
		_TCP_Listen    		CODE           	83C0	0000	152
		_TCP_GetRxLength		CODE           	8694	0000	126
		_TCB_Reset     		CODE           	6EB0	0000	282
		_TCP_GetReceivedData		CODE           	7F28	0000	180
		_TCP_Init      		CODE           	9528	0000	42
		_TCP_Send      		CODE           	6D92	0000	286
		_TCP_SocketRemove		CODE           	934A	0000	52
		_TCP_SendDone  		CODE           	8EE2	0000	68
		_TCP_TimoutRetransmit		CODE           	8878	0000	108
		_TCP_SocketPoll		CODE           	937E	0000	52
		_TCP_SocketInit		CODE           	6C70	0000	290
		_TCP_Snd       		CODE           	2C1C	0000	1840
		_TCB_Insert    		CODE           	8B98	0000	92
		_TCP_PayloadSave		CODE           	64A4	0000	368
		_TCP_Recv      		CODE           	39CE	0000	1326
		_TCP_Update    		CODE           	5370	0000	520

mcc_generated_files/TCPIPLibrary/tcpv4.c estimated size: 13940

C:\Program Files\Microchip\xc8\v2.32\pic\sources\c99\common\doprnt.c
		_vfpfcnvrt     		CODE           	1B8C	0000	2370
		_pad           		CODE           	7CE4	0000	198
		_dtoa          		CODE           	3EFC	0000	740
		_vfprintf      		CODE           	89B6	0000	100
		_stoa          		CODE           	5CFA	0000	414
		_utoa          		CODE           	5578	0000	516
		_xtoa          		CODE           	41E0	0000	730

C:\Program Files\Microchip\xc8\v2.32\pic\sources\c99\common\doprnt.c estimated size: 5068

mcc_generated_files/interrupt_manager.c
		_INTERRUPT_Initialize		CODE           	99AE	0000	4
		_INTERRUPT_InterruptManager		CODE           	0008	0000	182

mcc_generated_files/interrupt_manager.c estimated size: 186

mcc_generated_files/TCPIPLibrary/ENC28J60.c
		_ETH_SendSystemReset		CODE           	991C	0000	12
		_ETH_NewPacket 		CODE           	577C	0000	506
		_ETH_ComputeChecksum		CODE           	6A14	0000	310
		_ENC28_PhyRead 		CODE           	8E9C	0000	70
		_ETH_CheckLinkUp		CODE           	957C	0000	42
		_ENC28_PhyWrite		CODE           	90E2	0000	58
		_ETH_Write8    		CODE           	97C4	0000	26
		_ETH_Write32   		CODE           	9476	0000	46
		_ETH_Write16   		CODE           	96D0	0000	34
		_ENC28_Bfc     		CODE           	976E	0000	30
		_ENC28_Bfs     		CODE           	9750	0000	30
		_ETH_Shift_Tx_Packets		CODE           	4F40	0000	544
		_ENC28_Rcr8    		CODE           	9712	0000	32
		_ETH_Insert    		CODE           	8612	0000	130
		_ENC28_Rcr16   		CODE           	902C	0000	62
		_ETH_Read8     		CODE           	9840	0000	22
		_ETH_Read16    		CODE           	9552	0000	42
		_ETH_GetRxByteCount		CODE           	9986	0000	10
		_ETH_OpenSPI   		CODE           	97F8	0000	24
		_ETH_Init      		CODE           	5160	0000	528
		_ENC28_BankSel 		CODE           	8C50	0000	92
		_ETH_RxComputeChecksum		CODE           	8BF4	0000	92
		_ETH_SetRxByteCount		CODE           	9928	0000	12
		_ETH_NextPacketUpdate		CODE           	8458	0000	150
		_ETH_Flush     		CODE           	8D02	0000	86
		_ETH_PacketListReset		CODE           	8CAC	0000	86
		_ETH_WriteBlock		CODE           	8950	0000	102
		_ETH_Send      		CODE           	74EC	0000	242
		_ETH_WriteStart		CODE           	4A2E	0000	654
		_ETH_ReadBlock 		CODE           	8712	0000	126
		_ETH_Copy      		CODE           	6330	0000	372
		_ETH_GetMAC    		CODE           	8790	0000	122
		_ETH_ResetByteCount		CODE           	98FE	0000	16
		_ETH_SaveRDPT  		CODE           	98EE	0000	16
		_ETH_Dump      		CODE           	880A	0000	110
		_ENC28_Wcr8    		CODE           	9732	0000	30
		_ETH_SendQueued		CODE           	8136	0000	168
		_ENC28_Wcr16   		CODE           	92DE	0000	54
		_ETH_TxComputeChecksum		CODE           	5B3C	0000	446
		_ETH_RemovePacket		CODE           	6FCA	0000	276
		_ETH_GetReadPtr		CODE           	98DE	0000	16
		_ETH_EventHandler		CODE           	72F2	0000	264
		_ETH_SetReadPtr		CODE           	98CE	0000	16

mcc_generated_files/TCPIPLibrary/ENC28J60.c estimated size: 6106

mcc_generated_files/tmr0.c
		_TMR0_SetInterruptHandler		CODE           	9940	0000	10
		_TMR0_DefaultInterruptHandler		CODE           	99B6	0000	2
		_TMR0_ISR      		CODE           	8FEC	0000	64
		_TMR0_Initialize		CODE           	9190	0000	56

mcc_generated_files/tmr0.c estimated size: 132

C:\Program Files\Microchip\xc8\v2.32\pic\sources\c99\common\lomod.c
		___lomod       		CODE           	7B4A	0000	208

C:\Program Files\Microchip\xc8\v2.32\pic\sources\c99\common\lomod.c estimated size: 208

I2C.c
		_i2c_start     		CODE           	9880	0000	20
		_I2C_INTIALIZE 		CODE           	8A7C	0000	96
		_i2c_RS        		CODE           	9894	0000	20
		_i2c_write     		CODE           	9810	0000	24
		_i2c_stop      		CODE           	986C	0000	20
		_i2c_read      		CODE           	93E6	0000	50

I2C.c estimated size: 230

mcc_generated_files/pin_manager.c
		_PIN_MANAGER_Initialize		CODE           	8F6A	0000	66

mcc_generated_files/pin_manager.c estimated size: 66

mcc_generated_files/TCPIPLibrary/ip_database.c
		_ipdb_init     		CODE           	84EE	0000	148

mcc_generated_files/TCPIPLibrary/ip_database.c estimated size: 148

mcc_generated_files/TCPIPLibrary/icmp.c
		_resetPortUnreachable		CODE           	9934	0000	12
		_ICMP_Receive  		CODE           	71EA	0000	264
		_isPortUnreachable		CODE           	9668	0000	36
		_ICMP_EchoReply		CODE           	61BA	0000	374

mcc_generated_files/TCPIPLibrary/icmp.c estimated size: 686

mcc_generated_files/TCPIPLibrary/log.c
		_LOG_Init      		CODE           	7DAA	0000	194

mcc_generated_files/TCPIPLibrary/log.c estimated size: 194

C:\Program Files\Microchip\xc8\v2.32\pic\sources\c99\common\memcpy.c
		_memcpy        		CODE           	8E4C	0000	80

C:\Program Files\Microchip\xc8\v2.32\pic\sources\c99\common\memcpy.c estimated size: 80

C:\Program Files\Microchip\xc8\v2.32\pic\sources\c99\common\atoi.c
		_atoi          		CODE           	5E98	0000	410

C:\Program Files\Microchip\xc8\v2.32\pic\sources\c99\common\atoi.c estimated size: 410

mcc_generated_files/TCPIPLibrary/network.c
		_Network_SaveStartPosition		CODE           	990E	0000	14
		_Network_Read  		CODE           	6778	0000	350
		_Network_Init  		CODE           	96AE	0000	34
		_Network_WaitForLink		CODE           	97A8	0000	28
		_timersInit    		CODE           	9644	0000	36
		_Network_Manage		CODE           	68D6	0000	318

mcc_generated_files/TCPIPLibrary/network.c estimated size: 780

C:\Program Files\Microchip\xc8\v2.32\pic\sources\c99\common\nf_fputs.c
		_fputs         		CODE           	8F26	0000	68

C:\Program Files\Microchip\xc8\v2.32\pic\sources\c99\common\nf_fputs.c estimated size: 68

C:\Program Files\Microchip\xc8\v2.32\pic\sources\c99\common\putch.c
		_putch         		CODE           	99B2	0000	2

C:\Program Files\Microchip\xc8\v2.32\pic\sources\c99\common\putch.c estimated size: 2

C:\Program Files\Microchip\xc8\v2.32\pic\sources\c99\common\isupper.c
		_isupper       		CODE           	9238	0000	56

C:\Program Files\Microchip\xc8\v2.32\pic\sources\c99\common\isupper.c estimated size: 56

C:\Program Files\Microchip\xc8\v2.32\pic\sources\c99\common\Umul16.c
		___wmul        		CODE           	961E	0000	38

C:\Program Files\Microchip\xc8\v2.32\pic\sources\c99\common\Umul16.c estimated size: 38

C:\Program Files\Microchip\xc8\v2.32\pic\sources\c99\common\abs.c
		_abs           		CODE           	8FAC	0000	64

C:\Program Files\Microchip\xc8\v2.32\pic\sources\c99\common\abs.c estimated size: 64

mcc_generated_files/TCPIPLibrary/arpv4.c
		_ARPV4_Packet  		CODE           	24CE	0000	1870
		_ARPV4_Init    		CODE           	93B2	0000	52
		_ARPV4_Lookup  		CODE           	88E4	0000	108
		_ARPV4_Update  		CODE           	9314	0000	54
		_ARPV4_Request 		CODE           	44BA	0000	704

mcc_generated_files/TCPIPLibrary/arpv4.c estimated size: 2788

C:\Program Files\Microchip\xc8\v2.32\pic\sources\c99\common\aomod.c
		___aomod       		CODE           	6614	0000	356

C:\Program Files\Microchip\xc8\v2.32\pic\sources\c99\common\aomod.c estimated size: 356

mcc_generated_files/TCPIPLibrary/mac_address.c
		_MAC_getAddress		CODE           	9954	0000	10

mcc_generated_files/TCPIPLibrary/mac_address.c estimated size: 10

mcc_generated_files/TCPIPLibrary/ipv4.c
		_IPV4_Send     		CODE           	8326	0000	154
		_getHeaderLen  		CODE           	90A6	0000	60
		_IPV4_Packet   		CODE           	334C	0000	1666
		_IPV4_PseudoHeaderChecksum		CODE           	76CE	0000	240
		_IPv4_Start    		CODE           	4CBC	0000	644
		_IPV4_Init     		CODE           	9998	0000	6

mcc_generated_files/TCPIPLibrary/ipv4.c estimated size: 2770

C:\Program Files\Microchip\xc8\v2.32\pic\sources\c99\common\isspace.c
		_isspace       		CODE           	8DAA	0000	82

C:\Program Files\Microchip\xc8\v2.32\pic\sources\c99\common\isspace.c estimated size: 82

mcc_generated_files/TCPIPLibrary/rtcc.c
		_rtcc_handler  		CODE           	9828	0000	24
		_rtcc_init     		CODE           	9418	0000	48
		_time          		CODE           	8582	0000	144

mcc_generated_files/TCPIPLibrary/rtcc.c estimated size: 216

C:\Program Files\Microchip\xc8\v2.32\pic\sources\c99\common\islower.c
		_islower       		CODE           	9200	0000	56

C:\Program Files\Microchip\xc8\v2.32\pic\sources\c99\common\islower.c estimated size: 56

C:\Program Files\Microchip\xc8\v2.32\pic\sources\c99\common\lodiv.c
		___lodiv       		CODE           	75DE	0000	240

C:\Program Files\Microchip\xc8\v2.32\pic\sources\c99\common\lodiv.c estimated size: 240

C:\Program Files\Microchip\xc8\v2.32\pic\sources\c99\common\strncmp.c
		_strncmp       		CODE           	6B4A	0000	294

C:\Program Files\Microchip\xc8\v2.32\pic\sources\c99\common\strncmp.c estimated size: 294

mcc_generated_files/drivers/spi_master.c
		_spi_master_open		CODE           	91C8	0000	56
		_MAC_open      		CODE           	9990	0000	8

mcc_generated_files/drivers/spi_master.c estimated size: 64

shared
		___secs_to_tm@days_in_month		MEDIUMCONST    	F805	0000	12
		__initialization		CODE           	78A6	0000	220
		_xorSequences  		MEDIUMCONST    	F7F3	0000	18
		___month_to_secs@secs_through_month		MEDIUMCONST    	0000	0000	0
		_broadcastMAC  		MEDIUMCONST    	F819	0000	6
		_severityThresholdTable		MEDIUMCONST    	F7AF	0000	48
		___gmt         		MEDIUMCONST    	F81F	0000	4
		_spiMaster     		MEDIUMCONST    	F7DF	0000	20
		_spi2_configuration		MEDIUMCONST    	F811	0000	8

shared estimated size: 336

mcc_generated_files/mcc.c
		_OSCILLATOR_Initialize		CODE           	978C	0000	28
		_SYSTEM_Initialize		CODE           	968C	0000	34

mcc_generated_files/mcc.c estimated size: 62

DS3231.c
		_DS3231_read   		CODE           	81DE	0000	168
		_DS3231_Display_UART		CODE           	7A70	0000	218
		_BCD_to_ASCII  		CODE           	95CE	0000	40

DS3231.c estimated size: 426

C:\Program Files\Microchip\xc8\v2.32\pic\sources\c99\common\toupper.c
		_toupper       		CODE           	8B3A	0000	94

C:\Program Files\Microchip\xc8\v2.32\pic\sources\c99\common\toupper.c estimated size: 94

mcc_generated_files/tmr1.c
		_TMR1_Initialize		CODE           	94FE	0000	42
		_TMR1_SetInterruptHandler		CODE           	994A	0000	10
		_TMR1_DefaultInterruptHandler		CODE           	99B4	0000	2
		_TMR1_CallBack 		CODE           	94A4	0000	46
		_TMR1_WriteTimer		CODE           	95F6	0000	40
		_TMR1_ISR      		CODE           	9156	0000	58

mcc_generated_files/tmr1.c estimated size: 198

C:\Program Files\Microchip\xc8\v2.32\pic\sources\c99\common\isalpha.c
		_isalpha       		CODE           	906A	0000	60

C:\Program Files\Microchip\xc8\v2.32\pic\sources\c99\common\isalpha.c estimated size: 60

mcc_generated_files/spi2.c
		_SPI2_ExchangeByte		CODE           	97DE	0000	26
		_SPI2_Open     		CODE           	7FDC	0000	178
		_SPI2_Initialize		CODE           	98BC	0000	18

mcc_generated_files/spi2.c estimated size: 222

C:\Program Files\Microchip\xc8\v2.32\pic\sources\c99\common\printf.c
		_printf        		CODE           	95A6	0000	40

C:\Program Files\Microchip\xc8\v2.32\pic\sources\c99\common\printf.c estimated size: 40

C:\Program Files\Microchip\xc8\v2.32\pic\sources\c99\common\nf_fputc.c
		_fputc         		CODE           	7C1A	0000	202

C:\Program Files\Microchip\xc8\v2.32\pic\sources\c99\common\nf_fputc.c estimated size: 202

C:\Program Files\Microchip\xc8\v2.32\pic\sources\c99\common\aodiv.c
		___aodiv       		CODE           	6032	0000	392

C:\Program Files\Microchip\xc8\v2.32\pic\sources\c99\common\aodiv.c estimated size: 392

main.c
		_main          		CODE           	77BE	0000	232
		_TCP_Handle    		CODE           	477A	0000	692

main.c estimated size: 924

C:\Program Files\Microchip\xc8\v2.32\pic\sources\c99\common\strlen.c
		_strlen        		CODE           	8DFC	0000	80

C:\Program Files\Microchip\xc8\v2.32\pic\sources\c99\common\strlen.c estimated size: 80

