Microchip MPLAB XC8 Compiler V2.32

Linker command line:

-W-3 --edf=C:\Program Files\Microchip\xc8\v2.32\pic\dat\en_msgs.txt -cn \
  -h+dist/default/production\Ethernet.X.production.sym \
  --cmf=dist/default/production\Ethernet.X.production.cmf -z -w9 \
  --disl=596:off --norlf -Q18LF46K22 \
  -oC:\Users\kolel\AppData\Local\Temp\xcAs5kg.4 --defsym=__MPLAB_BUILD=1 \
  -Mdist/default/production/Ethernet.X.production.map -E1 -ver=XC8 Compiler \
  --acfsm=1493 -ACODE=00h-0FFFFh -ACONST=00h-0FFFFh \
  -ASMALLCONST=01000h-010FFhx240 -AMEDIUMCONST=01000h-0FFFFh \
  -ACOMRAM=01h-05Fh -AABS1=00h-0F37h -ABIGRAM=01h-0F37h \
  -ARAM=060h-0FFh,0100h-01FFhx14,0F00h-0F37h -ABANK0=060h-0FFh \
  -ABANK1=0100h-01FFh -ABANK2=0200h-02FFh -ABANK3=0300h-03FFh \
  -ABANK4=0400h-04FFh -ABANK5=0500h-05FFh -ABANK6=0600h-06FFh \
  -ABANK7=0700h-07FFh -ABANK8=0800h-08FFh -ABANK9=0900h-09FFh \
  -ABANK10=0A00h-0AFFh -ABANK11=0B00h-0BFFh -ABANK12=0C00h-0CFFh \
  -ABANK13=0D00h-0DFFh -ABANK14=0E00h-0EFFh -ABANK15=0F00h-0F37h \
  -ASFR=0F38h-0F5Fh,0F60h-0FFFh -ACONFIG=0300000h-030000Dh \
  -AIDLOC=0200000h-0200007h -AEEDATA=0F00000h-0F003FFh -peeprom_data=EEDATA \
  -preset_vec=00h,intcode,intcodelo,powerup,init -pramtop=01000h \
  -psmallconst=SMALLCONST -pmediumconst=MEDIUMCONST -pconst=CONST \
  -AFARRAM=00h-00h \
  -prdata=COMRAM,nvrram=COMRAM,nvbit=COMRAM,rbss=COMRAM,rbit=COMRAM \
  -pfarbss=FARRAM,fardata=FARRAM,nvFARRAM=FARRAM \
  -pintsave_regs=BIGRAM,bigbss=BIGRAM,bigdata=BIGRAM -pbss=RAM \
  -pidata=CODE,irdata=CODE,ibigdata=CODE,ifardata=CODE \
  C:\Users\kolel\AppData\Local\Temp\xcAs5kg.o \
  dist/default/production\Ethernet.X.production.o 

Object code version is 3.11

Machine type is 18LF46K22



                Name                               Link     Load   Length Selector   Space Scale
C:\Users\kolel\AppData\Local\Temp\xcAs5kg.o
                idloc                            200000   200000        8        0       5
                config                           300000   300000        E        0       4
                init                                106      106        4        0       0
dist/default/production\Ethernet.X.production.o
                intcode                               0        0      106        0       0
                idloc                            200000   200000        8        0       5
                config                           300000   300000        E        0       4
                temp                                 4F       4F        1        1       1
                mediumconst                        FC64     FC64      39C     7E32       0
                text153                            6E16     6E16       2C     370B       0
                text152                            69BC     69BC        6     34DE       0
                text151                            69AC     69AC        2     34D6       0
                text150                            69C2     69C2        6     34E1       0
                text149                            821C     821C       C0     410E       0
                text148                            69AE     69AE        2     34D7       0
                text147                            72BE     72BE       42     395F       0
                text146                            6AEA     6AEA       18     3575       0
                text145                            69B0     69B0        2     34D8       0
                text144                            6E42     6E42       2E     3721       0
                text143                            6CF4     6CF4       28     367A       0
                text142                            711A     711A       3A     388D       0
                text140                            6F96     6F96       36     37CB       0
                text139                            6B1A     6B1A       1A     358D       0
                text138                            7600     7600       5C     3B00       0
                text137                            6B86     6B86       1E     35C3       0
                text136                            6BA4     6BA4       1E     35D2       0
                text135                            7240     7240       3E     3920       0
                text134                            6BE0     6BE0       20     35F0       0
                text133                            6BC2     6BC2       1E     35E1       0
                text132                            73CA     73CA       46     39E5       0
                text131                            6D44     6D44       2A     36A2       0
                text130                            8E8E     8E8E      114     4747       0
                text129                            6FCC     6FCC       36     37E6       0
                text128                            7F6A     7F6A       A4     3FB5       0
                text127                            6CCE     6CCE       26     3667       0
                text126                            A9A8     A9A8      218     54D4       0
                text125                            8B6C     8B6C      108     45B6       0
                text124                            7A60     7A60       7E     3D30       0
                text123                            8A7A     8A7A       F2     453D       0
                text122                            77D0     77D0       66     3BE8       0
                text121                            A3A4     A3A4      1F8     51D2       0
                text120                            6A58     6A58       10     352C       0
                text119                            B032     B032      284     5819       0
                text118                            7410     7410       50     3A08       0
                text117                            D08C     D08C      776     6846       0
                text116                            7554     7554       56     3AAA       0
                text115                            7D02     7D02       96     3E81       0
                text114                            6ABE     6ABE       16     355F       0
                text113                            91DE     91DE      136     48EF       0
                text112                            765C     765C       5C     3B2E       0
                text111                            7978     7978       6E     3CBC       0
                text110                            987A     987A      174     4C3D       0
                text109                            6D6E     6D6E       2A     36B7       0
                text108                            6A68     6A68       10     3534       0
                text107                            7B5C     7B5C       82     3DAE       0
                text106                            A020     A020      1BE     5010       0
                text105                            7E30     7E30       9A     3F18       0
                text104                            78A0     78A0       6C     3C50       0
                text103                            B544     B544      2DC     5AA2       0
                text102                            6C20     6C20       22     3610       0
                text101                            6E70     6E70       2E     3738       0
                text100                            6B34     6B34       1A     359A       0
                text99                             B2B6     B2B6      28E     595B       0
                text98                             99EE     99EE      176     4CF7       0
                text97                             8C74     8C74      108     463A       0
                text96                             889A     889A       F0     444D       0
                text95                             8FA2     8FA2      11A     47D1       0
                text94                             C992     C992      6FA     64C9       0
                text93                             970A     970A      170     4B85       0
                text92                             7836     7836       6A     3C1B       0
                text91                             6C86     6C86       24     3643       0
                text90                             6A26     6A26        C     3513       0
                text89                             E13A     E13A     1B2A     709D       0
                text88                             A1DE     A1DE      1C6     50EF       0
                text87                             BDE2     BDE2      52E     5EF1       0
                text86                             6A78     6A78       10     353C       0
                text85                             69D6     69D6        A     34EB       0
                text84                             6A88     6A88       10     3544       0
                text83                             6A32     6A32        C     3519       0
                text82                             71C8     71C8       3C     38E4       0
                text81                             7002     7002       38     3801       0
                text80                             74B0     74B0       52     3A58       0
                text79                             9CEC     9CEC      19A     4E76       0
                text78                             9B64     9B64      188     4DB2       0
                text77                             95A6     95A6      164     4AD3       0
                text76                             727E     727E       40     393F       0
                text75                             69B2     69B2        2     34D9       0
                text74                             8460     8460       CA     4230       0
                text73                             7342     7342       44     39A1       0
                text72                             7460     7460       50     3A30       0
                text71                             82DC     82DC       C2     416E       0
                text70                             BAFE     BAFE      2E4     5D7F       0
                text69                             9E86     9E86      19A     4F43       0
                text68                             87B0     87B0       EA     43D8       0
                text67                             898A     898A       F0     44C5       0
                text66                             852A     852A       D0     4295       0
                text65                             A7A0     A7A0      208     53D0       0
                text64                             7204     7204       3C     3902       0
                text63                             703A     703A       38     381D       0
                text62                             7072     7072       38     3839       0
                text61                             7714     7714       5E     3B8A       0
                text60                             B820     B820      2DE     5C10       0
                text59                             D802     D802      938     6C01       0
                text58                             790C     790C       6C     3C86       0
                text57                             7502     7502       52     3A81       0
                text56                             C310     C310      682     6188       0
                text55                             6A4A     6A4A        E     3525       0
                text54                             9452     9452      154     4A29       0
                text53                             ABC0     ABC0      22A     55E0       0
                text52                             7BDE     7BDE       90     3DEF       0
                text51                             9314     9314      13E     498A       0
                text50                             69E0     69E0        A     34F0       0
                text49                             69EA     69EA        A     34F5       0
                text48                             69F4     69F4        A     34FA       0
                text47                             69FE     69FE        A     34FF       0
                text46                             7772     7772       5E     3BB9       0
                text45                             69B4     69B4        4     34DA       0
                text44                             79E6     79E6       7A     3CF3       0
                text43                             6F2E     6F2E       34     3797       0
                text42                             7154     7154       3A     38AA       0
                text41                             80B6     80B6       B2     405B       0
                text40                             69CE     69CE        8     34E7       0
                text39                             70AA     70AA       38     3855       0
                text38                             6B02     6B02       18     3581       0
                text37                             75AA     75AA       56     3AD5       0
                text36                             6A3E     6A3E        C     351F       0
                text35                             6A08     6A08        A     3504       0
                text34                             A59C     A59C      204     52CE       0
                text33                             7C6E     7C6E       94     3E37       0
                text32                             69C8     69C8        6     34E4       0
                text31                             6D1C     6D1C       28     368E       0
                text30                             839E     839E       C2     41CF       0
                text29                             6B4E     6B4E       1C     35A7       0
                text28                             6D98     6D98       2A     36CC       0
                text27                             6A12     6A12        A     3509       0
                text26                             6ECC     6ECC       30     3766       0
                text25                             6CAA     6CAA       24     3655       0
                text24                             6C42     6C42       22     3621       0
                text23                             6B6A     6B6A       1C     35B5       0
                text22                             7300     7300       42     3980       0
                text21                             6A98     6A98       12     354C       0
                text20                             6A1C     6A1C        A     350E       0
                text19                             70E2     70E2       38     3871       0
                text18                             6DC2     6DC2       2A     36E1       0
                text17                             6C64     6C64       22     3632       0
                text16                             6AD4     6AD4       16     356A       0
                text15                             718E     718E       3A     38C7       0
                text14                             7ECA     7ECA       A0     3F65       0
                text13                             6E9E     6E9E       2E     374F       0
                text12                             8168     8168       B4     40B4       0
                text11                             7ADE     7ADE       7E     3D6F       0
                text10                             800E     800E       A8     4007       0
                text9                              7D98     7D98       98     3ECC       0
                text8                              6F62     6F62       34     37B1       0
                text7                              8D7C     8D7C      112     46BE       0
                text6                              7386     7386       44     39C3       0
                text5                              76B8     76B8       5C     3B5C       0
                text4                              90BC     90BC      122     485E       0
                text3                              86CC     86CC       E4     4366       0
                text2                              6DEC     6DEC       2A     36F6       0
                text1                              ADEA     ADEA      248     56F5       0
                text0                              6EFC     6EFC       32     377E       0
                cstackCOMRAM                          1        1       3E        1       1
                cstackBANK0                          60       60       A0       60       1
                cstackBANK1                         100      100       E6      100       1
                cstackBANK3                         3F3      3F3        8      300       1
                bssBANK7                            700      700       FF      700       1
                bssBANK6                            600      600       60      600       1
                dataBANK5                           5C8      5C8       20      500       1
                bssBANK5                            500      500       C8      500       1
                bssBANK4                            400      400       EB      400       1
                bssBANK3                            300      300       F3      300       1
                dataBANK2                           2EA      2EA       13      200       1
                bssBANK2                            200      200       EA      200       1
                dataBANK1                           1F8      1F8        4      100       1
                bssBANK1                            1E6      1E6       12      100       1
                bssCOMRAM                            3F       3F       10        1       1
                cinit                              85FA     85FA       D2     42FD       0
                idataBANK5                         6C00     6C00       20     6C00       0
                idataBANK2                         6AAB     6AAB       13     6AAB       0
                idataBANK1                         69B8     69B8        4     69B8       0

TOTAL           Name                               Link     Load   Length     Space
        CLASS   CODE           
                intcode                               0        0      106         0
                init                                106      106        4         0
                text153                            6E16     6E16       2C         0
                text152                            69BC     69BC        6         0
                text151                            69AC     69AC        2         0
                text150                            69C2     69C2        6         0
                text149                            821C     821C       C0         0
                text148                            69AE     69AE        2         0
                text147                            72BE     72BE       42         0
                text146                            6AEA     6AEA       18         0
                text145                            69B0     69B0        2         0
                text144                            6E42     6E42       2E         0
                text143                            6CF4     6CF4       28         0
                text142                            711A     711A       3A         0
                text140                            6F96     6F96       36         0
                text139                            6B1A     6B1A       1A         0
                text138                            7600     7600       5C         0
                text137                            6B86     6B86       1E         0
                text136                            6BA4     6BA4       1E         0
                text135                            7240     7240       3E         0
                text134                            6BE0     6BE0       20         0
                text133                            6BC2     6BC2       1E         0
                text132                            73CA     73CA       46         0
                text131                            6D44     6D44       2A         0
                text130                            8E8E     8E8E      114         0
                text129                            6FCC     6FCC       36         0
                text128                            7F6A     7F6A       A4         0
                text127                            6CCE     6CCE       26         0
                text126                            A9A8     A9A8      218         0
                text125                            8B6C     8B6C      108         0
                text124                            7A60     7A60       7E         0
                text123                            8A7A     8A7A       F2         0
                text122                            77D0     77D0       66         0
                text121                            A3A4     A3A4      1F8         0
                text120                            6A58     6A58       10         0
                text119                            B032     B032      284         0
                text118                            7410     7410       50         0
                text117                            D08C     D08C      776         0
                text116                            7554     7554       56         0
                text115                            7D02     7D02       96         0
                text114                            6ABE     6ABE       16         0
                text113                            91DE     91DE      136         0
                text112                            765C     765C       5C         0
                text111                            7978     7978       6E         0
                text110                            987A     987A      174         0
                text109                            6D6E     6D6E       2A         0
                text108                            6A68     6A68       10         0
                text107                            7B5C     7B5C       82         0
                text106                            A020     A020      1BE         0
                text105                            7E30     7E30       9A         0
                text104                            78A0     78A0       6C         0
                text103                            B544     B544      2DC         0
                text102                            6C20     6C20       22         0
                text101                            6E70     6E70       2E         0
                text100                            6B34     6B34       1A         0
                text99                             B2B6     B2B6      28E         0
                text98                             99EE     99EE      176         0
                text97                             8C74     8C74      108         0
                text96                             889A     889A       F0         0
                text95                             8FA2     8FA2      11A         0
                text94                             C992     C992      6FA         0
                text93                             970A     970A      170         0
                text92                             7836     7836       6A         0
                text91                             6C86     6C86       24         0
                text90                             6A26     6A26        C         0
                text89                             E13A     E13A     1B2A         0
                text88                             A1DE     A1DE      1C6         0
                text87                             BDE2     BDE2      52E         0
                text86                             6A78     6A78       10         0
                text85                             69D6     69D6        A         0
                text84                             6A88     6A88       10         0
                text83                             6A32     6A32        C         0
                text82                             71C8     71C8       3C         0
                text81                             7002     7002       38         0
                text80                             74B0     74B0       52         0
                text79                             9CEC     9CEC      19A         0
                text78                             9B64     9B64      188         0
                text77                             95A6     95A6      164         0
                text76                             727E     727E       40         0
                text75                             69B2     69B2        2         0
                text74                             8460     8460       CA         0
                text73                             7342     7342       44         0
                text72                             7460     7460       50         0
                text71                             82DC     82DC       C2         0
                text70                             BAFE     BAFE      2E4         0
                text69                             9E86     9E86      19A         0
                text68                             87B0     87B0       EA         0
                text67                             898A     898A       F0         0
                text66                             852A     852A       D0         0
                text65                             A7A0     A7A0      208         0
                text64                             7204     7204       3C         0
                text63                             703A     703A       38         0
                text62                             7072     7072       38         0
                text61                             7714     7714       5E         0
                text60                             B820     B820      2DE         0
                text59                             D802     D802      938         0
                text58                             790C     790C       6C         0
                text57                             7502     7502       52         0
                text56                             C310     C310      682         0
                text55                             6A4A     6A4A        E         0
                text54                             9452     9452      154         0
                text53                             ABC0     ABC0      22A         0
                text52                             7BDE     7BDE       90         0
                text51                             9314     9314      13E         0
                text50                             69E0     69E0        A         0
                text49                             69EA     69EA        A         0
                text48                             69F4     69F4        A         0
                text47                             69FE     69FE        A         0
                text46                             7772     7772       5E         0
                text45                             69B4     69B4        4         0
                text44                             79E6     79E6       7A         0
                text43                             6F2E     6F2E       34         0
                text42                             7154     7154       3A         0
                text41                             80B6     80B6       B2         0
                text40                             69CE     69CE        8         0
                text39                             70AA     70AA       38         0
                text38                             6B02     6B02       18         0
                text37                             75AA     75AA       56         0
                text36                             6A3E     6A3E        C         0
                text35                             6A08     6A08        A         0
                text34                             A59C     A59C      204         0
                text33                             7C6E     7C6E       94         0
                text32                             69C8     69C8        6         0
                text31                             6D1C     6D1C       28         0
                text30                             839E     839E       C2         0
                text29                             6B4E     6B4E       1C         0
                text28                             6D98     6D98       2A         0
                text27                             6A12     6A12        A         0
                text26                             6ECC     6ECC       30         0
                text25                             6CAA     6CAA       24         0
                text24                             6C42     6C42       22         0
                text23                             6B6A     6B6A       1C         0
                text22                             7300     7300       42         0
                text21                             6A98     6A98       12         0
                text20                             6A1C     6A1C        A         0
                text19                             70E2     70E2       38         0
                text18                             6DC2     6DC2       2A         0
                text17                             6C64     6C64       22         0
                text16                             6AD4     6AD4       16         0
                text15                             718E     718E       3A         0
                text14                             7ECA     7ECA       A0         0
                text13                             6E9E     6E9E       2E         0
                text12                             8168     8168       B4         0
                text11                             7ADE     7ADE       7E         0
                text10                             800E     800E       A8         0
                text9                              7D98     7D98       98         0
                text8                              6F62     6F62       34         0
                text7                              8D7C     8D7C      112         0
                text6                              7386     7386       44         0
                text5                              76B8     76B8       5C         0
                text4                              90BC     90BC      122         0
                text3                              86CC     86CC       E4         0
                text2                              6DEC     6DEC       2A         0
                text1                              ADEA     ADEA      248         0
                text0                              6EFC     6EFC       32         0
                cinit                              85FA     85FA       D2         0
                idataBANK5                         6C00     6C00       20         0
                idataBANK2                         6AAB     6AAB       13         0
                idataBANK1                         69B8     69B8        4         0

        CLASS   CONST          

        CLASS   SMALLCONST     

        CLASS   MEDIUMCONST    
                mediumconst                        FC64     FC64      39C         0

        CLASS   COMRAM         
                temp                                 4F       4F        1         1
                cstackCOMRAM                          1        1       3E         1
                bssCOMRAM                            3F       3F       10         1

        CLASS   ABS1           

        CLASS   BIGRAM         

        CLASS   RAM            

        CLASS   BANK0          
                cstackBANK0                          60       60       A0         1

        CLASS   BANK1          
                cstackBANK1                         100      100       E6         1
                dataBANK1                           1F8      1F8        4         1
                bssBANK1                            1E6      1E6       12         1

        CLASS   BANK2          
                dataBANK2                           2EA      2EA       13         1
                bssBANK2                            200      200       EA         1

        CLASS   BANK3          
                cstackBANK3                         3F3      3F3        8         1
                bssBANK3                            300      300       F3         1

        CLASS   BANK4          
                bssBANK4                            400      400       EB         1

        CLASS   BANK5          
                dataBANK5                           5C8      5C8       20         1
                bssBANK5                            500      500       C8         1

        CLASS   BANK6          
                bssBANK6                            600      600       60         1

        CLASS   BANK7          
                bssBANK7                            700      700       FF         1

        CLASS   BANK8          

        CLASS   BANK9          

        CLASS   BANK10         

        CLASS   BANK11         

        CLASS   BANK12         

        CLASS   BANK13         

        CLASS   BANK14         

        CLASS   BANK15         

        CLASS   SFR            

        CLASS   CONFIG         
                config                           300000   300000        E         4

        CLASS   IDLOC          
                idloc                            200000   200000        8         5

        CLASS   EEDATA         

        CLASS   FARRAM         

        CLASS   STACK          



SEGMENTS        Name                           Load    Length   Top    Selector   Space  Class

                reset_vec                      000000  00010A  00010A         0       0  CODE    
                cstackCOMRAM                   000001  00004F  000050         1       1  COMRAM  
                cstackBANK0                    000060  0000A0  000100        60       1  BANK0   
                cstackBANK1                    000100  0000FC  0001FC       100       1  BANK1   
                bssBANK2                       000200  0000FD  0002FD       200       1  BANK2   
                bssBANK3                       000300  0000FB  0003FB       300       1  BANK3   
                bssBANK4                       000400  0000EB  0004EB       400       1  BANK4   
                bssBANK5                       000500  0000E8  0005E8       500       1  BANK5   
                bssBANK6                       000600  000060  000660       600       1  BANK6   
                bssBANK7                       000700  0000FF  0007FF       700       1  BANK7   
                text151                        0069AC  000002  0069AE      34D6       0  CODE    
                text148                        0069AE  000002  0069B0      34D7       0  CODE    
                text145                        0069B0  000002  0069B2      34D8       0  CODE    
                text75                         0069B2  000002  0069B4      34D9       0  CODE    
                text45                         0069B4  000004  0069B8      34DA       0  CODE    
                idataBANK1                     0069B8  000004  0069BC      69B8       0  CODE    
                text152                        0069BC  000006  0069C2      34DE       0  CODE    
                text150                        0069C2  000006  0069C8      34E1       0  CODE    
                text32                         0069C8  000006  0069CE      34E4       0  CODE    
                text40                         0069CE  000008  0069D6      34E7       0  CODE    
                text85                         0069D6  00000A  0069E0      34EB       0  CODE    
                text50                         0069E0  00000A  0069EA      34F0       0  CODE    
                text49                         0069EA  00000A  0069F4      34F5       0  CODE    
                text48                         0069F4  00000A  0069FE      34FA       0  CODE    
                text47                         0069FE  00000A  006A08      34FF       0  CODE    
                text35                         006A08  00000A  006A12      3504       0  CODE    
                text27                         006A12  00000A  006A1C      3509       0  CODE    
                text20                         006A1C  00000A  006A26      350E       0  CODE    
                text90                         006A26  00000C  006A32      3513       0  CODE    
                text83                         006A32  00000C  006A3E      3519       0  CODE    
                text36                         006A3E  00000C  006A4A      351F       0  CODE    
                text55                         006A4A  00000E  006A58      3525       0  CODE    
                text120                        006A58  000010  006A68      352C       0  CODE    
                text108                        006A68  000010  006A78      3534       0  CODE    
                text86                         006A78  000010  006A88      353C       0  CODE    
                text84                         006A88  000010  006A98      3544       0  CODE    
                text21                         006A98  000012  006AAA      354C       0  CODE    
                idataBANK2                     006AAB  000013  006ABE      6AAB       0  CODE    
                text114                        006ABE  000016  006AD4      355F       0  CODE    
                text16                         006AD4  000016  006AEA      356A       0  CODE    
                text146                        006AEA  000018  006B02      3575       0  CODE    
                text38                         006B02  000018  006B1A      3581       0  CODE    
                text139                        006B1A  00001A  006B34      358D       0  CODE    
                text100                        006B34  00001A  006B4E      359A       0  CODE    
                text29                         006B4E  00001C  006B6A      35A7       0  CODE    
                text23                         006B6A  00001C  006B86      35B5       0  CODE    
                text137                        006B86  00001E  006BA4      35C3       0  CODE    
                text136                        006BA4  00001E  006BC2      35D2       0  CODE    
                text133                        006BC2  00001E  006BE0      35E1       0  CODE    
                text134                        006BE0  000020  006C00      35F0       0  CODE    
                idataBANK5                     006C00  000020  006C20      6C00       0  CODE    
                text102                        006C20  000022  006C42      3610       0  CODE    
                text24                         006C42  000022  006C64      3621       0  CODE    
                text17                         006C64  000022  006C86      3632       0  CODE    
                text91                         006C86  000024  006CAA      3643       0  CODE    
                text25                         006CAA  000024  006CCE      3655       0  CODE    
                text127                        006CCE  000026  006CF4      3667       0  CODE    
                text143                        006CF4  000028  006D1C      367A       0  CODE    
                text31                         006D1C  000028  006D44      368E       0  CODE    
                text131                        006D44  00002A  006D6E      36A2       0  CODE    
                text109                        006D6E  00002A  006D98      36B7       0  CODE    
                text28                         006D98  00002A  006DC2      36CC       0  CODE    
                text18                         006DC2  00002A  006DEC      36E1       0  CODE    
                text2                          006DEC  00002A  006E16      36F6       0  CODE    
                text153                        006E16  00002C  006E42      370B       0  CODE    
                text144                        006E42  00002E  006E70      3721       0  CODE    
                text101                        006E70  00002E  006E9E      3738       0  CODE    
                text13                         006E9E  00002E  006ECC      374F       0  CODE    
                text26                         006ECC  000030  006EFC      3766       0  CODE    
                text0                          006EFC  000032  006F2E      377E       0  CODE    
                text43                         006F2E  000034  006F62      3797       0  CODE    
                text8                          006F62  000034  006F96      37B1       0  CODE    
                text140                        006F96  000036  006FCC      37CB       0  CODE    
                text129                        006FCC  000036  007002      37E6       0  CODE    
                text81                         007002  000038  00703A      3801       0  CODE    
                text63                         00703A  000038  007072      381D       0  CODE    
                text62                         007072  000038  0070AA      3839       0  CODE    
                text39                         0070AA  000038  0070E2      3855       0  CODE    
                text19                         0070E2  000038  00711A      3871       0  CODE    
                text142                        00711A  00003A  007154      388D       0  CODE    
                text42                         007154  00003A  00718E      38AA       0  CODE    
                text15                         00718E  00003A  0071C8      38C7       0  CODE    
                text82                         0071C8  00003C  007204      38E4       0  CODE    
                text64                         007204  00003C  007240      3902       0  CODE    
                text135                        007240  00003E  00727E      3920       0  CODE    
                text76                         00727E  000040  0072BE      393F       0  CODE    
                text147                        0072BE  000042  007300      395F       0  CODE    
                text22                         007300  000042  007342      3980       0  CODE    
                text73                         007342  000044  007386      39A1       0  CODE    
                text6                          007386  000044  0073CA      39C3       0  CODE    
                text132                        0073CA  000046  007410      39E5       0  CODE    
                text118                        007410  000050  007460      3A08       0  CODE    
                text72                         007460  000050  0074B0      3A30       0  CODE    
                text80                         0074B0  000052  007502      3A58       0  CODE    
                text57                         007502  000052  007554      3A81       0  CODE    
                text116                        007554  000056  0075AA      3AAA       0  CODE    
                text37                         0075AA  000056  007600      3AD5       0  CODE    
                text138                        007600  00005C  00765C      3B00       0  CODE    
                text112                        00765C  00005C  0076B8      3B2E       0  CODE    
                text5                          0076B8  00005C  007714      3B5C       0  CODE    
                text61                         007714  00005E  007772      3B8A       0  CODE    
                text46                         007772  00005E  0077D0      3BB9       0  CODE    
                text122                        0077D0  000066  007836      3BE8       0  CODE    
                text92                         007836  00006A  0078A0      3C1B       0  CODE    
                text104                        0078A0  00006C  00790C      3C50       0  CODE    
                text58                         00790C  00006C  007978      3C86       0  CODE    
                text111                        007978  00006E  0079E6      3CBC       0  CODE    
                text44                         0079E6  00007A  007A60      3CF3       0  CODE    
                text124                        007A60  00007E  007ADE      3D30       0  CODE    
                text11                         007ADE  00007E  007B5C      3D6F       0  CODE    
                text107                        007B5C  000082  007BDE      3DAE       0  CODE    
                text52                         007BDE  000090  007C6E      3DEF       0  CODE    
                text33                         007C6E  000094  007D02      3E37       0  CODE    
                text115                        007D02  000096  007D98      3E81       0  CODE    
                text9                          007D98  000098  007E30      3ECC       0  CODE    
                text105                        007E30  00009A  007ECA      3F18       0  CODE    
                text14                         007ECA  0000A0  007F6A      3F65       0  CODE    
                text128                        007F6A  0000A4  00800E      3FB5       0  CODE    
                text10                         00800E  0000A8  0080B6      4007       0  CODE    
                text41                         0080B6  0000B2  008168      405B       0  CODE    
                text12                         008168  0000B4  00821C      40B4       0  CODE    
                text149                        00821C  0000C0  0082DC      410E       0  CODE    
                text71                         0082DC  0000C2  00839E      416E       0  CODE    
                text30                         00839E  0000C2  008460      41CF       0  CODE    
                text74                         008460  0000CA  00852A      4230       0  CODE    
                text66                         00852A  0000D0  0085FA      4295       0  CODE    
                cinit                          0085FA  0000D2  0086CC      42FD       0  CODE    
                text3                          0086CC  0000E4  0087B0      4366       0  CODE    
                text68                         0087B0  0000EA  00889A      43D8       0  CODE    
                text96                         00889A  0000F0  00898A      444D       0  CODE    
                text67                         00898A  0000F0  008A7A      44C5       0  CODE    
                text123                        008A7A  0000F2  008B6C      453D       0  CODE    
                text125                        008B6C  000108  008C74      45B6       0  CODE    
                text97                         008C74  000108  008D7C      463A       0  CODE    
                text7                          008D7C  000112  008E8E      46BE       0  CODE    
                text130                        008E8E  000114  008FA2      4747       0  CODE    
                text95                         008FA2  00011A  0090BC      47D1       0  CODE    
                text4                          0090BC  000122  0091DE      485E       0  CODE    
                text113                        0091DE  000136  009314      48EF       0  CODE    
                text51                         009314  00013E  009452      498A       0  CODE    
                text54                         009452  000154  0095A6      4A29       0  CODE    
                text77                         0095A6  000164  00970A      4AD3       0  CODE    
                text93                         00970A  000170  00987A      4B85       0  CODE    
                text110                        00987A  000174  0099EE      4C3D       0  CODE    
                text98                         0099EE  000176  009B64      4CF7       0  CODE    
                text78                         009B64  000188  009CEC      4DB2       0  CODE    
                text79                         009CEC  00019A  009E86      4E76       0  CODE    
                text69                         009E86  00019A  00A020      4F43       0  CODE    
                text106                        00A020  0001BE  00A1DE      5010       0  CODE    
                text88                         00A1DE  0001C6  00A3A4      50EF       0  CODE    
                text121                        00A3A4  0001F8  00A59C      51D2       0  CODE    
                text34                         00A59C  000204  00A7A0      52CE       0  CODE    
                text65                         00A7A0  000208  00A9A8      53D0       0  CODE    
                text126                        00A9A8  000218  00ABC0      54D4       0  CODE    
                text53                         00ABC0  00022A  00ADEA      55E0       0  CODE    
                text1                          00ADEA  000248  00B032      56F5       0  CODE    
                text119                        00B032  000284  00B2B6      5819       0  CODE    
                text99                         00B2B6  00028E  00B544      595B       0  CODE    
                text103                        00B544  0002DC  00B820      5AA2       0  CODE    
                text60                         00B820  0002DE  00BAFE      5C10       0  CODE    
                text70                         00BAFE  0002E4  00BDE2      5D7F       0  CODE    
                text87                         00BDE2  00052E  00C310      5EF1       0  CODE    
                text56                         00C310  000682  00C992      6188       0  CODE    
                text94                         00C992  0006FA  00D08C      64C9       0  CODE    
                text117                        00D08C  000776  00D802      6846       0  CODE    
                text59                         00D802  000938  00E13A      6C01       0  CODE    
                text89                         00E13A  001B2A  00FC64      709D       0  CODE    
                mediumconst                    00FC64  00039C  010000      7E32       0  MEDIUMCO


UNUSED ADDRESS RANGES

        Name                Unused          Largest block    Delta
        BANK1            0001FC-0001FF                4
        BANK10           000A00-000AFF              100
        BANK11           000B00-000BFF              100
        BANK12           000C00-000CFF              100
        BANK13           000D00-000DFF              100
        BANK14           000E00-000EFF              100
        BANK15           000F00-000F37               38
        BANK2            0002FD-0002FF                3
        BANK3            0003FB-0003FF                5
        BANK4            0004EB-0004FF               15
        BANK5            0005E8-0005FF               18
        BANK6            000660-0006FF               A0
        BANK7            0007FF-0007FF                1
        BANK8            000800-0008FF              100
        BANK9            000900-0009FF              100
        BIGRAM           000050-00005F               10
                         0001FC-0001FF                4
                         0002FD-0002FF                3
                         0003FB-0003FF                5
                         0004EB-0004FF               15
                         0005E8-0005FF               18
                         000660-0006FF               A0
                         0007FF-000F37              739
        CODE             00010A-0069AB             68A2
                         006AAA-006AAA                1
        COMRAM           000050-00005F               10
        CONST            00010A-0069AB             68A2
                         006AAA-006AAA                1
        EEDATA           F00000-F003FF              400
        MEDIUMCONST      001000-0069AB             59AC
                         006AAA-006AAA                1
        RAM              0001FC-0001FF                4
                         0002FD-0002FF                3
                         0003FB-0003FF                5
                         0004EB-0004FF               15
                         0005E8-0005FF               18
                         000660-0006FF               A0
                         0007FF-000F37              100
        SFR              000F38-000FFF               28
        SMALLCONST       001000-0069AB              100
                         006AAA-006AAA                1

                                  Symbol Table

_INTERRUPT_InterruptManager                     intcode      000000
_LED1_Toggle                                                       
_SPI2_Close                                     (abs)        000000
_SPI2_ExchangeBlock                             (abs)        000000
_SPI2_ReadBlock                                 (abs)        000000
_SPI2_ReadByte                                  (abs)        000000
_SPI2_WriteBlock                                (abs)        000000
_SPI2_WriteByte                                 (abs)        000000
__HRAM                                          (abs)        000000
__Habs1                                         abs1         000000
__Hbank0                                        bank0        000000
__Hbank1                                        bank1        000000
__Hbank10                                       bank10       000000
__Hbank11                                       bank11       000000
__Hbank12                                       bank12       000000
__Hbank13                                       bank13       000000
__Hbank14                                       bank14       000000
__Hbank15                                       bank15       000000
__Hbank2                                        bank2        000000
__Hbank3                                        bank3        000000
__Hbank4                                        bank4        000000
__Hbank5                                        bank5        000000
__Hbank6                                        bank6        000000
__Hbank7                                        bank7        000000
__Hbank8                                        bank8        000000
__Hbank9                                        bank9        000000
__Hbigbss                                       bigbss       000000
__Hbigdata                                      bigdata      000000
__Hbigram                                       bigram       000000
__Hbss                                          bss          000000
__HbssBANK1                                     bssBANK1     000000
__HbssBANK2                                     bssBANK2     000000
__HbssBANK3                                     bssBANK3     000000
__HbssBANK4                                     bssBANK4     000000
__HbssBANK5                                     bssBANK5     000000
__HbssBANK6                                     bssBANK6     000000
__HbssBANK7                                     bssBANK7     000000
__HbssCOMRAM                                    bssCOMRAM    000000
__Hcinit                                        cinit        000000
__Hclrtext                                      clrtext      000000
__Hcomram                                       comram       000000
__Hconst                                        const        000000
__HcstackBANK0                                  cstackBANK0  000000
__HcstackBANK1                                  cstackBANK1  000000
__HcstackBANK3                                  cstackBANK3  000000
__HcstackCOMRAM                                 cstackCOMRAM 000000
__Hdata                                         data         000000
__HdataBANK1                                    dataBANK1    000000
__HdataBANK2                                    dataBANK2    000000
__HdataBANK5                                    dataBANK5    000000
__Heeprom_data                                  eeprom_data  000000
__Hfarbss                                       farbss       000000
__Hfardata                                      fardata      000000
__Hibigdata                                     ibigdata     000000
__Hidata                                        idata        000000
__HidataBANK1                                   idataBANK1   000000
__HidataBANK2                                   idataBANK2   000000
__HidataBANK5                                   idataBANK5   000000
__Hifardata                                     ifardata     000000
__Hintcode_body                                 intcode_body 000000
__Hintentry                                     intentry     000000
__Hintret                                       intret       000000
__Hintsave_regs                                 intsave_regs 000000
__Hirdata                                       irdata       000000
__HnvFARRAM                                     nvFARRAM     000000
__Hnvbit                                        nvbit        000000
__Hnvrram                                       nvrram       000000
__Hparam                                        rparam       000000
__Hram                                          ram          000000
__Hrbit                                         rbit         000000
__Hrbss                                         rbss         000000
__Hrdata                                        rdata        000000
__Hreset_vec                                    reset_vec    000000
__Hrparam                                       rparam       000000
__Hsfr                                          sfr          000000
__Hsmallconst                                   smallconst   000000
__Hspace_2                                      (abs)        000000
__Hstack                                        stack        000000
__Hstruct                                       struct       000000
__Htext                                         text         000000
__Htext0                                        text0        000000
__Htext1                                        text1        000000
__Htext10                                       text10       000000
__Htext100                                      text100      000000
__Htext101                                      text101      000000
__Htext102                                      text102      000000
__Htext103                                      text103      000000
__Htext104                                      text104      000000
__Htext105                                      text105      000000
__Htext106                                      text106      000000
__Htext107                                      text107      000000
__Htext108                                      text108      000000
__Htext109                                      text109      000000
__Htext11                                       text11       000000
__Htext110                                      text110      000000
__Htext111                                      text111      000000
__Htext112                                      text112      000000
__Htext113                                      text113      000000
__Htext114                                      text114      000000
__Htext115                                      text115      000000
__Htext116                                      text116      000000
__Htext117                                      text117      000000
__Htext118                                      text118      000000
__Htext119                                      text119      000000
__Htext12                                       text12       000000
__Htext120                                      text120      000000
__Htext121                                      text121      000000
__Htext122                                      text122      000000
__Htext123                                      text123      000000
__Htext124                                      text124      000000
__Htext125                                      text125      000000
__Htext126                                      text126      000000
__Htext127                                      text127      000000
__Htext128                                      text128      000000
__Htext129                                      text129      000000
__Htext13                                       text13       000000
__Htext130                                      text130      000000
__Htext131                                      text131      000000
__Htext132                                      text132      000000
__Htext133                                      text133      000000
__Htext134                                      text134      000000
__Htext135                                      text135      000000
__Htext136                                      text136      000000
__Htext137                                      text137      000000
__Htext138                                      text138      000000
__Htext139                                      text139      000000
__Htext14                                       text14       000000
__Htext140                                      text140      000000
__Htext142                                      text142      000000
__Htext143                                      text143      000000
__Htext144                                      text144      000000
__Htext145                                      text145      000000
__Htext146                                      text146      000000
__Htext147                                      text147      000000
__Htext148                                      text148      000000
__Htext149                                      text149      000000
__Htext15                                       text15       000000
__Htext150                                      text150      000000
__Htext151                                      text151      000000
__Htext152                                      text152      000000
__Htext153                                      text153      000000
__Htext154                                      text154      000000
__Htext16                                       text16       000000
__Htext17                                       text17       000000
__Htext18                                       text18       000000
__Htext19                                       text19       000000
__Htext2                                        text2        000000
__Htext20                                       text20       000000
__Htext21                                       text21       000000
__Htext22                                       text22       000000
__Htext23                                       text23       000000
__Htext24                                       text24       000000
__Htext25                                       text25       000000
__Htext26                                       text26       000000
__Htext27                                       text27       000000
__Htext28                                       text28       000000
__Htext29                                       text29       000000
__Htext3                                        text3        000000
__Htext30                                       text30       000000
__Htext31                                       text31       000000
__Htext32                                       text32       000000
__Htext33                                       text33       000000
__Htext34                                       text34       000000
__Htext35                                       text35       000000
__Htext36                                       text36       000000
__Htext37                                       text37       000000
__Htext38                                       text38       000000
__Htext39                                       text39       000000
__Htext4                                        text4        000000
__Htext40                                       text40       000000
__Htext41                                       text41       000000
__Htext42                                       text42       000000
__Htext43                                       text43       000000
__Htext44                                       text44       000000
__Htext45                                       text45       000000
__Htext46                                       text46       000000
__Htext47                                       text47       000000
__Htext48                                       text48       000000
__Htext49                                       text49       000000
__Htext5                                        text5        000000
__Htext50                                       text50       000000
__Htext51                                       text51       000000
__Htext52                                       text52       000000
__Htext53                                       text53       000000
__Htext54                                       text54       000000
__Htext55                                       text55       000000
__Htext56                                       text56       000000
__Htext57                                       text57       000000
__Htext58                                       text58       000000
__Htext59                                       text59       000000
__Htext6                                        text6        000000
__Htext60                                       text60       000000
__Htext61                                       text61       000000
__Htext62                                       text62       000000
__Htext63                                       text63       000000
__Htext64                                       text64       000000
__Htext65                                       text65       000000
__Htext66                                       text66       000000
__Htext67                                       text67       000000
__Htext68                                       text68       000000
__Htext69                                       text69       000000
__Htext7                                        text7        000000
__Htext70                                       text70       000000
__Htext71                                       text71       000000
__Htext72                                       text72       000000
__Htext73                                       text73       000000
__Htext74                                       text74       000000
__Htext75                                       text75       000000
__Htext76                                       text76       000000
__Htext77                                       text77       000000
__Htext78                                       text78       000000
__Htext79                                       text79       000000
__Htext8                                        text8        000000
__Htext80                                       text80       000000
__Htext81                                       text81       000000
__Htext82                                       text82       000000
__Htext83                                       text83       000000
__Htext84                                       text84       000000
__Htext85                                       text85       000000
__Htext86                                       text86       000000
__Htext87                                       text87       000000
__Htext88                                       text88       000000
__Htext89                                       text89       000000
__Htext9                                        text9        000000
__Htext90                                       text90       000000
__Htext91                                       text91       000000
__Htext92                                       text92       000000
__Htext93                                       text93       000000
__Htext94                                       text94       000000
__Htext95                                       text95       000000
__Htext96                                       text96       000000
__Htext97                                       text97       000000
__Htext98                                       text98       000000
__Htext99                                       text99       000000
__Labs1                                         abs1         000000
__Lbank0                                        bank0        000000
__Lbank1                                        bank1        000000
__Lbank10                                       bank10       000000
__Lbank11                                       bank11       000000
__Lbank12                                       bank12       000000
__Lbank13                                       bank13       000000
__Lbank14                                       bank14       000000
__Lbank15                                       bank15       000000
__Lbank2                                        bank2        000000
__Lbank3                                        bank3        000000
__Lbank4                                        bank4        000000
__Lbank5                                        bank5        000000
__Lbank6                                        bank6        000000
__Lbank7                                        bank7        000000
__Lbank8                                        bank8        000000
__Lbank9                                        bank9        000000
__Lbigbss                                       bigbss       000000
__Lbigdata                                      bigdata      000000
__Lbigram                                       bigram       000000
__Lbss                                          bss          000000
__LbssBANK1                                     bssBANK1     000000
__LbssBANK2                                     bssBANK2     000000
__LbssBANK3                                     bssBANK3     000000
__LbssBANK4                                     bssBANK4     000000
__LbssBANK5                                     bssBANK5     000000
__LbssBANK6                                     bssBANK6     000000
__LbssBANK7                                     bssBANK7     000000
__LbssCOMRAM                                    bssCOMRAM    000000
__Lcinit                                        cinit        000000
__Lclrtext                                      clrtext      000000
__Lcomram                                       comram       000000
__Lconfig                                       config       000000
__Lconst                                        const        000000
__LcstackBANK0                                  cstackBANK0  000000
__LcstackBANK1                                  cstackBANK1  000000
__LcstackBANK3                                  cstackBANK3  000000
__LcstackCOMRAM                                 cstackCOMRAM 000000
__Ldata                                         data         000000
__LdataBANK1                                    dataBANK1    000000
__LdataBANK2                                    dataBANK2    000000
__LdataBANK5                                    dataBANK5    000000
__Leeprom_data                                  eeprom_data  000000
__Lfarbss                                       farbss       000000
__Lfardata                                      fardata      000000
__Libigdata                                     ibigdata     000000
__Lidata                                        idata        000000
__LidataBANK1                                   idataBANK1   000000
__LidataBANK2                                   idataBANK2   000000
__LidataBANK5                                   idataBANK5   000000
__Lidloc                                        idloc        000000
__Lifardata                                     ifardata     000000
__Lintcode                                      intcode      000000
__Lintcode_body                                 intcode_body 000000
__Lintentry                                     intentry     000000
__Lintret                                       intret       000000
__Lintsave_regs                                 intsave_regs 000000
__Lirdata                                       irdata       000000
__LnvFARRAM                                     nvFARRAM     000000
__Lnvbit                                        nvbit        000000
__Lnvrram                                       nvrram       000000
__Lparam                                        rparam       000000
__Lram                                          ram          000000
__Lrbit                                         rbit         000000
__Lrbss                                         rbss         000000
__Lrdata                                        rdata        000000
__Lreset_vec                                    reset_vec    000000
__Lrparam                                       rparam       000000
__Lsfr                                          sfr          000000
__Lsmallconst                                   smallconst   000000
__Lspace_0                                      (abs)        000000
__Lspace_1                                      (abs)        000000
__Lspace_2                                      (abs)        000000
__Lspace_4                                      (abs)        000000
__Lstack                                        stack        000000
__Lstruct                                       struct       000000
__Ltext                                         text         000000
__Ltext0                                        text0        000000
__Ltext1                                        text1        000000
__Ltext10                                       text10       000000
__Ltext100                                      text100      000000
__Ltext101                                      text101      000000
__Ltext102                                      text102      000000
__Ltext103                                      text103      000000
__Ltext104                                      text104      000000
__Ltext105                                      text105      000000
__Ltext106                                      text106      000000
__Ltext107                                      text107      000000
__Ltext108                                      text108      000000
__Ltext109                                      text109      000000
__Ltext11                                       text11       000000
__Ltext110                                      text110      000000
__Ltext111                                      text111      000000
__Ltext112                                      text112      000000
__Ltext113                                      text113      000000
__Ltext114                                      text114      000000
__Ltext115                                      text115      000000
__Ltext116                                      text116      000000
__Ltext117                                      text117      000000
__Ltext118                                      text118      000000
__Ltext119                                      text119      000000
__Ltext12                                       text12       000000
__Ltext120                                      text120      000000
__Ltext121                                      text121      000000
__Ltext122                                      text122      000000
__Ltext123                                      text123      000000
__Ltext124                                      text124      000000
__Ltext125                                      text125      000000
__Ltext126                                      text126      000000
__Ltext127                                      text127      000000
__Ltext128                                      text128      000000
__Ltext129                                      text129      000000
__Ltext13                                       text13       000000
__Ltext130                                      text130      000000
__Ltext131                                      text131      000000
__Ltext132                                      text132      000000
__Ltext133                                      text133      000000
__Ltext134                                      text134      000000
__Ltext135                                      text135      000000
__Ltext136                                      text136      000000
__Ltext137                                      text137      000000
__Ltext138                                      text138      000000
__Ltext139                                      text139      000000
__Ltext14                                       text14       000000
__Ltext140                                      text140      000000
__Ltext142                                      text142      000000
__Ltext143                                      text143      000000
__Ltext144                                      text144      000000
__Ltext145                                      text145      000000
__Ltext146                                      text146      000000
__Ltext147                                      text147      000000
__Ltext148                                      text148      000000
__Ltext149                                      text149      000000
__Ltext15                                       text15       000000
__Ltext150                                      text150      000000
__Ltext151                                      text151      000000
__Ltext152                                      text152      000000
__Ltext153                                      text153      000000
__Ltext154                                      text154      000000
__Ltext16                                       text16       000000
__Ltext17                                       text17       000000
__Ltext18                                       text18       000000
__Ltext19                                       text19       000000
__Ltext2                                        text2        000000
__Ltext20                                       text20       000000
__Ltext21                                       text21       000000
__Ltext22                                       text22       000000
__Ltext23                                       text23       000000
__Ltext24                                       text24       000000
__Ltext25                                       text25       000000
__Ltext26                                       text26       000000
__Ltext27                                       text27       000000
__Ltext28                                       text28       000000
__Ltext29                                       text29       000000
__Ltext3                                        text3        000000
__Ltext30                                       text30       000000
__Ltext31                                       text31       000000
__Ltext32                                       text32       000000
[...]
_ETH_NextPacketUpdate                           text115      007D02
__end_of_ipdb_init                              text33       007D02
__ptext115                                      text115      007D02
_TCP_Listen                                     text9        007D98
__end_of_ETH_NextPacketUpdate                   text115      007D98
__ptext9                                        text9        007D98
_IPV4_Send                                      text105      007E30
__end_of_TCP_Listen                             text9        007E30
__ptext105                                      text105      007E30
_PLLRDY                                         (abs)        007E97
_TCB_Check                                      text14       007ECA
__end_of_IPV4_Send                              text105      007ECA
__ptext14                                       text14       007ECA
_ETH_SendQueued                                 text128      007F6A
__end_of_TCB_Check                              text14       007F6A
__ptext128                                      text128      007F6A
_GIE                                            (abs)        007F97
_TCP_InsertRxBuffer                             text10       00800E
__end_of_ETH_SendQueued                         text128      00800E
__ptext10                                       text10       00800E
_SPI2_Open                                      text41       0080B6
__end_of_TCP_InsertRxBuffer                     text10       0080B6
__ptext41                                       text41       0080B6
_TCP_GetReceivedData                            text12       008168
__end_of_SPI2_Open                              text41       008168
__ptext12                                       text12       008168
_EUSART2_Receive_ISR                            text149      00821C
__end_of_TCP_GetReceivedData                    text12       00821C
__ptext149                                      text149      00821C
__end_of_EUSART2_Receive_ISR                    text149      0082DC
__ptext71                                       text71       0082DC
_pad                                            text71       0082DC
_LOG_Init                                       text30       00839E
__end_of_pad                                    text71       00839E
__ptext30                                       text30       00839E
__end_of_LOG_Init                               text30       008460
__ptext74                                       text74       008460
_fputc                                          text74       008460
___lomod                                        text66       00852A
__end_of_fputc                                  text74       00852A
__ptext66                                       text66       00852A
__end_of___lomod                                text66       0085FA
__initialization                                cinit        0085FA
__pcinit                                        cinit        0085FA
__end_of__initialization                        cinit        0086C2
_TCB_Remove                                     text3        0086CC
__ptext3                                        text3        0086CC
__end_of_TCB_Remove                             text3        0087B0
__ptext68                                       text68       0087B0
_strncmp                                        text68       0087B0
_IPV4_PseudoHeaderChecksum                      text96       00889A
__end_of_strncmp                                text68       00889A
__ptext96                                       text96       00889A
___lodiv                                        text67       00898A
__end_of_IPV4_PseudoHeaderChecksum              text96       00898A
__ptext67                                       text67       00898A
_ETH_Send                                       text123      008A7A
__end_of___lodiv                                text67       008A7A
__ptext123                                      text123      008A7A
_ETH_EventHandler                               text125      008B6C
__end_of_ETH_Send                               text123      008B6C
__ptext125                                      text125      008B6C
_ICMP_Receive                                   text97       008C74
__end_of_ETH_EventHandler                       text125      008C74
__ptext97                                       text97       008C74
_TCP_Send                                       text7        008D7C
__end_of_ICMP_Receive                           text97       008D7C
__ptext7                                        text7        008D7C
_ETH_RemovePacket                               text130      008E8E
__end_of_TCP_Send                               text7        008E8E
__ptext130                                      text130      008E8E
_TCB_Reset                                      text95       008FA2
__end_of_ETH_RemovePacket                       text130      008FA2
__ptext95                                       text95       008FA2
_TCP_SocketInit                                 text4        0090BC
__end_of_TCB_Reset                              text95       0090BC
__ptext4                                        text4        0090BC
_ETH_ComputeChecksum                            text113      0091DE
__end_of_TCP_SocketInit                         text4        0091DE
__ptext113                                      text113      0091DE
_Network_Manage                                 text51       009314
__end_of_ETH_ComputeChecksum                    text113      009314
__ptext51                                       text51       009314
_Network_Read                                   text54       009452
__end_of_Network_Manage                         text51       009452
__ptext54                                       text54       009452
___aomod                                        text77       0095A6
__end_of_Network_Read                           text54       0095A6
__ptext77                                       text77       0095A6
_TCP_PayloadSave                                text93       00970A
__end_of___aomod                                text77       00970A
__ptext93                                       text93       00970A
_ETH_Copy                                       text110      00987A
__end_of_TCP_PayloadSave                        text93       00987A
__ptext110                                      text110      00987A
_ICMP_EchoReply                                 text98       0099EE
__end_of_ETH_Copy                               text110      0099EE
__ptext98                                       text98       0099EE
___aodiv                                        text78       009B64
__end_of_ICMP_EchoReply                         text98       009B64
__ptext78                                       text78       009B64
__end_of___aodiv                                text78       009CEC
__ptext79                                       text79       009CEC
_atoi                                           text79       009CEC
__end_of_atoi                                   text79       009E86
__ptext69                                       text69       009E86
_stoa                                           text69       009E86
_ETH_TxComputeChecksum                          text106      00A020
__end_of_stoa                                   text69       00A020
__ptext106                                      text106      00A020
_TCP_ParseTCPOptions                            text88       00A1DE
__end_of_ETH_TxComputeChecksum                  text106      00A1DE
__ptext88                                       text88       00A1DE
_ETH_NewPacket                                  text121      00A3A4
__end_of_TCP_ParseTCPOptions                    text88       00A3A4
__ptext121                                      text121      00A3A4
_ETH_Init                                       text34       00A59C
__end_of_ETH_NewPacket                          text121      00A59C
__ptext34                                       text34       00A59C
__end_of_ETH_Init                               text34       00A7A0
__ptext65                                       text65       00A7A0
_utoa                                           text65       00A7A0
_ETH_Shift_Tx_Packets                           text126      00A9A8
__end_of_utoa                                   text65       00A9A8
__ptext126                                      text126      00A9A8
_TCP_Update                                     text53       00ABC0
__end_of_ETH_Shift_Tx_Packets                   text126      00ABC0
__ptext53                                       text53       00ABC0
_TCP_Blinky                                     text1        00ADEA
__end_of_TCP_Update                             text53       00ADEA
__ptext1                                        text1        00ADEA
_ETH_WriteStart                                 text119      00B032
__end_of_TCP_Blinky                             text1        00B032
__ptext119                                      text119      00B032
_IPv4_Start                                     text99       00B2B6
__end_of_ETH_WriteStart                         text119      00B2B6
__ptext99                                       text99       00B2B6
_ARPV4_Request                                  text103      00B544
__end_of_IPv4_Start                             text99       00B544
__ptext103                                      text103      00B544
__end_of_ARPV4_Request                          text103      00B820
__ptext60                                       text60       00B820
_xtoa                                           text60       00B820
__end_of_xtoa                                   text60       00BAFE
__ptext70                                       text70       00BAFE
_dtoa                                           text70       00BAFE
_TCP_Recv                                       text87       00BDE2
__end_of_dtoa                                   text70       00BDE2
__ptext87                                       text87       00BDE2
_IPV4_Packet                                    text56       00C310
__end_of_TCP_Recv                               text87       00C310
__ptext56                                       text56       00C310
_TCP_Snd                                        text94       00C992
__end_of_IPV4_Packet                            text56       00C992
__ptext94                                       text94       00C992
_ARPV4_Packet                                   text117      00D08C
__end_of_TCP_Snd                                text94       00D08C
__ptext117                                      text117      00D08C
__end_of_ARPV4_Packet                           text117      00D802
__ptext59                                       text59       00D802
_vfpfcnvrt                                      text59       00D802
_TCP_FiniteStateMachine                         text89       00E13A
__end_of_vfpfcnvrt                              text59       00E13A
__ptext89                                       text89       00E13A
__Lmediumconst                                  mediumconst  00FC64
__end_of_TCP_FiniteStateMachine                 text89       00FC64
__mediumconst                                   mediumconst  00FC64
__pmediumconst                                  mediumconst  00FC64
__end_of___month_to_secs@secs_through_month     mediumconst  00FC95
_severityThresholdTable                         mediumconst  00FC95
__end_of_severityThresholdTable                 mediumconst  00FCC5
_spiMaster                                      mediumconst  00FCC5
__end_of_spiMaster                              mediumconst  00FCD9
_xorSequences                                   mediumconst  00FCD9
___secs_to_tm@days_in_month                     mediumconst  00FCEB
__end_of_xorSequences                           mediumconst  00FCEB
__end_of___secs_to_tm@days_in_month             mediumconst  00FCF7
_spi2_configuration                             mediumconst  00FCF7
__end_of_spi2_configuration                     mediumconst  00FCFF
_broadcastMAC                                   mediumconst  00FCFF
___gmt                                          mediumconst  00FD05
__end_of_broadcastMAC                           mediumconst  00FD05
__end_of___gmt                                  mediumconst  00FD09
__Hmediumconst                                  mediumconst  010000
__Hspace_0                                      (abs)        010000
__S0                                            (abs)        010000
__Hidloc                                        idloc        200008
__Hconfig                                       config       30000E
__Hspace_4                                      (abs)        60000E
dtoa@fp                                         cstackCOMRAM 00002C
dtoa@d                                          cstackCOMRAM 00002E
intlevel0                                       text         000000
intlevel1                                       text         000000
intlevel2                                       text         000000
intlevel3                                       text         000000
isa$xinst                                       (abs)        000000
isa$std                                         (abs)        000001
fputc@c                                         cstackCOMRAM 000011
ipdb_init@x                                     cstackCOMRAM 000011
isPortUnreachable@port                          cstackCOMRAM 000011
isalpha@c                                       cstackCOMRAM 000011
isdigit@c                                       cstackCOMRAM 000011
islower@c                                       cstackCOMRAM 000011
isspace@c                                       cstackCOMRAM 000011
isupper@c                                       cstackCOMRAM 000011
fputc@fp                                        cstackCOMRAM 000013
fputs@s                                         cstackCOMRAM 00001A
getHeaderLen@rxptr                              cstackCOMRAM 00001B
fputs@fp                                        cstackCOMRAM 00001C
getHeaderLen@header_len                         cstackCOMRAM 00001D
fputs@c                                         cstackCOMRAM 00001E
fputs@i                                         cstackCOMRAM 00001F
memcpy@d1                                       cstackCOMRAM 000011
memcpy@s1                                       cstackCOMRAM 000013
memcpy@n                                        cstackCOMRAM 000015
memcpy@tmp                                      cstackCOMRAM 000017
memcpy@d                                        cstackCOMRAM 000018
memcpy@s                                        cstackCOMRAM 00001A
pad@fp                                          cstackCOMRAM 000021
pad@buf                                         cstackCOMRAM 000023
pad@p                                           cstackCOMRAM 000025
pad@i                                           cstackCOMRAM 000028
pad@w                                           cstackCOMRAM 00002A
stackhi                                         (abs)        000000
stacklo                                         (abs)        000000
strlen@s                                        cstackCOMRAM 000011
strncmp@_l                                      cstackCOMRAM 000011
strlen@a                                        cstackCOMRAM 000013
strncmp@_r                                      cstackCOMRAM 000013
spi_master_open@config                          cstackCOMRAM 000015
strncmp@n                                       cstackCOMRAM 000015
strncmp@l                                       cstackCOMRAM 000018
stoa@fp                                         cstackCOMRAM 00001A
strncmp@r                                       cstackCOMRAM 00001A
stoa@s                                          cstackCOMRAM 00001C
stoa@nuls                                       cstackCOMRAM 00001F
stoa@i                                          cstackCOMRAM 000026
stoa@w                                          cstackCOMRAM 000028
stoa@cp                                         cstackCOMRAM 00002A
stoa@p                                          cstackCOMRAM 00002C
stoa@l                                          cstackCOMRAM 00002E
time@t                                          cstackCOMRAM 000011
toupper@c                                       cstackCOMRAM 000017
time@gie_val                                    cstackCOMRAM 000019
time@the_time                                   cstackCOMRAM 00001A
utoa@fp                                         cstackCOMRAM 00002C
xtoa@fp                                         cstackCOMRAM 00002C
utoa@d                                          cstackCOMRAM 00002E
xtoa@d                                          cstackCOMRAM 00002E
xtoa@x                                          cstackCOMRAM 000036
int$flags                                       temp         00004F
ttemp5                                          temp         000050
wtemp8                                          temp         000050
ttemp6                                          temp         000053
ttemp7                                          temp         000057
utoa@p                                          cstackBANK0  000060
dtoa@p                                          cstackBANK0  000062
utoa@w                                          cstackBANK0  000062
dtoa@w                                          cstackBANK0  000064
utoa@n                                          cstackBANK0  000064
xtoa@p                                          cstackBANK0  000064
dtoa@s                                          cstackBANK0  000066
xtoa@w                                          cstackBANK0  000066
dtoa@n                                          cstackBANK0  000068
xtoa@n                                          cstackBANK0  000068
utoa@i                                          cstackBANK0  00006C
dtoa@i                                          cstackBANK0  000070
xtoa@i                                          cstackBANK0  000070
xtoa@c                                          cstackBANK0  000072
vfpfcnvrt@fp                                    cstackBANK0  000074
vfpfcnvrt@fmt                                   cstackBANK0  000076
vfpfcnvrt@ap                                    cstackBANK0  000078
vfpfcnvrt@cp                                    cstackBANK0  000088
vfpfcnvrt@done                                  cstackBANK0  00008A
vfpfcnvrt@ll                                    cstackBANK0  000090
vfpfcnvrt@c                                     cstackBANK0  000098
vfpfcnvrt@llu                                   cstackBANK0  000099
vfprintf@fp                                     cstackBANK0  0000A1
vfprintf@fmt                                    cstackBANK0  0000A3
vfprintf@ap                                     cstackBANK0  0000A5
vfprintf@cfmt                                   cstackBANK0  0000A7
printf@fmt                                      cstackBANK0  0000A9
sprintf@s                                       cstackBANK0  0000A9
sprintf@fmt                                     cstackBANK0  0000AB
sprintf@ap                                      cstackBANK0  0000B5
sprintf@f                                       cstackBANK0  0000B7
printf@ap                                       cstackBANK0  0000CD
start                                           init         000106
strtok@p                                        bssBANK2     000268
stoa@F1141                                      dataBANK2    0002EA
makeIpv4AddresstoStr@ip_str                     bssBANK3     0003D0
gmtime@tm                                       bssBANK4     0004D3
start_initialization                            cinit        0085FA
end_of_initialization                           cinit        0086C2
